Archive member included to satisfy reference by file (symbol)

/Applications/STM32CubeIDE.app/Contents/Eclipse/plugins/com.st.stm32cube.ide.mcu.externaltools.gnu-tools-for-stm32.11.3.rel1.macos64_1.1.0.202305231506/tools/bin/../lib/gcc/arm-none-eabi/11.3.1/../../../../arm-none-eabi/lib/thumb/v7e-m+fp/hard/libc_nano.a(libc_a-exit.o)
                              /Applications/STM32CubeIDE.app/Contents/Eclipse/plugins/com.st.stm32cube.ide.mcu.externaltools.gnu-tools-for-stm32.11.3.rel1.macos64_1.1.0.202305231506/tools/bin/../lib/gcc/arm-none-eabi/11.3.1/../../../../arm-none-eabi/lib/thumb/v7e-m+fp/hard/crt0.o (exit)
/Applications/STM32CubeIDE.app/Contents/Eclipse/plugins/com.st.stm32cube.ide.mcu.externaltools.gnu-tools-for-stm32.11.3.rel1.macos64_1.1.0.202305231506/tools/bin/../lib/gcc/arm-none-eabi/11.3.1/../../../../arm-none-eabi/lib/thumb/v7e-m+fp/hard/libc_nano.a(libc_a-nano-vfprintf_float.o)
                              (_printf_float)
/Applications/STM32CubeIDE.app/Contents/Eclipse/plugins/com.st.stm32cube.ide.mcu.externaltools.gnu-tools-for-stm32.11.3.rel1.macos64_1.1.0.202305231506/tools/bin/../lib/gcc/arm-none-eabi/11.3.1/../../../../arm-none-eabi/lib/thumb/v7e-m+fp/hard/libc_nano.a(libc_a-nano-vfprintf_i.o)
                              /Applications/STM32CubeIDE.app/Contents/Eclipse/plugins/com.st.stm32cube.ide.mcu.externaltools.gnu-tools-for-stm32.11.3.rel1.macos64_1.1.0.202305231506/tools/bin/../lib/gcc/arm-none-eabi/11.3.1/../../../../arm-none-eabi/lib/thumb/v7e-m+fp/hard/libc_nano.a(libc_a-nano-vfprintf_float.o) (_printf_common)
/Applications/STM32CubeIDE.app/Contents/Eclipse/plugins/com.st.stm32cube.ide.mcu.externaltools.gnu-tools-for-stm32.11.3.rel1.macos64_1.1.0.202305231506/tools/bin/../lib/gcc/arm-none-eabi/11.3.1/../../../../arm-none-eabi/lib/thumb/v7e-m+fp/hard/libc_nano.a(libc_a-sprintf.o)
                              ./Core/Src/main.o (sprintf)
/Applications/STM32CubeIDE.app/Contents/Eclipse/plugins/com.st.stm32cube.ide.mcu.externaltools.gnu-tools-for-stm32.11.3.rel1.macos64_1.1.0.202305231506/tools/bin/../lib/gcc/arm-none-eabi/11.3.1/../../../../arm-none-eabi/lib/thumb/v7e-m+fp/hard/libc_nano.a(libc_a-findfp.o)
                              /Applications/STM32CubeIDE.app/Contents/Eclipse/plugins/com.st.stm32cube.ide.mcu.externaltools.gnu-tools-for-stm32.11.3.rel1.macos64_1.1.0.202305231506/tools/bin/../lib/gcc/arm-none-eabi/11.3.1/../../../../arm-none-eabi/lib/thumb/v7e-m+fp/hard/libc_nano.a(libc_a-exit.o) (__stdio_exit_handler)
/Applications/STM32CubeIDE.app/Contents/Eclipse/plugins/com.st.stm32cube.ide.mcu.externaltools.gnu-tools-for-stm32.11.3.rel1.macos64_1.1.0.202305231506/tools/bin/../lib/gcc/arm-none-eabi/11.3.1/../../../../arm-none-eabi/lib/thumb/v7e-m+fp/hard/libc_nano.a(libc_a-fwalk.o)
                              /Applications/STM32CubeIDE.app/Contents/Eclipse/plugins/com.st.stm32cube.ide.mcu.externaltools.gnu-tools-for-stm32.11.3.rel1.macos64_1.1.0.202305231506/tools/bin/../lib/gcc/arm-none-eabi/11.3.1/../../../../arm-none-eabi/lib/thumb/v7e-m+fp/hard/libc_nano.a(libc_a-findfp.o) (_fwalk_sglue)
/Applications/STM32CubeIDE.app/Contents/Eclipse/plugins/com.st.stm32cube.ide.mcu.externaltools.gnu-tools-for-stm32.11.3.rel1.macos64_1.1.0.202305231506/tools/bin/../lib/gcc/arm-none-eabi/11.3.1/../../../../arm-none-eabi/lib/thumb/v7e-m+fp/hard/libc_nano.a(libc_a-memset.o)
                              /Applications/STM32CubeIDE.app/Contents/Eclipse/plugins/com.st.stm32cube.ide.mcu.externaltools.gnu-tools-for-stm32.11.3.rel1.macos64_1.1.0.202305231506/tools/bin/../lib/gcc/arm-none-eabi/11.3.1/../../../../arm-none-eabi/lib/thumb/v7e-m+fp/hard/crt0.o (memset)
/Applications/STM32CubeIDE.app/Contents/Eclipse/plugins/com.st.stm32cube.ide.mcu.externaltools.gnu-tools-for-stm32.11.3.rel1.macos64_1.1.0.202305231506/tools/bin/../lib/gcc/arm-none-eabi/11.3.1/../../../../arm-none-eabi/lib/thumb/v7e-m+fp/hard/libc_nano.a(libc_a-localeconv.o)
                              /Applications/STM32CubeIDE.app/Contents/Eclipse/plugins/com.st.stm32cube.ide.mcu.externaltools.gnu-tools-for-stm32.11.3.rel1.macos64_1.1.0.202305231506/tools/bin/../lib/gcc/arm-none-eabi/11.3.1/../../../../arm-none-eabi/lib/thumb/v7e-m+fp/hard/libc_nano.a(libc_a-nano-vfprintf_float.o) (_localeconv_r)
/Applications/STM32CubeIDE.app/Contents/Eclipse/plugins/com.st.stm32cube.ide.mcu.externaltools.gnu-tools-for-stm32.11.3.rel1.macos64_1.1.0.202305231506/tools/bin/../lib/gcc/arm-none-eabi/11.3.1/../../../../arm-none-eabi/lib/thumb/v7e-m+fp/hard/libc_nano.a(libc_a-impure.o)
                              /Applications/STM32CubeIDE.app/Contents/Eclipse/plugins/com.st.stm32cube.ide.mcu.externaltools.gnu-tools-for-stm32.11.3.rel1.macos64_1.1.0.202305231506/tools/bin/../lib/gcc/arm-none-eabi/11.3.1/../../../../arm-none-eabi/lib/thumb/v7e-m+fp/hard/libc_nano.a(libc_a-sprintf.o) (_impure_ptr)
[...]
Memory Configuration

Name             Origin             Length             Attributes
RAM              0x0000000020000000 0x00000000000a0000 xrw
RAM2             0x0000000010000000 0x0000000000010000 xrw
RAM3             0x0000000020040000 0x0000000000060000 xrw
FLASH            0x0000000008000000 0x0000000000200000 xr
*default*        0x0000000000000000 0xffffffffffffffff

Linker script and memory map

LOAD /Applications/STM32CubeIDE.app/Contents/Eclipse/plugins/com.st.stm32cube.ide.mcu.externaltools.gnu-tools-for-stm32.11.3.rel1.macos64_1.1.0.202305231506/tools/bin/../lib/gcc/arm-none-eabi/11.3.1/thumb/v7e-m+fp/hard/crti.o
LOAD /Applications/STM32CubeIDE.app/Contents/Eclipse/plugins/com.st.stm32cube.ide.mcu.externaltools.gnu-tools-for-stm32.11.3.rel1.macos64_1.1.0.202305231506/tools/bin/../lib/gcc/arm-none-eabi/11.3.1/thumb/v7e-m+fp/hard/crtbegin.o
LOAD /Applications/STM32CubeIDE.app/Contents/Eclipse/plugins/com.st.stm32cube.ide.mcu.externaltools.gnu-tools-for-stm32.11.3.rel1.macos64_1.1.0.202305231506/tools/bin/../lib/gcc/arm-none-eabi/11.3.1/../../../../arm-none-eabi/lib/thumb/v7e-m+fp/hard/crt0.o
LOAD ./Core/Src/freertos.o
LOAD ./Core/Src/main.o
LOAD ./Core/Src/stm32l4xx_hal_msp.o
LOAD ./Core/Src/stm32l4xx_hal_timebase_tim.o
LOAD ./Core/Src/stm32l4xx_it.o
LOAD ./Core/Src/syscalls.o
LOAD ./Core/Src/sysmem.o
LOAD ./Core/Src/system_stm32l4xx.o
LOAD ./Core/Startup/startup_stm32l4s5vitx.o
LOAD ./Drivers/B-L4S5I-IOT01/stm32l4s5i_iot01.o
LOAD ./Drivers/B-L4S5I-IOT01/stm32l4s5i_iot01_accelero.o
LOAD ./Drivers/B-L4S5I-IOT01/stm32l4s5i_iot01_gyro.o
LOAD ./Drivers/B-L4S5I-IOT01/stm32l4s5i_iot01_hsensor.o
LOAD ./Drivers/B-L4S5I-IOT01/stm32l4s5i_iot01_magneto.o
LOAD ./Drivers/B-L4S5I-IOT01/stm32l4s5i_iot01_psensor.o
LOAD ./Drivers/B-L4S5I-IOT01/stm32l4s5i_iot01_qspi.o
LOAD ./Drivers/B-L4S5I-IOT01/stm32l4s5i_iot01_tsensor.o
LOAD ./Drivers/Components/cs42l51/cs42l51.o
LOAD ./Drivers/Components/cs43l22/cs43l22.o
LOAD ./Drivers/Components/cy8c4014lqi/cy8c4014lqi.o
LOAD ./Drivers/Components/ft3x67/ft3x67.o
LOAD ./Drivers/Components/ft5336/ft5336.o
LOAD ./Drivers/Components/ft6x06/ft6x06.o
LOAD ./Drivers/Components/hts221/hts221.o
LOAD ./Drivers/Components/hx8347g/hx8347g.o
LOAD ./Drivers/Components/hx8347i/hx8347i.o
LOAD ./Drivers/Components/l3gd20/l3gd20.o
LOAD ./Drivers/Components/lis3mdl/lis3mdl.o
LOAD ./Drivers/Components/lps22hb/lps22hb.o
LOAD ./Drivers/Components/ls016b8uy/ls016b8uy.o
LOAD ./Drivers/Components/lsm303c/lsm303c.o
LOAD ./Drivers/Components/lsm303dlhc/lsm303dlhc.o
LOAD ./Drivers/Components/lsm6dsl/lsm6dsl.o
LOAD ./Drivers/Components/m24sr/m24sr.o
LOAD ./Drivers/Components/mfxstm32l152/mfxstm32l152.o
LOAD ./Drivers/Components/ov9655/ov9655.o
LOAD ./Drivers/Components/st25dv/st25dv.o
LOAD ./Drivers/Components/st25dv/st25dv_reg.o
LOAD ./Drivers/Components/st7735/st7735.o
LOAD ./Drivers/Components/st7789h2/st7789h2.o
LOAD ./Drivers/Components/stmpe1600/stmpe1600.o
LOAD ./Drivers/Components/stmpe811/stmpe811.o
LOAD ./Drivers/Components/wm8994/wm8994.o
LOAD ./Drivers/STM32L4xx_HAL_Driver/Src/stm32l4xx_hal.o
LOAD ./Drivers/STM32L4xx_HAL_Driver/Src/stm32l4xx_hal_cortex.o
LOAD ./Drivers/STM32L4xx_HAL_Driver/Src/stm32l4xx_hal_dma.o
LOAD ./Drivers/STM32L4xx_HAL_Driver/Src/stm32l4xx_hal_dma_ex.o
LOAD ./Drivers/STM32L4xx_HAL_Driver/Src/stm32l4xx_hal_exti.o
LOAD ./Drivers/STM32L4xx_HAL_Driver/Src/stm32l4xx_hal_flash.o
LOAD ./Drivers/STM32L4xx_HAL_Driver/Src/stm32l4xx_hal_flash_ex.o
LOAD ./Drivers/STM32L4xx_HAL_Driver/Src/stm32l4xx_hal_flash_ramfunc.o
LOAD ./Drivers/STM32L4xx_HAL_Driver/Src/stm32l4xx_hal_gpio.o
LOAD ./Drivers/STM32L4xx_HAL_Driver/Src/stm32l4xx_hal_i2c.o
LOAD ./Drivers/STM32L4xx_HAL_Driver/Src/stm32l4xx_hal_i2c_ex.o
LOAD ./Drivers/STM32L4xx_HAL_Driver/Src/stm32l4xx_hal_ospi.o
LOAD ./Drivers/STM32L4xx_HAL_Driver/Src/stm32l4xx_hal_pwr.o
LOAD ./Drivers/STM32L4xx_HAL_Driver/Src/stm32l4xx_hal_pwr_ex.o
LOAD ./Drivers/STM32L4xx_HAL_Driver/Src/stm32l4xx_hal_rcc.o
LOAD ./Drivers/STM32L4xx_HAL_Driver/Src/stm32l4xx_hal_rcc_ex.o
LOAD ./Drivers/STM32L4xx_HAL_Driver/Src/stm32l4xx_hal_tim.o
LOAD ./Drivers/STM32L4xx_HAL_Driver/Src/stm32l4xx_hal_tim_ex.o
LOAD ./Drivers/STM32L4xx_HAL_Driver/Src/stm32l4xx_hal_uart.o
LOAD ./Drivers/STM32L4xx_HAL_Driver/Src/stm32l4xx_hal_uart_ex.o
LOAD ./Middlewares/Third_Party/FreeRTOS/Source/CMSIS_RTOS/cmsis_os.o
LOAD ./Middlewares/Third_Party/FreeRTOS/Source/croutine.o
LOAD ./Middlewares/Third_Party/FreeRTOS/Source/event_groups.o
LOAD ./Middlewares/Third_Party/FreeRTOS/Source/list.o
LOAD ./Middlewares/Third_Party/FreeRTOS/Source/queue.o
LOAD ./Middlewares/Third_Party/FreeRTOS/Source/stream_buffer.o
LOAD ./Middlewares/Third_Party/FreeRTOS/Source/tasks.o
LOAD ./Middlewares/Third_Party/FreeRTOS/Source/timers.o
LOAD ./Middlewares/Third_Party/FreeRTOS/Source/portable/GCC/ARM_CM4F/port.o
LOAD ./Middlewares/Third_Party/FreeRTOS/Source/portable/MemMang/heap_4.o
START GROUP
END GROUP
START GROUP
LOAD /Applications/STM32CubeIDE.app/Contents/Eclipse/plugins/com.st.stm32cube.ide.mcu.externaltools.gnu-tools-for-stm32.11.3.rel1.macos64_1.1.0.202305231506/tools/bin/../lib/gcc/arm-none-eabi/11.3.1/../../../../arm-none-eabi/lib/thumb/v7e-m+fp/hard/libc_nano.a
LOAD /Applications/STM32CubeIDE.app/Contents/Eclipse/plugins/com.st.stm32cube.ide.mcu.externaltools.gnu-tools-for-stm32.11.3.rel1.macos64_1.1.0.202305231506/tools/bin/../lib/gcc/arm-none-eabi/11.3.1/../../../../arm-none-eabi/lib/thumb/v7e-m+fp/hard/libm.a
END GROUP
START GROUP
LOAD /Applications/STM32CubeIDE.app/Contents/Eclipse/plugins/com.st.stm32cube.ide.mcu.externaltools.gnu-tools-for-stm32.11.3.rel1.macos64_1.1.0.202305231506/tools/bin/../lib/gcc/arm-none-eabi/11.3.1/thumb/v7e-m+fp/hard/libgcc.a
LOAD /Applications/STM32CubeIDE.app/Contents/Eclipse/plugins/com.st.stm32cube.ide.mcu.externaltools.gnu-tools-for-stm32.11.3.rel1.macos64_1.1.0.202305231506/tools/bin/../lib/gcc/arm-none-eabi/11.3.1/../../../../arm-none-eabi/lib/thumb/v7e-m+fp/hard/libc_nano.a
END GROUP
START GROUP
LOAD /Applications/STM32CubeIDE.app/Contents/Eclipse/plugins/com.st.stm32cube.ide.mcu.externaltools.gnu-tools-for-stm32.11.3.rel1.macos64_1.1.0.202305231506/tools/bin/../lib/gcc/arm-none-eabi/11.3.1/thumb/v7e-m+fp/hard/libgcc.a
LOAD /Applications/STM32CubeIDE.app/Contents/Eclipse/plugins/com.st.stm32cube.ide.mcu.externaltools.gnu-tools-for-stm32.11.3.rel1.macos64_1.1.0.202305231506/tools/bin/../lib/gcc/arm-none-eabi/11.3.1/../../../../arm-none-eabi/lib/thumb/v7e-m+fp/hard/libc_nano.a
LOAD /Applications/STM32CubeIDE.app/Contents/Eclipse/plugins/com.st.stm32cube.ide.mcu.externaltools.gnu-tools-for-stm32.11.3.rel1.macos64_1.1.0.202305231506/tools/bin/../lib/gcc/arm-none-eabi/11.3.1/../../../../arm-none-eabi/lib/thumb/v7e-m+fp/hard/libnosys.a
END GROUP
START GROUP
LOAD /Applications/STM32CubeIDE.app/Contents/Eclipse/plugins/com.st.stm32cube.ide.mcu.externaltools.gnu-tools-for-stm32.11.3.rel1.macos64_1.1.0.202305231506/tools/bin/../lib/gcc/arm-none-eabi/11.3.1/thumb/v7e-m+fp/hard/libgcc.a
LOAD /Applications/STM32CubeIDE.app/Contents/Eclipse/plugins/com.st.stm32cube.ide.mcu.externaltools.gnu-tools-for-stm32.11.3.rel1.macos64_1.1.0.202305231506/tools/bin/../lib/gcc/arm-none-eabi/11.3.1/../../../../arm-none-eabi/lib/thumb/v7e-m+fp/hard/libc_nano.a
LOAD /Applications/STM32CubeIDE.app/Contents/Eclipse/plugins/com.st.stm32cube.ide.mcu.externaltools.gnu-tools-for-stm32.11.3.rel1.macos64_1.1.0.202305231506/tools/bin/../lib/gcc/arm-none-eabi/11.3.1/../../../../arm-none-eabi/lib/thumb/v7e-m+fp/hard/libnosys.a
END GROUP
LOAD /Applications/STM32CubeIDE.app/Contents/Eclipse/plugins/com.st.stm32cube.ide.mcu.externaltools.gnu-tools-for-stm32.11.3.rel1.macos64_1.1.0.202305231506/tools/bin/../lib/gcc/arm-none-eabi/11.3.1/thumb/v7e-m+fp/hard/crtend.o
LOAD /Applications/STM32CubeIDE.app/Contents/Eclipse/plugins/com.st.stm32cube.ide.mcu.externaltools.gnu-tools-for-stm32.11.3.rel1.macos64_1.1.0.202305231506/tools/bin/../lib/gcc/arm-none-eabi/11.3.1/thumb/v7e-m+fp/hard/crtn.o
                0x00000000200a0000                _estack = (ORIGIN (RAM) + LENGTH (RAM))
                0x0000000000000200                _Min_Heap_Size = 0x200
                0x0000000000000400                _Min_Stack_Size = 0x400

.isr_vector     0x0000000008000000      0x1bc
                0x0000000008000000                . = ALIGN (0x4)
 *(.isr_vector)
 .isr_vector    0x0000000008000000      0x1bc ./Core/Startup/startup_stm32l4s5vitx.o
                0x0000000008000000                g_pfnVectors
                0x00000000080001bc                . = ALIGN (0x4)

.text           0x00000000080001c0     0xf198
                0x00000000080001c0                . = ALIGN (0x4)
 *(.text)
 .text          0x00000000080001c0       0x40 /Applications/STM32CubeIDE.app/Contents/Eclipse/plugins/com.st.stm32cube.ide.mcu.externaltools.gnu-tools-for-stm32.11.3.rel1.macos64_1.1.0.202305231506/tools/bin/../lib/gcc/arm-none-eabi/11.3.1/thumb/v7e-m+fp/hard/crtbegin.o
 .text          0x0000000008000200       0xa0 /Applications/STM32CubeIDE.app/Contents/Eclipse/plugins/com.st.stm32cube.ide.mcu.externaltools.gnu-tools-for-stm32.11.3.rel1.macos64_1.1.0.202305231506/tools/bin/../lib/gcc/arm-none-eabi/11.3.1/../../../../arm-none-eabi/lib/thumb/v7e-m+fp/hard/libc_nano.a(libc_a-memchr.o)
                0x0000000008000200                memchr
 .text          0x00000000080002a0       0x10 /Applications/STM32CubeIDE.app/Contents/Eclipse/plugins/com.st.stm32cube.ide.mcu.externaltools.gnu-tools-for-stm32.11.3.rel1.macos64_1.1.0.202305231506/tools/bin/../lib/gcc/arm-none-eabi/11.3.1/../../../../arm-none-eabi/lib/thumb/v7e-m+fp/hard/libc_nano.a(libc_a-strlen.o)
                0x00000000080002a0                strlen
 .text          0x00000000080002b0      0x378 /Applications/STM32CubeIDE.app/Contents/Eclipse/plugins/com.st.stm32cube.ide.mcu.externaltools.gnu-tools-for-stm32.11.3.rel1.macos64_1.1.0.202305231506/tools/bin/../lib/gcc/arm-none-eabi/11.3.1/thumb/v7e-m+fp/hard/libgcc.a(_arm_addsubdf3.o)
                0x00000000080002b0                __aeabi_drsub
                0x00000000080002b8                __subdf3
                0x00000000080002b8                __aeabi_dsub
                0x00000000080002bc                __aeabi_dadd
                0x00000000080002bc                __adddf3
                0x0000000008000534                __aeabi_ui2d
                0x0000000008000534                __floatunsidf
                0x0000000008000554                __floatsidf
                0x0000000008000554                __aeabi_i2d
                0x0000000008000578                __extendsfdf2
                0x0000000008000578                __aeabi_f2d
                0x00000000080005bc                __aeabi_ul2d
                0x00000000080005bc                __floatundidf
                0x00000000080005cc                __aeabi_l2d
                0x00000000080005cc                __floatdidf
 .text          0x0000000008000628      0x424 /Applications/STM32CubeIDE.app/Contents/Eclipse/plugins/com.st.stm32cube.ide.mcu.externaltools.gnu-tools-for-stm32.11.3.rel1.macos64_1.1.0.202305231506/tools/bin/../lib/gcc/arm-none-eabi/11.3.1/thumb/v7e-m+fp/hard/libgcc.a(_arm_muldivdf3.o)
                0x0000000008000628                __aeabi_dmul
                0x0000000008000628                __muldf3
                0x000000000800087c                __aeabi_ddiv
                0x000000000800087c                __divdf3
 .text          0x0000000008000a4c      0x110 /Applications/STM32CubeIDE.app/Contents/Eclipse/plugins/com.st.stm32cube.ide.mcu.externaltools.gnu-tools-for-stm32.11.3.rel1.macos64_1.1.0.202305231506/tools/bin/../lib/gcc/arm-none-eabi/11.3.1/thumb/v7e-m+fp/hard/libgcc.a(_arm_cmpdf2.o)
                0x0000000008000a4c                __gedf2
                0x0000000008000a4c                __gtdf2
                0x0000000008000a54                __ledf2
                0x0000000008000a54                __ltdf2
                0x0000000008000a5c                __cmpdf2
                0x0000000008000a5c                __eqdf2
                0x0000000008000a5c                __nedf2
                0x0000000008000ad8                __aeabi_cdrcmple
                0x0000000008000ae8                __aeabi_cdcmple
                0x0000000008000ae8                __aeabi_cdcmpeq
                0x0000000008000af8                __aeabi_dcmpeq
                0x0000000008000b0c                __aeabi_dcmplt
                0x0000000008000b20                __aeabi_dcmple
                0x0000000008000b34                __aeabi_dcmpge
                0x0000000008000b48                __aeabi_dcmpgt
 .text          0x0000000008000b5c       0x2c /Applications/STM32CubeIDE.app/Contents/Eclipse/plugins/com.st.stm32cube.ide.mcu.externaltools.gnu-tools-for-stm32.11.3.rel1.macos64_1.1.0.202305231506/tools/bin/../lib/gcc/arm-none-eabi/11.3.1/thumb/v7e-m+fp/hard/libgcc.a(_arm_unorddf2.o)
                0x0000000008000b5c                __aeabi_dcmpun
                0x0000000008000b5c                __unorddf2
 .text          0x0000000008000b88       0x50 /Applications/STM32CubeIDE.app/Contents/Eclipse/plugins/com.st.stm32cube.ide.mcu.externaltools.gnu-tools-for-stm32.11.3.rel1.macos64_1.1.0.202305231506/tools/bin/../lib/gcc/arm-none-eabi/11.3.1/thumb/v7e-m+fp/hard/libgcc.a(_arm_fixdfsi.o)
                0x0000000008000b88                __fixdfsi
                0x0000000008000b88                __aeabi_d2iz
 .text          0x0000000008000bd8       0x30 /Applications/STM32CubeIDE.app/Contents/Eclipse/plugins/com.st.stm32cube.ide.mcu.externaltools.gnu-tools-for-stm32.11.3.rel1.macos64_1.1.0.202305231506/tools/bin/../lib/gcc/arm-none-eabi/11.3.1/thumb/v7e-m+fp/hard/libgcc.a(_aeabi_uldivmod.o)
                0x0000000008000bd8                __aeabi_uldivmod
 .text          0x0000000008000c08      0x2c8 /Applications/STM32CubeIDE.app/Contents/Eclipse/plugins/com.st.stm32cube.ide.mcu.externaltools.gnu-tools-for-stm32.11.3.rel1.macos64_1.1.0.202305231506/tools/bin/../lib/gcc/arm-none-eabi/11.3.1/thumb/v7e-m+fp/hard/libgcc.a(_udivmoddi4.o)
                0x0000000008000c08                __udivmoddi4
 .text          0x0000000008000ed0        0x4 /Applications/STM32CubeIDE.app/Contents/Eclipse/plugins/com.st.stm32cube.ide.mcu.externaltools.gnu-tools-for-stm32.11.3.rel1.macos64_1.1.0.202305231506/tools/bin/../lib/gcc/arm-none-eabi/11.3.1/thumb/v7e-m+fp/hard/libgcc.a(_dvmd_tls.o)
                0x0000000008000ed0                __aeabi_ldiv0
                0x0000000008000ed0                __aeabi_idiv0
 *(.text*)
 .text.vApplicationGetIdleTaskMemory
                0x0000000008000ed4       0x34 ./Core/Src/freertos.o
                0x0000000008000ed4                vApplicationGetIdleTaskMemory
 .text.main     0x0000000008000f08      0x130 ./Core/Src/main.o
                0x0000000008000f08                main
 .text.SystemClock_Config
                0x0000000008001038       0xa2 ./Core/Src/main.o
                0x0000000008001038                SystemClock_Config
 *fill*         0x00000000080010da        0x2 
 .text.MX_I2C2_Init
                0x00000000080010dc       0x80 ./Core/Src/main.o
 .text.MX_OCTOSPI1_Init
                0x000000000800115c       0xa8 ./Core/Src/main.o
 .text.MX_USART1_UART_Init
                0x0000000008001204       0x98 ./Core/Src/main.o
 .text.MX_GPIO_Init
                0x000000000800129c       0x88 ./Core/Src/main.o
 .text.calculate
                0x0000000008001324      0x120 ./Core/Src/main.o
                0x0000000008001324                calculate
 .text.calculateMulti
                0x0000000008001444      0x310 ./Core/Src/main.o
                0x0000000008001444                calculateMulti
 .text.buttonControl
                0x0000000008001754       0xbc ./Core/Src/main.o
                0x0000000008001754                buttonControl
 .text.transmitData
                0x0000000008001810      0x980 ./Core/Src/main.o
                0x0000000008001810                transmitData
 .text.readData
                0x0000000008002190      0xb40 ./Core/Src/main.o
                0x0000000008002190                readData
 .text.HAL_TIM_PeriodElapsedCallback
                0x0000000008002cd0       0x24 ./Core/Src/main.o
                0x0000000008002cd0                HAL_TIM_PeriodElapsedCallback
 .text.Error_Handler
                0x0000000008002cf4       0x44 ./Core/Src/main.o
                0x0000000008002cf4                Error_Handler
 .text.HAL_MspInit
                0x0000000008002d38       0x50 ./Core/Src/stm32l4xx_hal_msp.o
                0x0000000008002d38                HAL_MspInit
 .text.HAL_I2C_MspInit
                0x0000000008002d88       0xbc ./Core/Src/stm32l4xx_hal_msp.o
                0x0000000008002d88                HAL_I2C_MspInit
 .text.HAL_I2C_MspDeInit
                0x0000000008002e44       0x48 ./Core/Src/stm32l4xx_hal_msp.o
                0x0000000008002e44                HAL_I2C_MspDeInit
 .text.HAL_OSPI_MspInit
                0x0000000008002e8c       0xd8 ./Core/Src/stm32l4xx_hal_msp.o
                0x0000000008002e8c                HAL_OSPI_MspInit
 .text.HAL_OSPI_MspDeInit
                0x0000000008002f64       0x48 ./Core/Src/stm32l4xx_hal_msp.o
                0x0000000008002f64                HAL_OSPI_MspDeInit
 .text.HAL_UART_MspInit
                0x0000000008002fac       0xbc ./Core/Src/stm32l4xx_hal_msp.o
                0x0000000008002fac                HAL_UART_MspInit
 .text.HAL_InitTick
                0x0000000008003068       0xf4 ./Core/Src/stm32l4xx_hal_timebase_tim.o
                0x0000000008003068                HAL_InitTick
 .text.NMI_Handler
                0x000000000800315c        0x6 ./Core/Src/stm32l4xx_it.o
                0x000000000800315c                NMI_Handler
 .text.HardFault_Handler
                0x0000000008003162        0x6 ./Core/Src/stm32l4xx_it.o
                0x0000000008003162                HardFault_Handler
 .text.MemManage_Handler
                0x0000000008003168        0x6 ./Core/Src/stm32l4xx_it.o
                0x0000000008003168                MemManage_Handler
 .text.BusFault_Handler
                0x000000000800316e        0x6 ./Core/Src/stm32l4xx_it.o
                0x000000000800316e                BusFault_Handler
 .text.UsageFault_Handler
                0x0000000008003174        0x6 ./Core/Src/stm32l4xx_it.o
                0x0000000008003174                UsageFault_Handler
 .text.DebugMon_Handler
                0x000000000800317a        0xe ./Core/Src/stm32l4xx_it.o
                0x000000000800317a                DebugMon_Handler
 .text.TIM6_DAC_IRQHandler
                0x0000000008003188       0x14 ./Core/Src/stm32l4xx_it.o
                0x0000000008003188                TIM6_DAC_IRQHandler
 .text._getpid  0x000000000800319c       0x10 ./Core/Src/syscalls.o
                0x000000000800319c                _getpid
 .text._kill    0x00000000080031ac       0x20 ./Core/Src/syscalls.o
                0x00000000080031ac                _kill
 .text._exit    0x00000000080031cc       0x14 ./Core/Src/syscalls.o
                0x00000000080031cc                _exit
 .text._read    0x00000000080031e0       0x3a ./Core/Src/syscalls.o
                0x00000000080031e0                _read
 .text._write   0x000000000800321a       0x38 ./Core/Src/syscalls.o
                0x000000000800321a                _write
 .text._close   0x0000000008003252       0x18 ./Core/Src/syscalls.o
                0x0000000008003252                _close
 .text._fstat   0x000000000800326a       0x20 ./Core/Src/syscalls.o
                0x000000000800326a                _fstat
 .text._isatty  0x000000000800328a       0x16 ./Core/Src/syscalls.o
                0x000000000800328a                _isatty
 .text._lseek   0x00000000080032a0       0x1a ./Core/Src/syscalls.o
                0x00000000080032a0                _lseek
 *fill*         0x00000000080032ba        0x2 
 .text._sbrk    0x00000000080032bc       0x6c ./Core/Src/sysmem.o
                0x00000000080032bc                _sbrk
 .text.SystemInit
                0x0000000008003328       0x24 ./Core/Src/system_stm32l4xx.o
                0x0000000008003328                SystemInit
 .text.Reset_Handler
                0x000000000800334c       0x50 ./Core/Startup/startup_stm32l4s5vitx.o
                0x000000000800334c                Reset_Handler
 .text.Default_Handler
                0x000000000800339c        0x2 ./Core/Startup/startup_stm32l4s5vitx.o
                0x000000000800339c                TIM1_BRK_TIM15_IRQHandler
                0x000000000800339c                EXTI2_IRQHandler
                0x000000000800339c                TIM8_TRG_COM_IRQHandler
                0x000000000800339c                TIM8_CC_IRQHandler
                0x000000000800339c                TIM1_CC_IRQHandler
                0x000000000800339c                TSC_IRQHandler
                0x000000000800339c                TAMP_STAMP_IRQHandler
                0x000000000800339c                EXTI3_IRQHandler
                0x000000000800339c                LPTIM2_IRQHandler
                0x000000000800339c                DFSDM1_FLT1_IRQHandler
                0x000000000800339c                GFXMMU_IRQHandler
                0x000000000800339c                I2C3_ER_IRQHandler
                0x000000000800339c                DFSDM1_FLT2_IRQHandler
                0x000000000800339c                EXTI0_IRQHandler
                0x000000000800339c                I2C2_EV_IRQHandler
                0x000000000800339c                CAN1_RX0_IRQHandler
                0x000000000800339c                FPU_IRQHandler
                0x000000000800339c                TIM1_UP_TIM16_IRQHandler
                0x000000000800339c                LTDC_ER_IRQHandler
                0x000000000800339c                SPI1_IRQHandler
                0x000000000800339c                OCTOSPI1_IRQHandler
                0x000000000800339c                DCMI_IRQHandler
                0x000000000800339c                TIM8_UP_IRQHandler
                0x000000000800339c                OCTOSPI2_IRQHandler
                0x000000000800339c                DMA2_Channel2_IRQHandler
                0x000000000800339c                DMA1_Channel4_IRQHandler
                0x000000000800339c                SAI2_IRQHandler
                0x000000000800339c                ADC1_IRQHandler
                0x000000000800339c                DFSDM1_FLT3_IRQHandler
                0x000000000800339c                USART3_IRQHandler
                0x000000000800339c                DMA1_Channel7_IRQHandler
                0x000000000800339c                CAN1_RX1_IRQHandler
                0x000000000800339c                UART5_IRQHandler
                0x000000000800339c                TIM4_IRQHandler
                0x000000000800339c                DMA2_Channel1_IRQHandler
                0x000000000800339c                I2C1_EV_IRQHandler
                0x000000000800339c                DMAMUX1_OVR_IRQHandler
                0x000000000800339c                DMA1_Channel6_IRQHandler
                0x000000000800339c                UART4_IRQHandler
                0x000000000800339c                DMA2_Channel4_IRQHandler
                0x000000000800339c                TIM3_IRQHandler
                0x000000000800339c                RCC_IRQHandler
                0x000000000800339c                DMA1_Channel1_IRQHandler
                0x000000000800339c                Default_Handler
                0x000000000800339c                DMA2_Channel7_IRQHandler
                0x000000000800339c                EXTI15_10_IRQHandler
                0x000000000800339c                TIM7_IRQHandler
                0x000000000800339c                SDMMC1_IRQHandler
                0x000000000800339c                TIM5_IRQHandler
                0x000000000800339c                I2C3_EV_IRQHandler
                0x000000000800339c                EXTI9_5_IRQHandler
                0x000000000800339c                RTC_WKUP_IRQHandler
                0x000000000800339c                LTDC_IRQHandler
                0x000000000800339c                PVD_PVM_IRQHandler
                0x000000000800339c                SPI2_IRQHandler
                0x000000000800339c                CAN1_TX_IRQHandler
                0x000000000800339c                DMA2_Channel5_IRQHandler
                0x000000000800339c                DMA1_Channel5_IRQHandler
                0x000000000800339c                EXTI4_IRQHandler
                0x000000000800339c                RNG_IRQHandler
                0x000000000800339c                TIM1_TRG_COM_TIM17_IRQHandler
                0x000000000800339c                DMA1_Channel3_IRQHandler
                0x000000000800339c                COMP_IRQHandler
                0x000000000800339c                HASH_CRS_IRQHandler
                0x000000000800339c                WWDG_IRQHandler
                0x000000000800339c                I2C4_EV_IRQHandler
                0x000000000800339c                LPUART1_IRQHandler
                0x000000000800339c                DMA2_Channel6_IRQHandler
                0x000000000800339c                TIM2_IRQHandler
                0x000000000800339c                DMA2D_IRQHandler
                0x000000000800339c                EXTI1_IRQHandler
                0x000000000800339c                AES_IRQHandler
                0x000000000800339c                USART2_IRQHandler
                0x000000000800339c                DFSDM1_FLT0_IRQHandler
                0x000000000800339c                I2C2_ER_IRQHandler
                0x000000000800339c                DMA1_Channel2_IRQHandler
                0x000000000800339c                TIM8_BRK_IRQHandler
                0x000000000800339c                CAN1_SCE_IRQHandler
                0x000000000800339c                FLASH_IRQHandler
                0x000000000800339c                USART1_IRQHandler
                0x000000000800339c                OTG_FS_IRQHandler
                0x000000000800339c                SPI3_IRQHandler
                0x000000000800339c                I2C1_ER_IRQHandler
                0x000000000800339c                FMC_IRQHandler
                0x000000000800339c                LPTIM1_IRQHandler
                0x000000000800339c                I2C4_ER_IRQHandler
                0x000000000800339c                SAI1_IRQHandler
                0x000000000800339c                DMA2_Channel3_IRQHandler
                0x000000000800339c                RTC_Alarm_IRQHandler
 *fill*         0x000000000800339e        0x2 
 .text.I2Cx_MspInit
                0x00000000080033a0       0xb0 ./Drivers/B-L4S5I-IOT01/stm32l4s5i_iot01.o
 .text.I2Cx_Init
                0x0000000008003450       0x5c ./Drivers/B-L4S5I-IOT01/stm32l4s5i_iot01.o
 .text.I2Cx_ReadMultiple
                0x00000000080034ac       0x5a ./Drivers/B-L4S5I-IOT01/stm32l4s5i_iot01.o
 .text.I2Cx_WriteMultiple
                0x0000000008003506       0x5a ./Drivers/B-L4S5I-IOT01/stm32l4s5i_iot01.o
 .text.I2Cx_Error
                0x0000000008003560       0x20 ./Drivers/B-L4S5I-IOT01/stm32l4s5i_iot01.o
 .text.SENSOR_IO_Init
                0x0000000008003580       0x14 ./Drivers/B-L4S5I-IOT01/stm32l4s5i_iot01.o
                0x0000000008003580                SENSOR_IO_Init
 .text.SENSOR_IO_Write
                0x0000000008003594       0x34 ./Drivers/B-L4S5I-IOT01/stm32l4s5i_iot01.o
                0x0000000008003594                SENSOR_IO_Write
 .text.SENSOR_IO_Read
                0x00000000080035c8       0x3c ./Drivers/B-L4S5I-IOT01/stm32l4s5i_iot01.o
                0x00000000080035c8                SENSOR_IO_Read
 .text.SENSOR_IO_ReadMultiple
                0x0000000008003604       0x3c ./Drivers/B-L4S5I-IOT01/stm32l4s5i_iot01.o
                0x0000000008003604                SENSOR_IO_ReadMultiple
 .text.BSP_ACCELERO_Init
                0x0000000008003640       0x7c ./Drivers/B-L4S5I-IOT01/stm32l4s5i_iot01_accelero.o
                0x0000000008003640                BSP_ACCELERO_Init
 .text.BSP_ACCELERO_AccGetXYZ
                0x00000000080036bc       0x30 ./Drivers/B-L4S5I-IOT01/stm32l4s5i_iot01_accelero.o
                0x00000000080036bc                BSP_ACCELERO_AccGetXYZ
 .text.BSP_GYRO_Init
                0x00000000080036ec       0x84 ./Drivers/B-L4S5I-IOT01/stm32l4s5i_iot01_gyro.o
                0x00000000080036ec                BSP_GYRO_Init
 .text.BSP_GYRO_GetXYZ
                0x0000000008003770       0x30 ./Drivers/B-L4S5I-IOT01/stm32l4s5i_iot01_gyro.o
                0x0000000008003770                BSP_GYRO_GetXYZ
 .text.BSP_HSENSOR_Init
                0x00000000080037a0       0x40 ./Drivers/B-L4S5I-IOT01/stm32l4s5i_iot01_hsensor.o
                0x00000000080037a0                BSP_HSENSOR_Init
 .text.BSP_HSENSOR_ReadHumidity
                0x00000000080037e0       0x1c ./Drivers/B-L4S5I-IOT01/stm32l4s5i_iot01_hsensor.o
                0x00000000080037e0                BSP_HSENSOR_ReadHumidity
 .text.BSP_MAGNETO_Init
                0x00000000080037fc       0x58 ./Drivers/B-L4S5I-IOT01/stm32l4s5i_iot01_magneto.o
                0x00000000080037fc                BSP_MAGNETO_Init
 .text.BSP_MAGNETO_GetXYZ
                0x0000000008003854       0x30 ./Drivers/B-L4S5I-IOT01/stm32l4s5i_iot01_magneto.o
                0x0000000008003854                BSP_MAGNETO_GetXYZ
 .text.BSP_PSENSOR_Init
                0x0000000008003884       0x40 ./Drivers/B-L4S5I-IOT01/stm32l4s5i_iot01_psensor.o
                0x0000000008003884                BSP_PSENSOR_Init
 .text.BSP_PSENSOR_ReadPressure
                0x00000000080038c4       0x1c ./Drivers/B-L4S5I-IOT01/stm32l4s5i_iot01_psensor.o
                0x00000000080038c4                BSP_PSENSOR_ReadPressure
 .text.BSP_QSPI_Init
                0x00000000080038e0       0xfc ./Drivers/B-L4S5I-IOT01/stm32l4s5i_iot01_qspi.o
                0x00000000080038e0                BSP_QSPI_Init
 .text.BSP_QSPI_Read
                0x00000000080039dc       0xa4 ./Drivers/B-L4S5I-IOT01/stm32l4s5i_iot01_qspi.o
                0x00000000080039dc                BSP_QSPI_Read
 .text.BSP_QSPI_Write
                0x0000000008003a80      0x10c ./Drivers/B-L4S5I-IOT01/stm32l4s5i_iot01_qspi.o
                0x0000000008003a80                BSP_QSPI_Write
 .text.BSP_QSPI_Erase_Block
                0x0000000008003b8c       0x94 ./Drivers/B-L4S5I-IOT01/stm32l4s5i_iot01_qspi.o
                0x0000000008003b8c                BSP_QSPI_Erase_Block
 .text.BSP_QSPI_MspInit
                0x0000000008003c20       0x80 ./Drivers/B-L4S5I-IOT01/stm32l4s5i_iot01_qspi.o
                0x0000000008003c20                BSP_QSPI_MspInit
 .text.QSPI_ResetMemory
                0x0000000008003ca0       0x8e ./Drivers/B-L4S5I-IOT01/stm32l4s5i_iot01_qspi.o
 .text.QSPI_WriteEnable
                0x0000000008003d2e       0xb8 ./Drivers/B-L4S5I-IOT01/stm32l4s5i_iot01_qspi.o
 .text.QSPI_AutoPollingMemReady
                0x0000000008003de6       0x96 ./Drivers/B-L4S5I-IOT01/stm32l4s5i_iot01_qspi.o
 .text.QSPI_QuadMode
                0x0000000008003e7c      0x158 ./Drivers/B-L4S5I-IOT01/stm32l4s5i_iot01_qspi.o
 .text.QSPI_HighPerfMode
                0x0000000008003fd4      0x19e ./Drivers/B-L4S5I-IOT01/stm32l4s5i_iot01_qspi.o
 *fill*         0x0000000008004172        0x2 
 .text.BSP_TSENSOR_Init
                0x0000000008004174       0x38 ./Drivers/B-L4S5I-IOT01/stm32l4s5i_iot01_tsensor.o
                0x0000000008004174                BSP_TSENSOR_Init
 .text.BSP_TSENSOR_ReadTemp
                0x00000000080041ac       0x1c ./Drivers/B-L4S5I-IOT01/stm32l4s5i_iot01_tsensor.o
                0x00000000080041ac                BSP_TSENSOR_ReadTemp
 .text.HTS221_H_Init
                0x00000000080041c8       0x58 ./Drivers/Components/hts221/hts221.o
                0x00000000080041c8                HTS221_H_Init
 .text.HTS221_H_ReadID
                0x0000000008004220       0x2c ./Drivers/Components/hts221/hts221.o
                0x0000000008004220                HTS221_H_ReadID
 .text.HTS221_H_ReadHumidity
                0x000000000800424c      0x138 ./Drivers/Components/hts221/hts221.o
                0x000000000800424c                HTS221_H_ReadHumidity
 .text.HTS221_T_Init
                0x0000000008004384       0x5a ./Drivers/Components/hts221/hts221.o
                0x0000000008004384                HTS221_T_Init
 .text.HTS221_T_ReadTemp
                0x00000000080043de      0x10e ./Drivers/Components/hts221/hts221.o
                0x00000000080043de                HTS221_T_ReadTemp
 .text.LIS3MDL_MagInit
                0x00000000080044ec       0x50 ./Drivers/Components/lis3mdl/lis3mdl.o
                0x00000000080044ec                LIS3MDL_MagInit
 .text.LIS3MDL_MagDeInit
                0x000000000800453c       0x3a ./Drivers/Components/lis3mdl/lis3mdl.o
                0x000000000800453c                LIS3MDL_MagDeInit
 .text.LIS3MDL_MagReadID
                0x0000000008004576       0x16 ./Drivers/Components/lis3mdl/lis3mdl.o
                0x0000000008004576                LIS3MDL_MagReadID
 .text.LIS3MDL_MagLowPower
                0x000000000800458c       0x44 ./Drivers/Components/lis3mdl/lis3mdl.o
                0x000000000800458c                LIS3MDL_MagLowPower
 .text.LIS3MDL_MagReadXYZ
                0x00000000080045d0      0x10c ./Drivers/Components/lis3mdl/lis3mdl.o
                0x00000000080045d0                LIS3MDL_MagReadXYZ
 .text.LPS22HB_P_Init
                0x00000000080046dc       0x1a ./Drivers/Components/lps22hb/lps22hb.o
                0x00000000080046dc                LPS22HB_P_Init
 .text.LPS22HB_P_ReadID
                0x00000000080046f6       0x2c ./Drivers/Components/lps22hb/lps22hb.o
                0x00000000080046f6                LPS22HB_P_ReadID
 *fill*         0x0000000008004722        0x2 
 .text.LPS22HB_P_ReadPressure
                0x0000000008004724       0xbc ./Drivers/Components/lps22hb/lps22hb.o
                0x0000000008004724                LPS22HB_P_ReadPressure
 .text.LPS22HB_Init
                0x00000000080047e0       0x7e ./Drivers/Components/lps22hb/lps22hb.o
 .text.LSM6DSL_AccInit
                0x000000000800485e       0x72 ./Drivers/Components/lsm6dsl/lsm6dsl.o
                0x000000000800485e                LSM6DSL_AccInit
 .text.LSM6DSL_AccDeInit
                0x00000000080048d0       0x32 ./Drivers/Components/lsm6dsl/lsm6dsl.o
                0x00000000080048d0                LSM6DSL_AccDeInit
 .text.LSM6DSL_AccReadID
                0x0000000008004902       0x16 ./Drivers/Components/lsm6dsl/lsm6dsl.o
                0x0000000008004902                LSM6DSL_AccReadID
 .text.LSM6DSL_AccLowPower
                0x0000000008004918       0x44 ./Drivers/Components/lsm6dsl/lsm6dsl.o
                0x0000000008004918                LSM6DSL_AccLowPower
 .text.LSM6DSL_AccReadXYZ
                0x000000000800495c      0x130 ./Drivers/Components/lsm6dsl/lsm6dsl.o
                0x000000000800495c                LSM6DSL_AccReadXYZ
 .text.LSM6DSL_GyroInit
                0x0000000008004a8c       0x72 ./Drivers/Components/lsm6dsl/lsm6dsl.o
                0x0000000008004a8c                LSM6DSL_GyroInit
 .text.LSM6DSL_GyroDeInit
                0x0000000008004afe       0x32 ./Drivers/Components/lsm6dsl/lsm6dsl.o
                0x0000000008004afe                LSM6DSL_GyroDeInit
 .text.LSM6DSL_GyroReadID
                0x0000000008004b30       0x16 ./Drivers/Components/lsm6dsl/lsm6dsl.o
                0x0000000008004b30                LSM6DSL_GyroReadID
 .text.LSM6DSL_GyroLowPower
                0x0000000008004b46       0x44 ./Drivers/Components/lsm6dsl/lsm6dsl.o
                0x0000000008004b46                LSM6DSL_GyroLowPower
 *fill*         0x0000000008004b8a        0x2 
 .text.LSM6DSL_GyroReadXYZAngRate
                0x0000000008004b8c      0x128 ./Drivers/Components/lsm6dsl/lsm6dsl.o
                0x0000000008004b8c                LSM6DSL_GyroReadXYZAngRate
 .text.HAL_Init
                0x0000000008004cb4       0x30 ./Drivers/STM32L4xx_HAL_Driver/Src/stm32l4xx_hal.o
                0x0000000008004cb4                HAL_Init
 .text.HAL_IncTick
                0x0000000008004ce4       0x28 ./Drivers/STM32L4xx_HAL_Driver/Src/stm32l4xx_hal.o
                0x0000000008004ce4                HAL_IncTick
 .text.HAL_GetTick
                0x0000000008004d0c       0x18 ./Drivers/STM32L4xx_HAL_Driver/Src/stm32l4xx_hal.o
                0x0000000008004d0c                HAL_GetTick
 .text.__NVIC_SetPriorityGrouping
                0x0000000008004d24       0x48 ./Drivers/STM32L4xx_HAL_Driver/Src/stm32l4xx_hal_cortex.o
 .text.__NVIC_GetPriorityGrouping
                0x0000000008004d6c       0x1c ./Drivers/STM32L4xx_HAL_Driver/Src/stm32l4xx_hal_cortex.o
 .text.__NVIC_EnableIRQ
                0x0000000008004d88       0x3c ./Drivers/STM32L4xx_HAL_Driver/Src/stm32l4xx_hal_cortex.o
 .text.__NVIC_SetPriority
                0x0000000008004dc4       0x54 ./Drivers/STM32L4xx_HAL_Driver/Src/stm32l4xx_hal_cortex.o
 .text.NVIC_EncodePriority
                0x0000000008004e18       0x66 ./Drivers/STM32L4xx_HAL_Driver/Src/stm32l4xx_hal_cortex.o
 .text.HAL_NVIC_SetPriorityGrouping
                0x0000000008004e7e       0x16 ./Drivers/STM32L4xx_HAL_Driver/Src/stm32l4xx_hal_cortex.o
                0x0000000008004e7e                HAL_NVIC_SetPriorityGrouping
 .text.HAL_NVIC_SetPriority
                0x0000000008004e94       0x38 ./Drivers/STM32L4xx_HAL_Driver/Src/stm32l4xx_hal_cortex.o
                0x0000000008004e94                HAL_NVIC_SetPriority
 .text.HAL_NVIC_EnableIRQ
                0x0000000008004ecc       0x1c ./Drivers/STM32L4xx_HAL_Driver/Src/stm32l4xx_hal_cortex.o
                0x0000000008004ecc                HAL_NVIC_EnableIRQ
 .text.HAL_GPIO_Init
                0x0000000008004ee8      0x324 ./Drivers/STM32L4xx_HAL_Driver/Src/stm32l4xx_hal_gpio.o
                0x0000000008004ee8                HAL_GPIO_Init
 .text.HAL_GPIO_DeInit
                0x000000000800520c      0x1e4 ./Drivers/STM32L4xx_HAL_Driver/Src/stm32l4xx_hal_gpio.o
                0x000000000800520c                HAL_GPIO_DeInit
 .text.HAL_GPIO_ReadPin
                0x00000000080053f0       0x30 ./Drivers/STM32L4xx_HAL_Driver/Src/stm32l4xx_hal_gpio.o
                0x00000000080053f0                HAL_GPIO_ReadPin
 .text.HAL_I2C_Init
                0x0000000008005420      0x136 ./Drivers/STM32L4xx_HAL_Driver/Src/stm32l4xx_hal_i2c.o
                0x0000000008005420                HAL_I2C_Init
 .text.HAL_I2C_DeInit
                0x0000000008005556       0x5e ./Drivers/STM32L4xx_HAL_Driver/Src/stm32l4xx_hal_i2c.o
                0x0000000008005556                HAL_I2C_DeInit
 .text.HAL_I2C_Mem_Write
                0x00000000080055b4      0x228 ./Drivers/STM32L4xx_HAL_Driver/Src/stm32l4xx_hal_i2c.o
                0x00000000080055b4                HAL_I2C_Mem_Write
 .text.HAL_I2C_Mem_Read
                0x00000000080057dc      0x234 ./Drivers/STM32L4xx_HAL_Driver/Src/stm32l4xx_hal_i2c.o
                0x00000000080057dc                HAL_I2C_Mem_Read
 .text.I2C_RequestMemoryWrite
                0x0000000008005a10       0xa8 ./Drivers/STM32L4xx_HAL_Driver/Src/stm32l4xx_hal_i2c.o
 .text.I2C_RequestMemoryRead
                0x0000000008005ab8       0xa8 ./Drivers/STM32L4xx_HAL_Driver/Src/stm32l4xx_hal_i2c.o
 .text.I2C_Flush_TXDR
                0x0000000008005b60       0x48 ./Drivers/STM32L4xx_HAL_Driver/Src/stm32l4xx_hal_i2c.o
 .text.I2C_WaitOnFlagUntilTimeout
                0x0000000008005ba8       0x9e ./Drivers/STM32L4xx_HAL_Driver/Src/stm32l4xx_hal_i2c.o
 .text.I2C_WaitOnTXISFlagUntilTimeout
                0x0000000008005c46       0x8e ./Drivers/STM32L4xx_HAL_Driver/Src/stm32l4xx_hal_i2c.o
 .text.I2C_WaitOnSTOPFlagUntilTimeout
                0x0000000008005cd4       0x86 ./Drivers/STM32L4xx_HAL_Driver/Src/stm32l4xx_hal_i2c.o
 *fill*         0x0000000008005d5a        0x2 
 .text.I2C_IsErrorOccurred
                0x0000000008005d5c      0x1c0 ./Drivers/STM32L4xx_HAL_Driver/Src/stm32l4xx_hal_i2c.o
 .text.I2C_TransferConfig
                0x0000000008005f1c       0x64 ./Drivers/STM32L4xx_HAL_Driver/Src/stm32l4xx_hal_i2c.o
 .text.HAL_I2CEx_ConfigAnalogFilter
                0x0000000008005f80       0x96 ./Drivers/STM32L4xx_HAL_Driver/Src/stm32l4xx_hal_i2c_ex.o
                0x0000000008005f80                HAL_I2CEx_ConfigAnalogFilter
 .text.HAL_I2CEx_ConfigDigitalFilter
                0x0000000008006016       0x98 ./Drivers/STM32L4xx_HAL_Driver/Src/stm32l4xx_hal_i2c_ex.o
                0x0000000008006016                HAL_I2CEx_ConfigDigitalFilter
 *fill*         0x00000000080060ae        0x2 
 .text.HAL_OSPI_Init
                0x00000000080060b0      0x154 ./Drivers/STM32L4xx_HAL_Driver/Src/stm32l4xx_hal_ospi.o
                0x00000000080060b0                HAL_OSPI_Init
 .text.HAL_OSPI_DeInit
                0x0000000008006204       0x4e ./Drivers/STM32L4xx_HAL_Driver/Src/stm32l4xx_hal_ospi.o
                0x0000000008006204                HAL_OSPI_DeInit
 .text.HAL_OSPI_Command
                0x0000000008006252      0x102 ./Drivers/STM32L4xx_HAL_Driver/Src/stm32l4xx_hal_ospi.o
                0x0000000008006252                HAL_OSPI_Command
 .text.HAL_OSPI_Transmit
                0x0000000008006354       0xe6 ./Drivers/STM32L4xx_HAL_Driver/Src/stm32l4xx_hal_ospi.o
                0x0000000008006354                HAL_OSPI_Transmit
 .text.HAL_OSPI_Receive
                0x000000000800643a      0x146 ./Drivers/STM32L4xx_HAL_Driver/Src/stm32l4xx_hal_ospi.o
                0x000000000800643a                HAL_OSPI_Receive
 .text.HAL_OSPI_AutoPolling
                0x0000000008006580      0x10e ./Drivers/STM32L4xx_HAL_Driver/Src/stm32l4xx_hal_ospi.o
                0x0000000008006580                HAL_OSPI_AutoPolling
 .text.HAL_OSPI_SetTimeout
                0x000000000800668e       0x1e ./Drivers/STM32L4xx_HAL_Driver/Src/stm32l4xx_hal_ospi.o
                0x000000000800668e                HAL_OSPI_SetTimeout
 .text.HAL_OSPIM_Config
                0x00000000080066ac      0x668 ./Drivers/STM32L4xx_HAL_Driver/Src/stm32l4xx_hal_ospi.o
                0x00000000080066ac                HAL_OSPIM_Config
 .text.OSPI_WaitFlagStateUntilTimeout
                0x0000000008006d14       0x6e ./Drivers/STM32L4xx_HAL_Driver/Src/stm32l4xx_hal_ospi.o
 *fill*         0x0000000008006d82        0x2 
 .text.OSPI_ConfigCmd
                0x0000000008006d84      0x2c4 ./Drivers/STM32L4xx_HAL_Driver/Src/stm32l4xx_hal_ospi.o
 .text.OSPIM_GetConfig
                0x0000000008007048      0x160 ./Drivers/STM32L4xx_HAL_Driver/Src/stm32l4xx_hal_ospi.o
 .text.HAL_PWREx_GetVoltageRange
                0x00000000080071a8       0x40 ./Drivers/STM32L4xx_HAL_Driver/Src/stm32l4xx_hal_pwr_ex.o
                0x00000000080071a8                HAL_PWREx_GetVoltageRange
 .text.HAL_PWREx_ControlVoltageScaling
                0x00000000080071e8      0x148 ./Drivers/STM32L4xx_HAL_Driver/Src/stm32l4xx_hal_pwr_ex.o
                0x00000000080071e8                HAL_PWREx_ControlVoltageScaling
 .text.HAL_RCC_OscConfig
                0x0000000008007330      0x834 ./Drivers/STM32L4xx_HAL_Driver/Src/stm32l4xx_hal_rcc.o
                0x0000000008007330                HAL_RCC_OscConfig
 .text.HAL_RCC_ClockConfig
                0x0000000008007b64      0x274 ./Drivers/STM32L4xx_HAL_Driver/Src/stm32l4xx_hal_rcc.o
                0x0000000008007b64                HAL_RCC_ClockConfig
 .text.HAL_RCC_GetSysClockFreq
                0x0000000008007dd8      0x118 ./Drivers/STM32L4xx_HAL_Driver/Src/stm32l4xx_hal_rcc.o
                0x0000000008007dd8                HAL_RCC_GetSysClockFreq
 .text.HAL_RCC_GetHCLKFreq
                0x0000000008007ef0       0x18 ./Drivers/STM32L4xx_HAL_Driver/Src/stm32l4xx_hal_rcc.o
                0x0000000008007ef0                HAL_RCC_GetHCLKFreq
 .text.HAL_RCC_GetPCLK1Freq
                0x0000000008007f08       0x2c ./Drivers/STM32L4xx_HAL_Driver/Src/stm32l4xx_hal_rcc.o
                0x0000000008007f08                HAL_RCC_GetPCLK1Freq
 .text.HAL_RCC_GetPCLK2Freq
                0x0000000008007f34       0x2c ./Drivers/STM32L4xx_HAL_Driver/Src/stm32l4xx_hal_rcc.o
                0x0000000008007f34                HAL_RCC_GetPCLK2Freq
 .text.HAL_RCC_GetClockConfig
                0x0000000008007f60       0x64 ./Drivers/STM32L4xx_HAL_Driver/Src/stm32l4xx_hal_rcc.o
                0x0000000008007f60                HAL_RCC_GetClockConfig
 .text.RCC_SetFlashLatencyFromMSIRange
                0x0000000008007fc4       0xb4 ./Drivers/STM32L4xx_HAL_Driver/Src/stm32l4xx_hal_rcc.o
 .text.RCC_GetSysClockFreqFromPLLSource
                0x0000000008008078       0xcc ./Drivers/STM32L4xx_HAL_Driver/Src/stm32l4xx_hal_rcc.o
 .text.HAL_RCCEx_PeriphCLKConfig
                0x0000000008008144      0x660 ./Drivers/STM32L4xx_HAL_Driver/Src/stm32l4xx_hal_rcc_ex.o
                0x0000000008008144                HAL_RCCEx_PeriphCLKConfig
 .text.RCCEx_PLLSAI1_Config
                0x00000000080087a4      0x1e8 ./Drivers/STM32L4xx_HAL_Driver/Src/stm32l4xx_hal_rcc_ex.o
 .text.RCCEx_PLLSAI2_Config
                0x000000000800898c      0x1e8 ./Drivers/STM32L4xx_HAL_Driver/Src/stm32l4xx_hal_rcc_ex.o
 .text.HAL_TIM_Base_Init
                0x0000000008008b74       0xae ./Drivers/STM32L4xx_HAL_Driver/Src/stm32l4xx_hal_tim.o
                0x0000000008008b74                HAL_TIM_Base_Init
 .text.HAL_TIM_Base_MspInit
                0x0000000008008c22       0x14 ./Drivers/STM32L4xx_HAL_Driver/Src/stm32l4xx_hal_tim.o
                0x0000000008008c22                HAL_TIM_Base_MspInit
 *fill*         0x0000000008008c36        0x2 
 .text.HAL_TIM_Base_Start_IT
                0x0000000008008c38       0xe0 ./Drivers/STM32L4xx_HAL_Driver/Src/stm32l4xx_hal_tim.o
                0x0000000008008c38                HAL_TIM_Base_Start_IT
 .text.HAL_TIM_IRQHandler
                0x0000000008008d18      0x204 ./Drivers/STM32L4xx_HAL_Driver/Src/stm32l4xx_hal_tim.o
                0x0000000008008d18                HAL_TIM_IRQHandler
 .text.HAL_TIM_OC_DelayElapsedCallback
                0x0000000008008f1c       0x14 ./Drivers/STM32L4xx_HAL_Driver/Src/stm32l4xx_hal_tim.o
                0x0000000008008f1c                HAL_TIM_OC_DelayElapsedCallback
 .text.HAL_TIM_IC_CaptureCallback
                0x0000000008008f30       0x14 ./Drivers/STM32L4xx_HAL_Driver/Src/stm32l4xx_hal_tim.o
                0x0000000008008f30                HAL_TIM_IC_CaptureCallback
 .text.HAL_TIM_PWM_PulseFinishedCallback
                0x0000000008008f44       0x14 ./Drivers/STM32L4xx_HAL_Driver/Src/stm32l4xx_hal_tim.o
                0x0000000008008f44                HAL_TIM_PWM_PulseFinishedCallback
 .text.HAL_TIM_TriggerCallback
                0x0000000008008f58       0x14 ./Drivers/STM32L4xx_HAL_Driver/Src/stm32l4xx_hal_tim.o
                0x0000000008008f58                HAL_TIM_TriggerCallback
 .text.TIM_Base_SetConfig
                0x0000000008008f6c      0x134 ./Drivers/STM32L4xx_HAL_Driver/Src/stm32l4xx_hal_tim.o
                0x0000000008008f6c                TIM_Base_SetConfig
 .text.HAL_TIMEx_CommutCallback
                0x00000000080090a0       0x14 ./Drivers/STM32L4xx_HAL_Driver/Src/stm32l4xx_hal_tim_ex.o
                0x00000000080090a0                HAL_TIMEx_CommutCallback
 .text.HAL_TIMEx_BreakCallback
                0x00000000080090b4       0x14 ./Drivers/STM32L4xx_HAL_Driver/Src/stm32l4xx_hal_tim_ex.o
                0x00000000080090b4                HAL_TIMEx_BreakCallback
 .text.HAL_TIMEx_Break2Callback
                0x00000000080090c8       0x14 ./Drivers/STM32L4xx_HAL_Driver/Src/stm32l4xx_hal_tim_ex.o
                0x00000000080090c8                HAL_TIMEx_Break2Callback
 .text.HAL_UART_Init
                0x00000000080090dc       0xa0 ./Drivers/STM32L4xx_HAL_Driver/Src/stm32l4xx_hal_uart.o
                0x00000000080090dc                HAL_UART_Init
 .text.HAL_UART_Transmit
                0x000000000800917c      0x11e ./Drivers/STM32L4xx_HAL_Driver/Src/stm32l4xx_hal_uart.o
                0x000000000800917c                HAL_UART_Transmit
 *fill*         0x000000000800929a        0x2 
 .text.UART_SetConfig
                0x000000000800929c      0x5f8 ./Drivers/STM32L4xx_HAL_Driver/Src/stm32l4xx_hal_uart.o
                0x000000000800929c                UART_SetConfig
 .text.UART_AdvFeatureConfig
                0x0000000008009894      0x144 ./Drivers/STM32L4xx_HAL_Driver/Src/stm32l4xx_hal_uart.o
                0x0000000008009894                UART_AdvFeatureConfig
 .text.UART_CheckIdleState
                0x00000000080099d8      0x154 ./Drivers/STM32L4xx_HAL_Driver/Src/stm32l4xx_hal_uart.o
                0x00000000080099d8                UART_CheckIdleState
 .text.UART_WaitOnFlagUntilTimeout
                0x0000000008009b2c       0xce ./Drivers/STM32L4xx_HAL_Driver/Src/stm32l4xx_hal_uart.o
                0x0000000008009b2c                UART_WaitOnFlagUntilTimeout
 .text.UART_EndRxTransfer
                0x0000000008009bfa       0xcc ./Drivers/STM32L4xx_HAL_Driver/Src/stm32l4xx_hal_uart.o
 .text.HAL_UARTEx_DisableFifoMode
                0x0000000008009cc6       0x72 ./Drivers/STM32L4xx_HAL_Driver/Src/stm32l4xx_hal_uart_ex.o
                0x0000000008009cc6                HAL_UARTEx_DisableFifoMode
 .text.HAL_UARTEx_SetTxFifoThreshold
                0x0000000008009d38       0x7c ./Drivers/STM32L4xx_HAL_Driver/Src/stm32l4xx_hal_uart_ex.o
                0x0000000008009d38                HAL_UARTEx_SetTxFifoThreshold
 .text.HAL_UARTEx_SetRxFifoThreshold
                0x0000000008009db4       0x7c ./Drivers/STM32L4xx_HAL_Driver/Src/stm32l4xx_hal_uart_ex.o
                0x0000000008009db4                HAL_UARTEx_SetRxFifoThreshold
 .text.UARTEx_SetNbDataToProcess
                0x0000000008009e30       0x9c ./Drivers/STM32L4xx_HAL_Driver/Src/stm32l4xx_hal_uart_ex.o
 .text.makeFreeRtosPriority
                0x0000000008009ecc       0x30 ./Middlewares/Third_Party/FreeRTOS/Source/CMSIS_RTOS/cmsis_os.o
 .text.inHandlerMode
                0x0000000008009efc       0x24 ./Middlewares/Third_Party/FreeRTOS/Source/CMSIS_RTOS/cmsis_os.o
 .text.osKernelStart
                0x0000000008009f20        0xe ./Middlewares/Third_Party/FreeRTOS/Source/CMSIS_RTOS/cmsis_os.o
                0x0000000008009f20                osKernelStart
 .text.osThreadCreate
                0x0000000008009f2e       0x98 ./Middlewares/Third_Party/FreeRTOS/Source/CMSIS_RTOS/cmsis_os.o
                0x0000000008009f2e                osThreadCreate
 .text.osDelay  0x0000000008009fc6       0x28 ./Middlewares/Third_Party/FreeRTOS/Source/CMSIS_RTOS/cmsis_os.o
                0x0000000008009fc6                osDelay
 .text.osMutexCreate
                0x0000000008009fee       0x30 ./Middlewares/Third_Party/FreeRTOS/Source/CMSIS_RTOS/cmsis_os.o
                0x0000000008009fee                osMutexCreate
 *fill*         0x000000000800a01e        0x2 
 .text.osMutexWait
                0x000000000800a020       0x9c ./Middlewares/Third_Party/FreeRTOS/Source/CMSIS_RTOS/cmsis_os.o
                0x000000000800a020                osMutexWait
 .text.osMutexRelease
                0x000000000800a0bc       0x6c ./Middlewares/Third_Party/FreeRTOS/Source/CMSIS_RTOS/cmsis_os.o
                0x000000000800a0bc                osMutexRelease
 .text.vListInitialise
                0x000000000800a128       0x40 ./Middlewares/Third_Party/FreeRTOS/Source/list.o
                0x000000000800a128                vListInitialise
 .text.vListInitialiseItem
                0x000000000800a168       0x1a ./Middlewares/Third_Party/FreeRTOS/Source/list.o
                0x000000000800a168                vListInitialiseItem
 .text.vListInsertEnd
                0x000000000800a182       0x48 ./Middlewares/Third_Party/FreeRTOS/Source/list.o
                0x000000000800a182                vListInsertEnd
 .text.vListInsert
                0x000000000800a1ca       0x72 ./Middlewares/Third_Party/FreeRTOS/Source/list.o
                0x000000000800a1ca                vListInsert
 .text.uxListRemove
                0x000000000800a23c       0x54 ./Middlewares/Third_Party/FreeRTOS/Source/list.o
                0x000000000800a23c                uxListRemove
 .text.xQueueGenericReset
                0x000000000800a290       0xd0 ./Middlewares/Third_Party/FreeRTOS/Source/queue.o
                0x000000000800a290                xQueueGenericReset
 .text.xQueueGenericCreateStatic
                0x000000000800a360       0xf0 ./Middlewares/Third_Party/FreeRTOS/Source/queue.o
                0x000000000800a360                xQueueGenericCreateStatic
 .text.xQueueGenericCreate
                0x000000000800a450       0x74 ./Middlewares/Third_Party/FreeRTOS/Source/queue.o
                0x000000000800a450                xQueueGenericCreate
 .text.prvInitialiseNewQueue
                0x000000000800a4c4       0x3e ./Middlewares/Third_Party/FreeRTOS/Source/queue.o
 .text.prvInitialiseMutex
                0x000000000800a502       0x34 ./Middlewares/Third_Party/FreeRTOS/Source/queue.o
 .text.xQueueCreateMutex
                0x000000000800a536       0x30 ./Middlewares/Third_Party/FreeRTOS/Source/queue.o
                0x000000000800a536                xQueueCreateMutex
 .text.xQueueCreateMutexStatic
                0x000000000800a566       0x36 ./Middlewares/Third_Party/FreeRTOS/Source/queue.o
                0x000000000800a566                xQueueCreateMutexStatic
 .text.xQueueGenericSend
                0x000000000800a59c      0x1fc ./Middlewares/Third_Party/FreeRTOS/Source/queue.o
                0x000000000800a59c                xQueueGenericSend
 .text.xQueueGiveFromISR
                0x000000000800a798      0x11a ./Middlewares/Third_Party/FreeRTOS/Source/queue.o
                0x000000000800a798                xQueueGiveFromISR
 *fill*         0x000000000800a8b2        0x2 
 .text.xQueueSemaphoreTake
                0x000000000800a8b4      0x218 ./Middlewares/Third_Party/FreeRTOS/Source/queue.o
                0x000000000800a8b4                xQueueSemaphoreTake
 .text.xQueueReceiveFromISR
                0x000000000800aacc      0x100 ./Middlewares/Third_Party/FreeRTOS/Source/queue.o
                0x000000000800aacc                xQueueReceiveFromISR
 .text.prvGetDisinheritPriorityAfterTimeout
                0x000000000800abcc       0x30 ./Middlewares/Third_Party/FreeRTOS/Source/queue.o
 .text.prvCopyDataToQueue
                0x000000000800abfc       0xd4 ./Middlewares/Third_Party/FreeRTOS/Source/queue.o
 .text.prvCopyDataFromQueue
                0x000000000800acd0       0x4c ./Middlewares/Third_Party/FreeRTOS/Source/queue.o
 .text.prvUnlockQueue
                0x000000000800ad1c       0xa4 ./Middlewares/Third_Party/FreeRTOS/Source/queue.o
 .text.prvIsQueueEmpty
                0x000000000800adc0       0x2c ./Middlewares/Third_Party/FreeRTOS/Source/queue.o
 .text.prvIsQueueFull
                0x000000000800adec       0x30 ./Middlewares/Third_Party/FreeRTOS/Source/queue.o
 .text.xTaskCreateStatic
                0x000000000800ae1c       0xba ./Middlewares/Third_Party/FreeRTOS/Source/tasks.o
                0x000000000800ae1c                xTaskCreateStatic
 .text.xTaskCreate
                0x000000000800aed6       0x8a ./Middlewares/Third_Party/FreeRTOS/Source/tasks.o
                0x000000000800aed6                xTaskCreate
 .text.prvInitialiseNewTask
                0x000000000800af60      0x10e ./Middlewares/Third_Party/FreeRTOS/Source/tasks.o
 *fill*         0x000000000800b06e        0x2 
 .text.prvAddNewTaskToReadyList
                0x000000000800b070       0xd4 ./Middlewares/Third_Party/FreeRTOS/Source/tasks.o
 .text.vTaskDelay
                0x000000000800b144       0x68 ./Middlewares/Third_Party/FreeRTOS/Source/tasks.o
                0x000000000800b144                vTaskDelay
 .text.vTaskStartScheduler
                0x000000000800b1ac       0xc0 ./Middlewares/Third_Party/FreeRTOS/Source/tasks.o
                0x000000000800b1ac                vTaskStartScheduler
 .text.vTaskSuspendAll
                0x000000000800b26c       0x1c ./Middlewares/Third_Party/FreeRTOS/Source/tasks.o
                0x000000000800b26c                vTaskSuspendAll
 .text.xTaskResumeAll
                0x000000000800b288      0x138 ./Middlewares/Third_Party/FreeRTOS/Source/tasks.o
                0x000000000800b288                xTaskResumeAll
 .text.xTaskIncrementTick
                0x000000000800b3c0      0x170 ./Middlewares/Third_Party/FreeRTOS/Source/tasks.o
                0x000000000800b3c0                xTaskIncrementTick
 .text.vTaskSwitchContext
                0x000000000800b530       0xb8 ./Middlewares/Third_Party/FreeRTOS/Source/tasks.o
                0x000000000800b530                vTaskSwitchContext
 .text.vTaskPlaceOnEventList
                0x000000000800b5e8       0x48 ./Middlewares/Third_Party/FreeRTOS/Source/tasks.o
                0x000000000800b5e8                vTaskPlaceOnEventList
 .text.xTaskRemoveFromEventList
                0x000000000800b630       0xc4 ./Middlewares/Third_Party/FreeRTOS/Source/tasks.o
                0x000000000800b630                xTaskRemoveFromEventList
 .text.vTaskInternalSetTimeOutState
                0x000000000800b6f4       0x2c ./Middlewares/Third_Party/FreeRTOS/Source/tasks.o
                0x000000000800b6f4                vTaskInternalSetTimeOutState
 .text.xTaskCheckForTimeOut
                0x000000000800b720       0xc4 ./Middlewares/Third_Party/FreeRTOS/Source/tasks.o
                0x000000000800b720                xTaskCheckForTimeOut
 .text.vTaskMissedYield
                0x000000000800b7e4       0x18 ./Middlewares/Third_Party/FreeRTOS/Source/tasks.o
                0x000000000800b7e4                vTaskMissedYield
 .text.prvIdleTask
                0x000000000800b7fc       0x30 ./Middlewares/Third_Party/FreeRTOS/Source/tasks.o
 .text.prvInitialiseTaskLists
                0x000000000800b82c       0x80 ./Middlewares/Third_Party/FreeRTOS/Source/tasks.o
 .text.prvCheckTasksWaitingTermination
                0x000000000800b8ac       0x5c ./Middlewares/Third_Party/FreeRTOS/Source/tasks.o
 .text.prvDeleteTCB
                0x000000000800b908       0x5e ./Middlewares/Third_Party/FreeRTOS/Source/tasks.o
 *fill*         0x000000000800b966        0x2 
 .text.prvResetNextTaskUnblockTime
                0x000000000800b968       0x40 ./Middlewares/Third_Party/FreeRTOS/Source/tasks.o
 .text.xTaskGetSchedulerState
                0x000000000800b9a8       0x3c ./Middlewares/Third_Party/FreeRTOS/Source/tasks.o
                0x000000000800b9a8                xTaskGetSchedulerState
 .text.xTaskPriorityInherit
                0x000000000800b9e4       0xec ./Middlewares/Third_Party/FreeRTOS/Source/tasks.o
                0x000000000800b9e4                xTaskPriorityInherit
 .text.xTaskPriorityDisinherit
                0x000000000800bad0      0x10c ./Middlewares/Third_Party/FreeRTOS/Source/tasks.o
                0x000000000800bad0                xTaskPriorityDisinherit
 .text.vTaskPriorityDisinheritAfterTimeout
                0x000000000800bbdc      0x11c ./Middlewares/Third_Party/FreeRTOS/Source/tasks.o
                0x000000000800bbdc                vTaskPriorityDisinheritAfterTimeout
 .text.pvTaskIncrementMutexHeldCount
                0x000000000800bcf8       0x28 ./Middlewares/Third_Party/FreeRTOS/Source/tasks.o
                0x000000000800bcf8                pvTaskIncrementMutexHeldCount
 .text.prvAddCurrentTaskToDelayedList
                0x000000000800bd20       0xcc ./Middlewares/Third_Party/FreeRTOS/Source/tasks.o
 .text.pxPortInitialiseStack
                0x000000000800bdec       0x68 ./Middlewares/Third_Party/FreeRTOS/Source/portable/GCC/ARM_CM4F/port.o
                0x000000000800bdec                pxPortInitialiseStack
 .text.prvTaskExitError
                0x000000000800be54       0x58 ./Middlewares/Third_Party/FreeRTOS/Source/portable/GCC/ARM_CM4F/port.o
 *fill*         0x000000000800beac        0x4 
 .text.SVC_Handler
                0x000000000800beb0       0x28 ./Middlewares/Third_Party/FreeRTOS/Source/portable/GCC/ARM_CM4F/port.o
                0x000000000800beb0                SVC_Handler
 .text.prvPortStartFirstTask
                0x000000000800bed8       0x28 ./Middlewares/Third_Party/FreeRTOS/Source/portable/GCC/ARM_CM4F/port.o
 .text.xPortStartScheduler
                0x000000000800bf00      0x144 ./Middlewares/Third_Party/FreeRTOS/Source/portable/GCC/ARM_CM4F/port.o
                0x000000000800bf00                xPortStartScheduler
 .text.vPortEnterCritical
                0x000000000800c044       0x60 ./Middlewares/Third_Party/FreeRTOS/Source/portable/GCC/ARM_CM4F/port.o
                0x000000000800c044                vPortEnterCritical
 .text.vPortExitCritical
                0x000000000800c0a4       0x54 ./Middlewares/Third_Party/FreeRTOS/Source/portable/GCC/ARM_CM4F/port.o
                0x000000000800c0a4                vPortExitCritical
 *fill*         0x000000000800c0f8        0x8 
 .text.PendSV_Handler
                0x000000000800c100       0x68 ./Middlewares/Third_Party/FreeRTOS/Source/portable/GCC/ARM_CM4F/port.o
                0x000000000800c100                PendSV_Handler
 .text.SysTick_Handler
                0x000000000800c168       0x44 ./Middlewares/Third_Party/FreeRTOS/Source/portable/GCC/ARM_CM4F/port.o
                0x000000000800c168                SysTick_Handler
 .text.vPortSetupTimerInterrupt
                0x000000000800c1ac       0x48 ./Middlewares/Third_Party/FreeRTOS/Source/portable/GCC/ARM_CM4F/port.o
                0x000000000800c1ac                vPortSetupTimerInterrupt
 .text.vPortEnableVFP
                0x000000000800c1f4       0x14 ./Middlewares/Third_Party/FreeRTOS/Source/portable/GCC/ARM_CM4F/port.o
 .text.vPortValidateInterruptPriority
                0x000000000800c208       0x80 ./Middlewares/Third_Party/FreeRTOS/Source/portable/GCC/ARM_CM4F/port.o
                0x000000000800c208                vPortValidateInterruptPriority
 .text.pvPortMalloc
                0x000000000800c288      0x198 ./Middlewares/Third_Party/FreeRTOS/Source/portable/MemMang/heap_4.o
                0x000000000800c288                pvPortMalloc
 .text.vPortFree
                0x000000000800c420       0xc4 ./Middlewares/Third_Party/FreeRTOS/Source/portable/MemMang/heap_4.o
                0x000000000800c420                vPortFree
 .text.prvHeapInit
                0x000000000800c4e4       0xc4 ./Middlewares/Third_Party/FreeRTOS/Source/portable/MemMang/heap_4.o
 .text.prvInsertBlockIntoFreeList
                0x000000000800c5a8       0xb4 ./Middlewares/Third_Party/FreeRTOS/Source/portable/MemMang/heap_4.o
 .text.__cvt    0x000000000800c65c       0xc4 /Applications/STM32CubeIDE.app/Contents/Eclipse/plugins/com.st.stm32cube.ide.mcu.externaltools.gnu-tools-for-stm32.11.3.rel1.macos64_1.1.0.202305231506/tools/bin/../lib/gcc/arm-none-eabi/11.3.1/../../../../arm-none-eabi/lib/thumb/v7e-m+fp/hard/libc_nano.a(libc_a-nano-vfprintf_float.o)
                0x000000000800c65c                __cvt
 .text.__exponent
                0x000000000800c720       0x7c /Applications/STM32CubeIDE.app/Contents/Eclipse/plugins/com.st.stm32cube.ide.mcu.externaltools.gnu-tools-for-stm32.11.3.rel1.macos64_1.1.0.202305231506/tools/bin/../lib/gcc/arm-none-eabi/11.3.1/../../../../arm-none-eabi/lib/thumb/v7e-m+fp/hard/libc_nano.a(libc_a-nano-vfprintf_float.o)
                0x000000000800c720                __exponent
 .text._printf_float
                0x000000000800c79c      0x46c /Applications/STM32CubeIDE.app/Contents/Eclipse/plugins/com.st.stm32cube.ide.mcu.externaltools.gnu-tools-for-stm32.11.3.rel1.macos64_1.1.0.202305231506/tools/bin/../lib/gcc/arm-none-eabi/11.3.1/../../../../arm-none-eabi/lib/thumb/v7e-m+fp/hard/libc_nano.a(libc_a-nano-vfprintf_float.o)
                0x000000000800c79c                _printf_float
 .text._printf_common
                0x000000000800cc08       0xda /Applications/STM32CubeIDE.app/Contents/Eclipse/plugins/com.st.stm32cube.ide.mcu.externaltools.gnu-tools-for-stm32.11.3.rel1.macos64_1.1.0.202305231506/tools/bin/../lib/gcc/arm-none-eabi/11.3.1/../../../../arm-none-eabi/lib/thumb/v7e-m+fp/hard/libc_nano.a(libc_a-nano-vfprintf_i.o)
                0x000000000800cc08                _printf_common
 *fill*         0x000000000800cce2        0x2 
 .text._printf_i
                0x000000000800cce4      0x244 /Applications/STM32CubeIDE.app/Contents/Eclipse/plugins/com.st.stm32cube.ide.mcu.externaltools.gnu-tools-for-stm32.11.3.rel1.macos64_1.1.0.202305231506/tools/bin/../lib/gcc/arm-none-eabi/11.3.1/../../../../arm-none-eabi/lib/thumb/v7e-m+fp/hard/libc_nano.a(libc_a-nano-vfprintf_i.o)
                0x000000000800cce4                _printf_i
 .text.sprintf  0x000000000800cf28       0x40 /Applications/STM32CubeIDE.app/Contents/Eclipse/plugins/com.st.stm32cube.ide.mcu.externaltools.gnu-tools-for-stm32.11.3.rel1.macos64_1.1.0.202305231506/tools/bin/../lib/gcc/arm-none-eabi/11.3.1/../../../../arm-none-eabi/lib/thumb/v7e-m+fp/hard/libc_nano.a(libc_a-sprintf.o)
                0x000000000800cf28                sprintf
                0x000000000800cf28                siprintf
 .text.std      0x000000000800cf68       0x48 /Applications/STM32CubeIDE.app/Contents/Eclipse/plugins/com.st.stm32cube.ide.mcu.externaltools.gnu-tools-for-stm32.11.3.rel1.macos64_1.1.0.202305231506/tools/bin/../lib/gcc/arm-none-eabi/11.3.1/../../../../arm-none-eabi/lib/thumb/v7e-m+fp/hard/libc_nano.a(libc_a-findfp.o)
 .text.stdio_exit_handler
                0x000000000800cfb0       0x18 /Applications/STM32CubeIDE.app/Contents/Eclipse/plugins/com.st.stm32cube.ide.mcu.externaltools.gnu-tools-for-stm32.11.3.rel1.macos64_1.1.0.202305231506/tools/bin/../lib/gcc/arm-none-eabi/11.3.1/../../../../arm-none-eabi/lib/thumb/v7e-m+fp/hard/libc_nano.a(libc_a-findfp.o)
 .text.cleanup_stdio
                0x000000000800cfc8       0x40 /Applications/STM32CubeIDE.app/Contents/Eclipse/plugins/com.st.stm32cube.ide.mcu.externaltools.gnu-tools-for-stm32.11.3.rel1.macos64_1.1.0.202305231506/tools/bin/../lib/gcc/arm-none-eabi/11.3.1/../../../../arm-none-eabi/lib/thumb/v7e-m+fp/hard/libc_nano.a(libc_a-findfp.o)
 .text.global_stdio_init.part.0
                0x000000000800d008       0x3c /Applications/STM32CubeIDE.app/Contents/Eclipse/plugins/com.st.stm32cube.ide.mcu.externaltools.gnu-tools-for-stm32.11.3.rel1.macos64_1.1.0.202305231506/tools/bin/../lib/gcc/arm-none-eabi/11.3.1/../../../../arm-none-eabi/lib/thumb/v7e-m+fp/hard/libc_nano.a(libc_a-findfp.o)
 .text.__sfp_lock_acquire
                0x000000000800d044        0xc /Applications/STM32CubeIDE.app/Contents/Eclipse/plugins/com.st.stm32cube.ide.mcu.externaltools.gnu-tools-for-stm32.11.3.rel1.macos64_1.1.0.202305231506/tools/bin/../lib/gcc/arm-none-eabi/11.3.1/../../../../arm-none-eabi/lib/thumb/v7e-m+fp/hard/libc_nano.a(libc_a-findfp.o)
                0x000000000800d044                __sfp_lock_acquire
 .text.__sfp_lock_release
                0x000000000800d050        0xc /Applications/STM32CubeIDE.app/Contents/Eclipse/plugins/com.st.stm32cube.ide.mcu.externaltools.gnu-tools-for-stm32.11.3.rel1.macos64_1.1.0.202305231506/tools/bin/../lib/gcc/arm-none-eabi/11.3.1/../../../../arm-none-eabi/lib/thumb/v7e-m+fp/hard/libc_nano.a(libc_a-findfp.o)
                0x000000000800d050                __sfp_lock_release
 .text.__sinit  0x000000000800d05c       0x30 /Applications/STM32CubeIDE.app/Contents/Eclipse/plugins/com.st.stm32cube.ide.mcu.externaltools.gnu-tools-for-stm32.11.3.rel1.macos64_1.1.0.202305231506/tools/bin/../lib/gcc/arm-none-eabi/11.3.1/../../../../arm-none-eabi/lib/thumb/v7e-m+fp/hard/libc_nano.a(libc_a-findfp.o)
                0x000000000800d05c                __sinit
 .text._fwalk_sglue
                0x000000000800d08c       0x3c /Applications/STM32CubeIDE.app/Contents/Eclipse/plugins/com.st.stm32cube.ide.mcu.externaltools.gnu-tools-for-stm32.11.3.rel1.macos64_1.1.0.202305231506/tools/bin/../lib/gcc/arm-none-eabi/11.3.1/../../../../arm-none-eabi/lib/thumb/v7e-m+fp/hard/libc_nano.a(libc_a-fwalk.o)
                0x000000000800d08c                _fwalk_sglue
 .text.memset   0x000000000800d0c8       0x10 /Applications/STM32CubeIDE.app/Contents/Eclipse/plugins/com.st.stm32cube.ide.mcu.externaltools.gnu-tools-for-stm32.11.3.rel1.macos64_1.1.0.202305231506/tools/bin/../lib/gcc/arm-none-eabi/11.3.1/../../../../arm-none-eabi/lib/thumb/v7e-m+fp/hard/libc_nano.a(libc_a-memset.o)
                0x000000000800d0c8                memset
 .text._localeconv_r
                0x000000000800d0d8        0x8 /Applications/STM32CubeIDE.app/Contents/Eclipse/plugins/com.st.stm32cube.ide.mcu.externaltools.gnu-tools-for-stm32.11.3.rel1.macos64_1.1.0.202305231506/tools/bin/../lib/gcc/arm-none-eabi/11.3.1/../../../../arm-none-eabi/lib/thumb/v7e-m+fp/hard/libc_nano.a(libc_a-localeconv.o)
                0x000000000800d0d8                _localeconv_r
 .text.__errno  0x000000000800d0e0        0xc /Applications/STM32CubeIDE.app/Contents/Eclipse/plugins/com.st.stm32cube.ide.mcu.externaltools.gnu-tools-for-stm32.11.3.rel1.macos64_1.1.0.202305231506/tools/bin/../lib/gcc/arm-none-eabi/11.3.1/../../../../arm-none-eabi/lib/thumb/v7e-m+fp/hard/libc_nano.a(libc_a-errno.o)
                0x000000000800d0e0                __errno
 .text.__libc_init_array
                0x000000000800d0ec       0x48 /Applications/STM32CubeIDE.app/Contents/Eclipse/plugins/com.st.stm32cube.ide.mcu.externaltools.gnu-tools-for-stm32.11.3.rel1.macos64_1.1.0.202305231506/tools/bin/../lib/gcc/arm-none-eabi/11.3.1/../../../../arm-none-eabi/lib/thumb/v7e-m+fp/hard/libc_nano.a(libc_a-init.o)
                0x000000000800d0ec                __libc_init_array
 .text.__retarget_lock_acquire_recursive
                0x000000000800d134        0x2 /Applications/STM32CubeIDE.app/Contents/Eclipse/plugins/com.st.stm32cube.ide.mcu.externaltools.gnu-tools-for-stm32.11.3.rel1.macos64_1.1.0.202305231506/tools/bin/../lib/gcc/arm-none-eabi/11.3.1/../../../../arm-none-eabi/lib/thumb/v7e-m+fp/hard/libc_nano.a(libc_a-lock.o)
                0x000000000800d134                __retarget_lock_acquire_recursive
 .text.__retarget_lock_release_recursive
                0x000000000800d136        0x2 /Applications/STM32CubeIDE.app/Contents/Eclipse/plugins/com.st.stm32cube.ide.mcu.externaltools.gnu-tools-for-stm32.11.3.rel1.macos64_1.1.0.202305231506/tools/bin/../lib/gcc/arm-none-eabi/11.3.1/../../../../arm-none-eabi/lib/thumb/v7e-m+fp/hard/libc_nano.a(libc_a-lock.o)
                0x000000000800d136                __retarget_lock_release_recursive
 .text.memcpy   0x000000000800d138       0x1c /Applications/STM32CubeIDE.app/Contents/Eclipse/plugins/com.st.stm32cube.ide.mcu.externaltools.gnu-tools-for-stm32.11.3.rel1.macos64_1.1.0.202305231506/tools/bin/../lib/gcc/arm-none-eabi/11.3.1/../../../../arm-none-eabi/lib/thumb/v7e-m+fp/hard/libc_nano.a(libc_a-memcpy-stub.o)
                0x000000000800d138                memcpy
 .text.quorem   0x000000000800d154      0x110 /Applications/STM32CubeIDE.app/Contents/Eclipse/plugins/com.st.stm32cube.ide.mcu.externaltools.gnu-tools-for-stm32.11.3.rel1.macos64_1.1.0.202305231506/tools/bin/../lib/gcc/arm-none-eabi/11.3.1/../../../../arm-none-eabi/lib/thumb/v7e-m+fp/hard/libc_nano.a(libc_a-dtoa.o)
 *fill*         0x000000000800d264        0x4 
 .text._dtoa_r  0x000000000800d268      0xbe4 /Applications/STM32CubeIDE.app/Contents/Eclipse/plugins/com.st.stm32cube.ide.mcu.externaltools.gnu-tools-for-stm32.11.3.rel1.macos64_1.1.0.202305231506/tools/bin/../lib/gcc/arm-none-eabi/11.3.1/../../../../arm-none-eabi/lib/thumb/v7e-m+fp/hard/libc_nano.a(libc_a-dtoa.o)
                0x000000000800d268                _dtoa_r
 .text.__ssputs_r
                0x000000000800de4c       0xb4 /Applications/STM32CubeIDE.app/Contents/Eclipse/plugins/com.st.stm32cube.ide.mcu.externaltools.gnu-tools-for-stm32.11.3.rel1.macos64_1.1.0.202305231506/tools/bin/../lib/gcc/arm-none-eabi/11.3.1/../../../../arm-none-eabi/lib/thumb/v7e-m+fp/hard/libc_nano.a(libc_a-nano-svfprintf.o)
                0x000000000800de4c                __ssputs_r
 .text._svfprintf_r
                0x000000000800df00      0x1fc /Applications/STM32CubeIDE.app/Contents/Eclipse/plugins/com.st.stm32cube.ide.mcu.externaltools.gnu-tools-for-stm32.11.3.rel1.macos64_1.1.0.202305231506/tools/bin/../lib/gcc/arm-none-eabi/11.3.1/../../../../arm-none-eabi/lib/thumb/v7e-m+fp/hard/libc_nano.a(libc_a-nano-svfprintf.o)
                0x000000000800df00                _svfprintf_r
                0x000000000800df00                _svfiprintf_r
 .text.malloc   0x000000000800e0fc       0x10 /Applications/STM32CubeIDE.app/Contents/Eclipse/plugins/com.st.stm32cube.ide.mcu.externaltools.gnu-tools-for-stm32.11.3.rel1.macos64_1.1.0.202305231506/tools/bin/../lib/gcc/arm-none-eabi/11.3.1/../../../../arm-none-eabi/lib/thumb/v7e-m+fp/hard/libc_nano.a(libc_a-malloc.o)
                0x000000000800e0fc                malloc
 .text.sbrk_aligned
                0x000000000800e10c       0x40 /Applications/STM32CubeIDE.app/Contents/Eclipse/plugins/com.st.stm32cube.ide.mcu.externaltools.gnu-tools-for-stm32.11.3.rel1.macos64_1.1.0.202305231506/tools/bin/../lib/gcc/arm-none-eabi/11.3.1/../../../../arm-none-eabi/lib/thumb/v7e-m+fp/hard/libc_nano.a(libc_a-mallocr.o)
 .text._malloc_r
                0x000000000800e14c      0x100 /Applications/STM32CubeIDE.app/Contents/Eclipse/plugins/com.st.stm32cube.ide.mcu.externaltools.gnu-tools-for-stm32.11.3.rel1.macos64_1.1.0.202305231506/tools/bin/../lib/gcc/arm-none-eabi/11.3.1/../../../../arm-none-eabi/lib/thumb/v7e-m+fp/hard/libc_nano.a(libc_a-mallocr.o)
                0x000000000800e14c                _malloc_r
 .text.__sflush_r
                0x000000000800e24c      0x10c /Applications/STM32CubeIDE.app/Contents/Eclipse/plugins/com.st.stm32cube.ide.mcu.externaltools.gnu-tools-for-stm32.11.3.rel1.macos64_1.1.0.202305231506/tools/bin/../lib/gcc/arm-none-eabi/11.3.1/../../../../arm-none-eabi/lib/thumb/v7e-m+fp/hard/libc_nano.a(libc_a-fflush.o)
                0x000000000800e24c                __sflush_r
 .text._fflush_r
                0x000000000800e358       0x50 /Applications/STM32CubeIDE.app/Contents/Eclipse/plugins/com.st.stm32cube.ide.mcu.externaltools.gnu-tools-for-stm32.11.3.rel1.macos64_1.1.0.202305231506/tools/bin/../lib/gcc/arm-none-eabi/11.3.1/../../../../arm-none-eabi/lib/thumb/v7e-m+fp/hard/libc_nano.a(libc_a-fflush.o)
                0x000000000800e358                _fflush_r
 .text.__malloc_lock
                0x000000000800e3a8        0xc /Applications/STM32CubeIDE.app/Contents/Eclipse/plugins/com.st.stm32cube.ide.mcu.externaltools.gnu-tools-for-stm32.11.3.rel1.macos64_1.1.0.202305231506/tools/bin/../lib/gcc/arm-none-eabi/11.3.1/../../../../arm-none-eabi/lib/thumb/v7e-m+fp/hard/libc_nano.a(libc_a-mlock.o)
                0x000000000800e3a8                __malloc_lock
 .text.__malloc_unlock
                0x000000000800e3b4        0xc /Applications/STM32CubeIDE.app/Contents/Eclipse/plugins/com.st.stm32cube.ide.mcu.externaltools.gnu-tools-for-stm32.11.3.rel1.macos64_1.1.0.202305231506/tools/bin/../lib/gcc/arm-none-eabi/11.3.1/../../../../arm-none-eabi/lib/thumb/v7e-m+fp/hard/libc_nano.a(libc_a-mlock.o)
                0x000000000800e3b4                __malloc_unlock
 .text._Balloc  0x000000000800e3c0       0x80 /Applications/STM32CubeIDE.app/Contents/Eclipse/plugins/com.st.stm32cube.ide.mcu.externaltools.gnu-tools-for-stm32.11.3.rel1.macos64_1.1.0.202305231506/tools/bin/../lib/gcc/arm-none-eabi/11.3.1/../../../../arm-none-eabi/lib/thumb/v7e-m+fp/hard/libc_nano.a(libc_a-mprec.o)
                0x000000000800e3c0                _Balloc
 .text._Bfree   0x000000000800e440       0x44 /Applications/STM32CubeIDE.app/Contents/Eclipse/plugins/com.st.stm32cube.ide.mcu.externaltools.gnu-tools-for-stm32.11.3.rel1.macos64_1.1.0.202305231506/tools/bin/../lib/gcc/arm-none-eabi/11.3.1/../../../../arm-none-eabi/lib/thumb/v7e-m+fp/hard/libc_nano.a(libc_a-mprec.o)
                0x000000000800e440                _Bfree
 .text.__multadd
                0x000000000800e484       0x8c /Applications/STM32CubeIDE.app/Contents/Eclipse/plugins/com.st.stm32cube.ide.mcu.externaltools.gnu-tools-for-stm32.11.3.rel1.macos64_1.1.0.202305231506/tools/bin/../lib/gcc/arm-none-eabi/11.3.1/../../../../arm-none-eabi/lib/thumb/v7e-m+fp/hard/libc_nano.a(libc_a-mprec.o)
                0x000000000800e484                __multadd
 .text.__hi0bits
                0x000000000800e510       0x40 /Applications/STM32CubeIDE.app/Contents/Eclipse/plugins/com.st.stm32cube.ide.mcu.externaltools.gnu-tools-for-stm32.11.3.rel1.macos64_1.1.0.202305231506/tools/bin/../lib/gcc/arm-none-eabi/11.3.1/../../../../arm-none-eabi/lib/thumb/v7e-m+fp/hard/libc_nano.a(libc_a-mprec.o)
                0x000000000800e510                __hi0bits
 .text.__lo0bits
                0x000000000800e550       0x5a /Applications/STM32CubeIDE.app/Contents/Eclipse/plugins/com.st.stm32cube.ide.mcu.externaltools.gnu-tools-for-stm32.11.3.rel1.macos64_1.1.0.202305231506/tools/bin/../lib/gcc/arm-none-eabi/11.3.1/../../../../arm-none-eabi/lib/thumb/v7e-m+fp/hard/libc_nano.a(libc_a-mprec.o)
                0x000000000800e550                __lo0bits
 *fill*         0x000000000800e5aa        0x2 
 .text.__i2b    0x000000000800e5ac       0x2c /Applications/STM32CubeIDE.app/Contents/Eclipse/plugins/com.st.stm32cube.ide.mcu.externaltools.gnu-tools-for-stm32.11.3.rel1.macos64_1.1.0.202305231506/tools/bin/../lib/gcc/arm-none-eabi/11.3.1/../../../../arm-none-eabi/lib/thumb/v7e-m+fp/hard/libc_nano.a(libc_a-mprec.o)
                0x000000000800e5ac                __i2b
 .text.__multiply
                0x000000000800e5d8      0x154 /Applications/STM32CubeIDE.app/Contents/Eclipse/plugins/com.st.stm32cube.ide.mcu.externaltools.gnu-tools-for-stm32.11.3.rel1.macos64_1.1.0.202305231506/tools/bin/../lib/gcc/arm-none-eabi/11.3.1/../../../../arm-none-eabi/lib/thumb/v7e-m+fp/hard/libc_nano.a(libc_a-mprec.o)
                0x000000000800e5d8                __multiply
 .text.__pow5mult
                0x000000000800e72c       0xb4 /Applications/STM32CubeIDE.app/Contents/Eclipse/plugins/com.st.stm32cube.ide.mcu.externaltools.gnu-tools-for-stm32.11.3.rel1.macos64_1.1.0.202305231506/tools/bin/../lib/gcc/arm-none-eabi/11.3.1/../../../../arm-none-eabi/lib/thumb/v7e-m+fp/hard/libc_nano.a(libc_a-mprec.o)
                0x000000000800e72c                __pow5mult
 .text.__lshift
                0x000000000800e7e0       0xd8 /Applications/STM32CubeIDE.app/Contents/Eclipse/plugins/com.st.stm32cube.ide.mcu.externaltools.gnu-tools-for-stm32.11.3.rel1.macos64_1.1.0.202305231506/tools/bin/../lib/gcc/arm-none-eabi/11.3.1/../../../../arm-none-eabi/lib/thumb/v7e-m+fp/hard/libc_nano.a(libc_a-mprec.o)
                0x000000000800e7e0                __lshift
 .text.__mcmp   0x000000000800e8b8       0x38 /Applications/STM32CubeIDE.app/Contents/Eclipse/plugins/com.st.stm32cube.ide.mcu.externaltools.gnu-tools-for-stm32.11.3.rel1.macos64_1.1.0.202305231506/tools/bin/../lib/gcc/arm-none-eabi/11.3.1/../../../../arm-none-eabi/lib/thumb/v7e-m+fp/hard/libc_nano.a(libc_a-mprec.o)
                0x000000000800e8b8                __mcmp
 .text.__mdiff  0x000000000800e8f0      0x114 /Applications/STM32CubeIDE.app/Contents/Eclipse/plugins/com.st.stm32cube.ide.mcu.externaltools.gnu-tools-for-stm32.11.3.rel1.macos64_1.1.0.202305231506/tools/bin/../lib/gcc/arm-none-eabi/11.3.1/../../../../arm-none-eabi/lib/thumb/v7e-m+fp/hard/libc_nano.a(libc_a-mprec.o)
                0x000000000800e8f0                __mdiff
 .text.__d2b    0x000000000800ea04       0xb4 /Applications/STM32CubeIDE.app/Contents/Eclipse/plugins/com.st.stm32cube.ide.mcu.externaltools.gnu-tools-for-stm32.11.3.rel1.macos64_1.1.0.202305231506/tools/bin/../lib/gcc/arm-none-eabi/11.3.1/../../../../arm-none-eabi/lib/thumb/v7e-m+fp/hard/libc_nano.a(libc_a-mprec.o)
                0x000000000800ea04                __d2b
 .text.__sread  0x000000000800eab8       0x22 /Applications/STM32CubeIDE.app/Contents/Eclipse/plugins/com.st.stm32cube.ide.mcu.externaltools.gnu-tools-for-stm32.11.3.rel1.macos64_1.1.0.202305231506/tools/bin/../lib/gcc/arm-none-eabi/11.3.1/../../../../arm-none-eabi/lib/thumb/v7e-m+fp/hard/libc_nano.a(libc_a-stdio.o)
                0x000000000800eab8                __sread
 .text.__swrite
                0x000000000800eada       0x38 /Applications/STM32CubeIDE.app/Contents/Eclipse/plugins/com.st.stm32cube.ide.mcu.externaltools.gnu-tools-for-stm32.11.3.rel1.macos64_1.1.0.202305231506/tools/bin/../lib/gcc/arm-none-eabi/11.3.1/../../../../arm-none-eabi/lib/thumb/v7e-m+fp/hard/libc_nano.a(libc_a-stdio.o)
                0x000000000800eada                __swrite
 .text.__sseek  0x000000000800eb12       0x24 /Applications/STM32CubeIDE.app/Contents/Eclipse/plugins/com.st.stm32cube.ide.mcu.externaltools.gnu-tools-for-stm32.11.3.rel1.macos64_1.1.0.202305231506/tools/bin/../lib/gcc/arm-none-eabi/11.3.1/../../../../arm-none-eabi/lib/thumb/v7e-m+fp/hard/libc_nano.a(libc_a-stdio.o)
                0x000000000800eb12                __sseek
 .text.__sclose
                0x000000000800eb36        0x8 /Applications/STM32CubeIDE.app/Contents/Eclipse/plugins/com.st.stm32cube.ide.mcu.externaltools.gnu-tools-for-stm32.11.3.rel1.macos64_1.1.0.202305231506/tools/bin/../lib/gcc/arm-none-eabi/11.3.1/../../../../arm-none-eabi/lib/thumb/v7e-m+fp/hard/libc_nano.a(libc_a-stdio.o)
                0x000000000800eb36                __sclose
 .text._realloc_r
                0x000000000800eb3e       0x5e /Applications/STM32CubeIDE.app/Contents/Eclipse/plugins/com.st.stm32cube.ide.mcu.externaltools.gnu-tools-for-stm32.11.3.rel1.macos64_1.1.0.202305231506/tools/bin/../lib/gcc/arm-none-eabi/11.3.1/../../../../arm-none-eabi/lib/thumb/v7e-m+fp/hard/libc_nano.a(libc_a-reallocr.o)
                0x000000000800eb3e                _realloc_r
 .text.memmove  0x000000000800eb9c       0x34 /Applications/STM32CubeIDE.app/Contents/Eclipse/plugins/com.st.stm32cube.ide.mcu.externaltools.gnu-tools-for-stm32.11.3.rel1.macos64_1.1.0.202305231506/tools/bin/../lib/gcc/arm-none-eabi/11.3.1/../../../../arm-none-eabi/lib/thumb/v7e-m+fp/hard/libc_nano.a(libc_a-memmove.o)
                0x000000000800eb9c                memmove
 .text._close_r
                0x000000000800ebd0       0x20 /Applications/STM32CubeIDE.app/Contents/Eclipse/plugins/com.st.stm32cube.ide.mcu.externaltools.gnu-tools-for-stm32.11.3.rel1.macos64_1.1.0.202305231506/tools/bin/../lib/gcc/arm-none-eabi/11.3.1/../../../../arm-none-eabi/lib/thumb/v7e-m+fp/hard/libc_nano.a(libc_a-closer.o)
                0x000000000800ebd0                _close_r
 .text._lseek_r
                0x000000000800ebf0       0x24 /Applications/STM32CubeIDE.app/Contents/Eclipse/plugins/com.st.stm32cube.ide.mcu.externaltools.gnu-tools-for-stm32.11.3.rel1.macos64_1.1.0.202305231506/tools/bin/../lib/gcc/arm-none-eabi/11.3.1/../../../../arm-none-eabi/lib/thumb/v7e-m+fp/hard/libc_nano.a(libc_a-lseekr.o)
                0x000000000800ebf0                _lseek_r
 .text._read_r  0x000000000800ec14       0x24 /Applications/STM32CubeIDE.app/Contents/Eclipse/plugins/com.st.stm32cube.ide.mcu.externaltools.gnu-tools-for-stm32.11.3.rel1.macos64_1.1.0.202305231506/tools/bin/../lib/gcc/arm-none-eabi/11.3.1/../../../../arm-none-eabi/lib/thumb/v7e-m+fp/hard/libc_nano.a(libc_a-readr.o)
                0x000000000800ec14                _read_r
 .text._sbrk_r  0x000000000800ec38       0x20 /Applications/STM32CubeIDE.app/Contents/Eclipse/plugins/com.st.stm32cube.ide.mcu.externaltools.gnu-tools-for-stm32.11.3.rel1.macos64_1.1.0.202305231506/tools/bin/../lib/gcc/arm-none-eabi/11.3.1/../../../../arm-none-eabi/lib/thumb/v7e-m+fp/hard/libc_nano.a(libc_a-sbrkr.o)
                0x000000000800ec38                _sbrk_r
 .text._write_r
                0x000000000800ec58       0x24 /Applications/STM32CubeIDE.app/Contents/Eclipse/plugins/com.st.stm32cube.ide.mcu.externaltools.gnu-tools-for-stm32.11.3.rel1.macos64_1.1.0.202305231506/tools/bin/../lib/gcc/arm-none-eabi/11.3.1/../../../../arm-none-eabi/lib/thumb/v7e-m+fp/hard/libc_nano.a(libc_a-writer.o)
                0x000000000800ec58                _write_r
 .text.__assert_func
                0x000000000800ec7c       0x3c /Applications/STM32CubeIDE.app/Contents/Eclipse/plugins/com.st.stm32cube.ide.mcu.externaltools.gnu-tools-for-stm32.11.3.rel1.macos64_1.1.0.202305231506/tools/bin/../lib/gcc/arm-none-eabi/11.3.1/../../../../arm-none-eabi/lib/thumb/v7e-m+fp/hard/libc_nano.a(libc_a-assert.o)
                0x000000000800ec7c                __assert_func
 .text._calloc_r
                0x000000000800ecb8       0x2c /Applications/STM32CubeIDE.app/Contents/Eclipse/plugins/com.st.stm32cube.ide.mcu.externaltools.gnu-tools-for-stm32.11.3.rel1.macos64_1.1.0.202305231506/tools/bin/../lib/gcc/arm-none-eabi/11.3.1/../../../../arm-none-eabi/lib/thumb/v7e-m+fp/hard/libc_nano.a(libc_a-callocr.o)
                0x000000000800ecb8                _calloc_r
 .text._free_r  0x000000000800ece4       0x98 /Applications/STM32CubeIDE.app/Contents/Eclipse/plugins/com.st.stm32cube.ide.mcu.externaltools.gnu-tools-for-stm32.11.3.rel1.macos64_1.1.0.202305231506/tools/bin/../lib/gcc/arm-none-eabi/11.3.1/../../../../arm-none-eabi/lib/thumb/v7e-m+fp/hard/libc_nano.a(libc_a-freer.o)
                0x000000000800ece4                _free_r
 .text.__ascii_mbtowc
                0x000000000800ed7c       0x24 /Applications/STM32CubeIDE.app/Contents/Eclipse/plugins/com.st.stm32cube.ide.mcu.externaltools.gnu-tools-for-stm32.11.3.rel1.macos64_1.1.0.202305231506/tools/bin/../lib/gcc/arm-none-eabi/11.3.1/../../../../arm-none-eabi/lib/thumb/v7e-m+fp/hard/libc_nano.a(libc_a-mbtowc_r.o)
                0x000000000800ed7c                __ascii_mbtowc
 .text._malloc_usable_size_r
                0x000000000800eda0       0x10 /Applications/STM32CubeIDE.app/Contents/Eclipse/plugins/com.st.stm32cube.ide.mcu.externaltools.gnu-tools-for-stm32.11.3.rel1.macos64_1.1.0.202305231506/tools/bin/../lib/gcc/arm-none-eabi/11.3.1/../../../../arm-none-eabi/lib/thumb/v7e-m+fp/hard/libc_nano.a(libc_a-msizer.o)
                0x000000000800eda0                _malloc_usable_size_r
 .text.fprintf  0x000000000800edb0       0x24 /Applications/STM32CubeIDE.app/Contents/Eclipse/plugins/com.st.stm32cube.ide.mcu.externaltools.gnu-tools-for-stm32.11.3.rel1.macos64_1.1.0.202305231506/tools/bin/../lib/gcc/arm-none-eabi/11.3.1/../../../../arm-none-eabi/lib/thumb/v7e-m+fp/hard/libc_nano.a(libc_a-fprintf.o)
                0x000000000800edb0                fprintf
                0x000000000800edb0                fiprintf
 .text.__ascii_wctomb
                0x000000000800edd4       0x1a /Applications/STM32CubeIDE.app/Contents/Eclipse/plugins/com.st.stm32cube.ide.mcu.externaltools.gnu-tools-for-stm32.11.3.rel1.macos64_1.1.0.202305231506/tools/bin/../lib/gcc/arm-none-eabi/11.3.1/../../../../arm-none-eabi/lib/thumb/v7e-m+fp/hard/libc_nano.a(libc_a-wctomb_r.o)
                0x000000000800edd4                __ascii_wctomb
 .text.abort    0x000000000800edee        0xe /Applications/STM32CubeIDE.app/Contents/Eclipse/plugins/com.st.stm32cube.ide.mcu.externaltools.gnu-tools-for-stm32.11.3.rel1.macos64_1.1.0.202305231506/tools/bin/../lib/gcc/arm-none-eabi/11.3.1/../../../../arm-none-eabi/lib/thumb/v7e-m+fp/hard/libc_nano.a(libc_a-abort.o)
                0x000000000800edee                abort
 .text.__sfputc_r
                0x000000000800edfc       0x2e /Applications/STM32CubeIDE.app/Contents/Eclipse/plugins/com.st.stm32cube.ide.mcu.externaltools.gnu-tools-for-stm32.11.3.rel1.macos64_1.1.0.202305231506/tools/bin/../lib/gcc/arm-none-eabi/11.3.1/../../../../arm-none-eabi/lib/thumb/v7e-m+fp/hard/libc_nano.a(libc_a-nano-vfprintf.o)
 .text.__sfputs_r
                0x000000000800ee2a       0x24 /Applications/STM32CubeIDE.app/Contents/Eclipse/plugins/com.st.stm32cube.ide.mcu.externaltools.gnu-tools-for-stm32.11.3.rel1.macos64_1.1.0.202305231506/tools/bin/../lib/gcc/arm-none-eabi/11.3.1/../../../../arm-none-eabi/lib/thumb/v7e-m+fp/hard/libc_nano.a(libc_a-nano-vfprintf.o)
                0x000000000800ee2a                __sfputs_r
 *fill*         0x000000000800ee4e        0x2 
 .text._vfprintf_r
                0x000000000800ee50      0x234 /Applications/STM32CubeIDE.app/Contents/Eclipse/plugins/com.st.stm32cube.ide.mcu.externaltools.gnu-tools-for-stm32.11.3.rel1.macos64_1.1.0.202305231506/tools/bin/../lib/gcc/arm-none-eabi/11.3.1/../../../../arm-none-eabi/lib/thumb/v7e-m+fp/hard/libc_nano.a(libc_a-nano-vfprintf.o)
                0x000000000800ee50                _vfiprintf_r
                0x000000000800ee50                _vfprintf_r
 .text.__swbuf_r
                0x000000000800f084       0x7a /Applications/STM32CubeIDE.app/Contents/Eclipse/plugins/com.st.stm32cube.ide.mcu.externaltools.gnu-tools-for-stm32.11.3.rel1.macos64_1.1.0.202305231506/tools/bin/../lib/gcc/arm-none-eabi/11.3.1/../../../../arm-none-eabi/lib/thumb/v7e-m+fp/hard/libc_nano.a(libc_a-wbuf.o)
                0x000000000800f084                __swbuf_r
 *fill*         0x000000000800f0fe        0x2 
 .text.__swsetup_r
                0x000000000800f100       0xb0 /Applications/STM32CubeIDE.app/Contents/Eclipse/plugins/com.st.stm32cube.ide.mcu.externaltools.gnu-tools-for-stm32.11.3.rel1.macos64_1.1.0.202305231506/tools/bin/../lib/gcc/arm-none-eabi/11.3.1/../../../../arm-none-eabi/lib/thumb/v7e-m+fp/hard/libc_nano.a(libc_a-wsetup.o)
                0x000000000800f100                __swsetup_r
 .text.__swhatbuf_r
                0x000000000800f1b0       0x4c /Applications/STM32CubeIDE.app/Contents/Eclipse/plugins/com.st.stm32cube.ide.mcu.externaltools.gnu-tools-for-stm32.11.3.rel1.macos64_1.1.0.202305231506/tools/bin/../lib/gcc/arm-none-eabi/11.3.1/../../../../arm-none-eabi/lib/thumb/v7e-m+fp/hard/libc_nano.a(libc_a-makebuf.o)
                0x000000000800f1b0                __swhatbuf_r
 .text.__smakebuf_r
                0x000000000800f1fc       0x78 /Applications/STM32CubeIDE.app/Contents/Eclipse/plugins/com.st.stm32cube.ide.mcu.externaltools.gnu-tools-for-stm32.11.3.rel1.macos64_1.1.0.202305231506/tools/bin/../lib/gcc/arm-none-eabi/11.3.1/../../../../arm-none-eabi/lib/thumb/v7e-m+fp/hard/libc_nano.a(libc_a-makebuf.o)
                0x000000000800f1fc                __smakebuf_r
 .text._fstat_r
                0x000000000800f274       0x24 /Applications/STM32CubeIDE.app/Contents/Eclipse/plugins/com.st.stm32cube.ide.mcu.externaltools.gnu-tools-for-stm32.11.3.rel1.macos64_1.1.0.202305231506/tools/bin/../lib/gcc/arm-none-eabi/11.3.1/../../../../arm-none-eabi/lib/thumb/v7e-m+fp/hard/libc_nano.a(libc_a-fstatr.o)
                0x000000000800f274                _fstat_r
 .text._isatty_r
                0x000000000800f298       0x20 /Applications/STM32CubeIDE.app/Contents/Eclipse/plugins/com.st.stm32cube.ide.mcu.externaltools.gnu-tools-for-stm32.11.3.rel1.macos64_1.1.0.202305231506/tools/bin/../lib/gcc/arm-none-eabi/11.3.1/../../../../arm-none-eabi/lib/thumb/v7e-m+fp/hard/libc_nano.a(libc_a-isattyr.o)
                0x000000000800f298                _isatty_r
 .text._raise_r
                0x000000000800f2b8       0x50 /Applications/STM32CubeIDE.app/Contents/Eclipse/plugins/com.st.stm32cube.ide.mcu.externaltools.gnu-tools-for-stm32.11.3.rel1.macos64_1.1.0.202305231506/tools/bin/../lib/gcc/arm-none-eabi/11.3.1/../../../../arm-none-eabi/lib/thumb/v7e-m+fp/hard/libc_nano.a(libc_a-signal.o)
                0x000000000800f2b8                _raise_r
 .text.raise    0x000000000800f308       0x10 /Applications/STM32CubeIDE.app/Contents/Eclipse/plugins/com.st.stm32cube.ide.mcu.externaltools.gnu-tools-for-stm32.11.3.rel1.macos64_1.1.0.202305231506/tools/bin/../lib/gcc/arm-none-eabi/11.3.1/../../../../arm-none-eabi/lib/thumb/v7e-m+fp/hard/libc_nano.a(libc_a-signal.o)
                0x000000000800f308                raise
 .text._kill_r  0x000000000800f318       0x24 /Applications/STM32CubeIDE.app/Contents/Eclipse/plugins/com.st.stm32cube.ide.mcu.externaltools.gnu-tools-for-stm32.11.3.rel1.macos64_1.1.0.202305231506/tools/bin/../lib/gcc/arm-none-eabi/11.3.1/../../../../arm-none-eabi/lib/thumb/v7e-m+fp/hard/libc_nano.a(libc_a-signalr.o)
                0x000000000800f318                _kill_r
 .text._getpid_r
                0x000000000800f33c        0x4 /Applications/STM32CubeIDE.app/Contents/Eclipse/plugins/com.st.stm32cube.ide.mcu.externaltools.gnu-tools-for-stm32.11.3.rel1.macos64_1.1.0.202305231506/tools/bin/../lib/gcc/arm-none-eabi/11.3.1/../../../../arm-none-eabi/lib/thumb/v7e-m+fp/hard/libc_nano.a(libc_a-signalr.o)
                0x000000000800f33c                _getpid_r
 *(.glue_7)
 .glue_7        0x000000000800f340        0x0 linker stubs
 *(.glue_7t)
 .glue_7t       0x000000000800f340        0x0 linker stubs
 *(.eh_frame)
 .eh_frame      0x000000000800f340        0x0 /Applications/STM32CubeIDE.app/Contents/Eclipse/plugins/com.st.stm32cube.ide.mcu.externaltools.gnu-tools-for-stm32.11.3.rel1.macos64_1.1.0.202305231506/tools/bin/../lib/gcc/arm-none-eabi/11.3.1/thumb/v7e-m+fp/hard/crtbegin.o
 *(.init)
 .init          0x000000000800f340        0x4 /Applications/STM32CubeIDE.app/Contents/Eclipse/plugins/com.st.stm32cube.ide.mcu.externaltools.gnu-tools-for-stm32.11.3.rel1.macos64_1.1.0.202305231506/tools/bin/../lib/gcc/arm-none-eabi/11.3.1/thumb/v7e-m+fp/hard/crti.o
                0x000000000800f340                _init
 .init          0x000000000800f344        0x8 /Applications/STM32CubeIDE.app/Contents/Eclipse/plugins/com.st.stm32cube.ide.mcu.externaltools.gnu-tools-for-stm32.11.3.rel1.macos64_1.1.0.202305231506/tools/bin/../lib/gcc/arm-none-eabi/11.3.1/thumb/v7e-m+fp/hard/crtn.o
 *(.fini)
 .fini          0x000000000800f34c        0x4 /Applications/STM32CubeIDE.app/Contents/Eclipse/plugins/com.st.stm32cube.ide.mcu.externaltools.gnu-tools-for-stm32.11.3.rel1.macos64_1.1.0.202305231506/tools/bin/../lib/gcc/arm-none-eabi/11.3.1/thumb/v7e-m+fp/hard/crti.o
                0x000000000800f34c                _fini
 .fini          0x000000000800f350        0x8 /Applications/STM32CubeIDE.app/Contents/Eclipse/plugins/com.st.stm32cube.ide.mcu.externaltools.gnu-tools-for-stm32.11.3.rel1.macos64_1.1.0.202305231506/tools/bin/../lib/gcc/arm-none-eabi/11.3.1/thumb/v7e-m+fp/hard/crtn.o
                0x000000000800f358                . = ALIGN (0x4)
                0x000000000800f358                _etext = .

.vfp11_veneer   0x000000000800f358        0x0
 .vfp11_veneer  0x000000000800f358        0x0 linker stubs
