../Core/Src/main.c:100:6:HAL_GPIO_EXTI_Callback	16	static
../Core/Src/main.c:117:6:HAL_DAC_ConvCpltCallbackCh1	16	static
../Core/Src/main.c:125:6:HAL_TIM_PeriodElapsedCallback	24	static
../Core/Src/main.c:176:6:HAL_DFSDM_FilterRegConvCpltCallback	40	static
../Core/Src/main.c:217:5:main	24	static
../Core/Src/main.c:281:6:SystemClock_Config	96	static
../Core/Src/main.c:332:13:MX_ADC1_Init	32	static
../Core/Src/main.c:390:13:MX_DAC1_Init	48	static
../Core/Src/main.c:442:13:MX_DFSDM1_Init	8	static
../Core/Src/main.c:495:13:MX_TIM2_Init	40	static
../Core/Src/main.c:538:13:MX_DMA_Init	16	static
../Core/Src/main.c:560:13:MX_GPIO_Init	48	static
../Core/Src/main.c:611:6:Error_Handler	4	static,ignoring_inline_asm
