Archive member included to satisfy reference by file (symbol)

/Users/mihailcalitoiu/STM32CubeIDE/workspace_1.13.1/Lab1/Core/Lib/libarm_cortexM4lf_math.a(arm_sin_f32.o)
                              ./Core/Src/asmFunctionSolver.o (arm_sin_f32)
/Users/mihailcalitoiu/STM32CubeIDE/workspace_1.13.1/Lab1/Core/Lib/libarm_cortexM4lf_math.a(arm_cos_f32.o)
                              ./Core/Src/asmFunctionSolver.o (arm_cos_f32)
/Users/mihailcalitoiu/STM32CubeIDE/workspace_1.13.1/Lab1/Core/Lib/libarm_cortexM4lf_math.a(arm_common_tables.o)
                              /Users/mihailcalitoiu/STM32CubeIDE/workspace_1.13.1/Lab1/Core/Lib/libarm_cortexM4lf_math.a(arm_sin_f32.o) (sinTable_f32)
/Applications/STM32CubeIDE.app/Contents/Eclipse/plugins/com.st.stm32cube.ide.mcu.externaltools.gnu-tools-for-stm32.11.3.rel1.macos64_1.1.0.202305231506/tools/bin/../lib/gcc/arm-none-eabi/11.3.1/../../../../arm-none-eabi/lib/thumb/v7e-m+fp/hard/libc_nano.a(libc_a-exit.o)
                              /Applications/STM32CubeIDE.app/Contents/Eclipse/plugins/com.st.stm32cube.ide.mcu.externaltools.gnu-tools-for-stm32.11.3.rel1.macos64_1.1.0.202305231506/tools/bin/../lib/gcc/arm-none-eabi/11.3.1/../../../../arm-none-eabi/lib/thumb/v7e-m+fp/hard/crt0.o (exit)
/Applications/STM32CubeIDE.app/Contents/Eclipse/plugins/com.st.stm32cube.ide.mcu.externaltools.gnu-tools-for-stm32.11.3.rel1.macos64_1.1.0.202305231506/tools/bin/../lib/gcc/arm-none-eabi/11.3.1/../../../../arm-none-eabi/lib/thumb/v7e-m+fp/hard/libc_nano.a(libc_a-findfp.o)
                              /Applications/STM32CubeIDE.app/Contents/Eclipse/plugins/com.st.stm32cube.ide.mcu.externaltools.gnu-tools-for-stm32.11.3.rel1.macos64_1.1.0.202305231506/tools/bin/../lib/gcc/arm-none-eabi/11.3.1/../../../../arm-none-eabi/lib/thumb/v7e-m+fp/hard/libc_nano.a(libc_a-exit.o) (__stdio_exit_handler)
/Applications/STM32CubeIDE.app/Contents/Eclipse/plugins/com.st.stm32cube.ide.mcu.externaltools.gnu-tools-for-stm32.11.3.rel1.macos64_1.1.0.202305231506/tools/bin/../lib/gcc/arm-none-eabi/11.3.1/../../../../arm-none-eabi/lib/thumb/v7e-m+fp/hard/libc_nano.a(libc_a-fwalk.o)
                              /Applications/STM32CubeIDE.app/Contents/Eclipse/plugins/com.st.stm32cube.ide.mcu.externaltools.gnu-tools-for-stm32.11.3.rel1.macos64_1.1.0.202305231506/tools/bin/../lib/gcc/arm-none-eabi/11.3.1/../../../../arm-none-eabi/lib/thumb/v7e-m+fp/hard/libc_nano.a(libc_a-findfp.o) (_fwalk_sglue)
/Applications/STM32CubeIDE.app/Contents/Eclipse/plugins/com.st.stm32cube.ide.mcu.externaltools.gnu-tools-for-stm32.11.3.rel1.macos64_1.1.0.202305231506/tools/bin/../lib/gcc/arm-none-eabi/11.3.1/../../../../arm-none-eabi/lib/thumb/v7e-m+fp/hard/libc_nano.a(libc_a-memset.o)
                              /Applications/STM32CubeIDE.app/Contents/Eclipse/plugins/com.st.stm32cube.ide.mcu.externaltools.gnu-tools-for-stm32.11.3.rel1.macos64_1.1.0.202305231506/tools/bin/../lib/gcc/arm-none-eabi/11.3.1/../../../../arm-none-eabi/lib/thumb/v7e-m+fp/hard/crt0.o (memset)
/Applications/STM32CubeIDE.app/Contents/Eclipse/plugins/com.st.stm32cube.ide.mcu.externaltools.gnu-tools-for-stm32.11.3.rel1.macos64_1.1.0.202305231506/tools/bin/../lib/gcc/arm-none-eabi/11.3.1/../../../../arm-none-eabi/lib/thumb/v7e-m+fp/hard/libc_nano.a(libc_a-impure.o)
                              /Applications/STM32CubeIDE.app/Contents/Eclipse/plugins/com.st.stm32cube.ide.mcu.externaltools.gnu-tools-for-stm32.11.3.rel1.macos64_1.1.0.202305231506/tools/bin/../lib/gcc/arm-none-eabi/11.3.1/../../../../arm-none-eabi/lib/thumb/v7e-m+fp/hard/libc_nano.a(libc_a-findfp.o) (_impure_data)
/Applications/STM32CubeIDE.app/Contents/Eclipse/plugins/com.st.stm32cube.ide.mcu.externaltools.gnu-tools-for-stm32.11.3.rel1.macos64_1.1.0.202305231506/tools/bin/../lib/gcc/arm-none-eabi/11.3.1/../../../../arm-none-eabi/lib/thumb/v7e-m+fp/hard/libc_nano.a(libc_a-errno.o)
                              ./Core/Src/syscalls.o (__errno)
/Applications/STM32CubeIDE.app/Contents/Eclipse/plugins/com.st.stm32cube.ide.mcu.externaltools.gnu-tools-for-stm32.11.3.rel1.macos64_1.1.0.202305231506/tools/bin/../lib/gcc/arm-none-eabi/11.3.1/../../../../arm-none-eabi/lib/thumb/v7e-m+fp/hard/libc_nano.a(libc_a-init.o)
                              /Applications/STM32CubeIDE.app/Contents/Eclipse/plugins/com.st.stm32cube.ide.mcu.externaltools.gnu-tools-for-stm32.11.3.rel1.macos64_1.1.0.202305231506/tools/bin/../lib/gcc/arm-none-eabi/11.3.1/../../../../arm-none-eabi/lib/thumb/v7e-m+fp/hard/crt0.o (__libc_init_array)
/Applications/STM32CubeIDE.app/Contents/Eclipse/plugins/com.st.stm32cube.ide.mcu.externaltools.gnu-tools-for-stm32.11.3.rel1.macos64_1.1.0.202305231506/tools/bin/../lib/gcc/arm-none-eabi/11.3.1/../../../../arm-none-eabi/lib/thumb/v7e-m+fp/hard/libc_nano.a(libc_a-lock.o)
[...]
Memory Configuration

Name             Origin             Length             Attributes
RAM              0x0000000020000000 0x00000000000a0000 xrw
RAM2             0x0000000010000000 0x0000000000010000 xrw
RAM3             0x0000000020040000 0x0000000000060000 xrw
FLASH            0x0000000008000000 0x0000000000200000 xr
*default*        0x0000000000000000 0xffffffffffffffff

Linker script and memory map

LOAD /Applications/STM32CubeIDE.app/Contents/Eclipse/plugins/com.st.stm32cube.ide.mcu.externaltools.gnu-tools-for-stm32.11.3.rel1.macos64_1.1.0.202305231506/tools/bin/../lib/gcc/arm-none-eabi/11.3.1/thumb/v7e-m+fp/hard/crti.o
LOAD /Applications/STM32CubeIDE.app/Contents/Eclipse/plugins/com.st.stm32cube.ide.mcu.externaltools.gnu-tools-for-stm32.11.3.rel1.macos64_1.1.0.202305231506/tools/bin/../lib/gcc/arm-none-eabi/11.3.1/thumb/v7e-m+fp/hard/crtbegin.o
LOAD /Applications/STM32CubeIDE.app/Contents/Eclipse/plugins/com.st.stm32cube.ide.mcu.externaltools.gnu-tools-for-stm32.11.3.rel1.macos64_1.1.0.202305231506/tools/bin/../lib/gcc/arm-none-eabi/11.3.1/../../../../arm-none-eabi/lib/thumb/v7e-m+fp/hard/crt0.o
LOAD ./Core/Src/asmFunctionSolver.o
LOAD ./Core/Src/asmSquareRoot.o
LOAD ./Core/Src/cFunctionSolver.o
LOAD ./Core/Src/cSquareRoot.o
LOAD ./Core/Src/cmax.o
LOAD ./Core/Src/main.o
LOAD ./Core/Src/stm32l4xx_hal_msp.o
LOAD ./Core/Src/stm32l4xx_it.o
LOAD ./Core/Src/syscalls.o
LOAD ./Core/Src/sysmem.o
LOAD ./Core/Src/system_stm32l4xx.o
LOAD ./Core/Startup/startup_stm32l4s5vitx.o
LOAD ./Drivers/STM32L4xx_HAL_Driver/Src/stm32l4xx_hal.o
LOAD ./Drivers/STM32L4xx_HAL_Driver/Src/stm32l4xx_hal_cortex.o
LOAD ./Drivers/STM32L4xx_HAL_Driver/Src/stm32l4xx_hal_dma.o
LOAD ./Drivers/STM32L4xx_HAL_Driver/Src/stm32l4xx_hal_dma_ex.o
LOAD ./Drivers/STM32L4xx_HAL_Driver/Src/stm32l4xx_hal_exti.o
LOAD ./Drivers/STM32L4xx_HAL_Driver/Src/stm32l4xx_hal_flash.o
LOAD ./Drivers/STM32L4xx_HAL_Driver/Src/stm32l4xx_hal_flash_ex.o
LOAD ./Drivers/STM32L4xx_HAL_Driver/Src/stm32l4xx_hal_flash_ramfunc.o
LOAD ./Drivers/STM32L4xx_HAL_Driver/Src/stm32l4xx_hal_gpio.o
LOAD ./Drivers/STM32L4xx_HAL_Driver/Src/stm32l4xx_hal_pwr.o
LOAD ./Drivers/STM32L4xx_HAL_Driver/Src/stm32l4xx_hal_pwr_ex.o
LOAD ./Drivers/STM32L4xx_HAL_Driver/Src/stm32l4xx_hal_rcc.o
LOAD ./Drivers/STM32L4xx_HAL_Driver/Src/stm32l4xx_hal_rcc_ex.o
LOAD ./Drivers/STM32L4xx_HAL_Driver/Src/stm32l4xx_hal_tim.o
LOAD ./Drivers/STM32L4xx_HAL_Driver/Src/stm32l4xx_hal_tim_ex.o
START GROUP
LOAD /Users/mihailcalitoiu/STM32CubeIDE/workspace_1.13.1/Lab1/Core/Lib/libarm_cortexM4lf_math.a
END GROUP
START GROUP
LOAD /Applications/STM32CubeIDE.app/Contents/Eclipse/plugins/com.st.stm32cube.ide.mcu.externaltools.gnu-tools-for-stm32.11.3.rel1.macos64_1.1.0.202305231506/tools/bin/../lib/gcc/arm-none-eabi/11.3.1/../../../../arm-none-eabi/lib/thumb/v7e-m+fp/hard/libc_nano.a
LOAD /Applications/STM32CubeIDE.app/Contents/Eclipse/plugins/com.st.stm32cube.ide.mcu.externaltools.gnu-tools-for-stm32.11.3.rel1.macos64_1.1.0.202305231506/tools/bin/../lib/gcc/arm-none-eabi/11.3.1/../../../../arm-none-eabi/lib/thumb/v7e-m+fp/hard/libm.a
END GROUP
START GROUP
LOAD /Applications/STM32CubeIDE.app/Contents/Eclipse/plugins/com.st.stm32cube.ide.mcu.externaltools.gnu-tools-for-stm32.11.3.rel1.macos64_1.1.0.202305231506/tools/bin/../lib/gcc/arm-none-eabi/11.3.1/thumb/v7e-m+fp/hard/libgcc.a
LOAD /Applications/STM32CubeIDE.app/Contents/Eclipse/plugins/com.st.stm32cube.ide.mcu.externaltools.gnu-tools-for-stm32.11.3.rel1.macos64_1.1.0.202305231506/tools/bin/../lib/gcc/arm-none-eabi/11.3.1/../../../../arm-none-eabi/lib/thumb/v7e-m+fp/hard/libc_nano.a
END GROUP
START GROUP
LOAD /Applications/STM32CubeIDE.app/Contents/Eclipse/plugins/com.st.stm32cube.ide.mcu.externaltools.gnu-tools-for-stm32.11.3.rel1.macos64_1.1.0.202305231506/tools/bin/../lib/gcc/arm-none-eabi/11.3.1/thumb/v7e-m+fp/hard/libgcc.a
LOAD /Applications/STM32CubeIDE.app/Contents/Eclipse/plugins/com.st.stm32cube.ide.mcu.externaltools.gnu-tools-for-stm32.11.3.rel1.macos64_1.1.0.202305231506/tools/bin/../lib/gcc/arm-none-eabi/11.3.1/../../../../arm-none-eabi/lib/thumb/v7e-m+fp/hard/libc_nano.a
LOAD /Applications/STM32CubeIDE.app/Contents/Eclipse/plugins/com.st.stm32cube.ide.mcu.externaltools.gnu-tools-for-stm32.11.3.rel1.macos64_1.1.0.202305231506/tools/bin/../lib/gcc/arm-none-eabi/11.3.1/../../../../arm-none-eabi/lib/thumb/v7e-m+fp/hard/libnosys.a
END GROUP
START GROUP
LOAD /Applications/STM32CubeIDE.app/Contents/Eclipse/plugins/com.st.stm32cube.ide.mcu.externaltools.gnu-tools-for-stm32.11.3.rel1.macos64_1.1.0.202305231506/tools/bin/../lib/gcc/arm-none-eabi/11.3.1/thumb/v7e-m+fp/hard/libgcc.a
LOAD /Applications/STM32CubeIDE.app/Contents/Eclipse/plugins/com.st.stm32cube.ide.mcu.externaltools.gnu-tools-for-stm32.11.3.rel1.macos64_1.1.0.202305231506/tools/bin/../lib/gcc/arm-none-eabi/11.3.1/../../../../arm-none-eabi/lib/thumb/v7e-m+fp/hard/libc_nano.a
LOAD /Applications/STM32CubeIDE.app/Contents/Eclipse/plugins/com.st.stm32cube.ide.mcu.externaltools.gnu-tools-for-stm32.11.3.rel1.macos64_1.1.0.202305231506/tools/bin/../lib/gcc/arm-none-eabi/11.3.1/../../../../arm-none-eabi/lib/thumb/v7e-m+fp/hard/libnosys.a
END GROUP
LOAD /Applications/STM32CubeIDE.app/Contents/Eclipse/plugins/com.st.stm32cube.ide.mcu.externaltools.gnu-tools-for-stm32.11.3.rel1.macos64_1.1.0.202305231506/tools/bin/../lib/gcc/arm-none-eabi/11.3.1/thumb/v7e-m+fp/hard/crtend.o
LOAD /Applications/STM32CubeIDE.app/Contents/Eclipse/plugins/com.st.stm32cube.ide.mcu.externaltools.gnu-tools-for-stm32.11.3.rel1.macos64_1.1.0.202305231506/tools/bin/../lib/gcc/arm-none-eabi/11.3.1/thumb/v7e-m+fp/hard/crtn.o
                0x00000000200a0000                _estack = (ORIGIN (RAM) + LENGTH (RAM))
                0x0000000000000200                _Min_Heap_Size = 0x200
                0x0000000000000400                _Min_Stack_Size = 0x400

.isr_vector     0x0000000008000000      0x1bc
                0x0000000008000000                . = ALIGN (0x4)
 *(.isr_vector)
 .isr_vector    0x0000000008000000      0x1bc ./Core/Startup/startup_stm32l4s5vitx.o
                0x0000000008000000                g_pfnVectors
                0x00000000080001bc                . = ALIGN (0x4)

.text           0x00000000080001c0     0x1df8
                0x00000000080001c0                . = ALIGN (0x4)
 *(.text)
 .text          0x00000000080001c0       0x40 /Applications/STM32CubeIDE.app/Contents/Eclipse/plugins/com.st.stm32cube.ide.mcu.externaltools.gnu-tools-for-stm32.11.3.rel1.macos64_1.1.0.202305231506/tools/bin/../lib/gcc/arm-none-eabi/11.3.1/thumb/v7e-m+fp/hard/crtbegin.o
 .text          0x0000000008000200      0x378 /Applications/STM32CubeIDE.app/Contents/Eclipse/plugins/com.st.stm32cube.ide.mcu.externaltools.gnu-tools-for-stm32.11.3.rel1.macos64_1.1.0.202305231506/tools/bin/../lib/gcc/arm-none-eabi/11.3.1/thumb/v7e-m+fp/hard/libgcc.a(_arm_addsubdf3.o)
                0x0000000008000200                __aeabi_drsub
                0x0000000008000208                __subdf3
                0x0000000008000208                __aeabi_dsub
                0x000000000800020c                __aeabi_dadd
                0x000000000800020c                __adddf3
                0x0000000008000484                __aeabi_ui2d
                0x0000000008000484                __floatunsidf
                0x00000000080004a4                __floatsidf
                0x00000000080004a4                __aeabi_i2d
                0x00000000080004c8                __extendsfdf2
                0x00000000080004c8                __aeabi_f2d
                0x000000000800050c                __aeabi_ul2d
                0x000000000800050c                __floatundidf
                0x000000000800051c                __aeabi_l2d
                0x000000000800051c                __floatdidf
 .text          0x0000000008000578      0x110 /Applications/STM32CubeIDE.app/Contents/Eclipse/plugins/com.st.stm32cube.ide.mcu.externaltools.gnu-tools-for-stm32.11.3.rel1.macos64_1.1.0.202305231506/tools/bin/../lib/gcc/arm-none-eabi/11.3.1/thumb/v7e-m+fp/hard/libgcc.a(_arm_cmpdf2.o)
                0x0000000008000578                __gedf2
                0x0000000008000578                __gtdf2
                0x0000000008000580                __ledf2
                0x0000000008000580                __ltdf2
                0x0000000008000588                __cmpdf2
                0x0000000008000588                __eqdf2
                0x0000000008000588                __nedf2
                0x0000000008000604                __aeabi_cdrcmple
                0x0000000008000614                __aeabi_cdcmple
                0x0000000008000614                __aeabi_cdcmpeq
                0x0000000008000624                __aeabi_dcmpeq
                0x0000000008000638                __aeabi_dcmplt
                0x000000000800064c                __aeabi_dcmple
                0x0000000008000660                __aeabi_dcmpge
                0x0000000008000674                __aeabi_dcmpgt
 *(.text*)
 .text.rodata   0x0000000008000688       0xa8 ./Core/Src/asmFunctionSolver.o
                0x000000000800068c                asmFunctionSolver
 .text.rodata   0x0000000008000730       0x6c ./Core/Src/asmSquareRoot.o
                0x0000000008000734                asmSquareRoot
 .text.cFunctionSolver
                0x000000000800079c       0xfc ./Core/Src/cFunctionSolver.o
                0x000000000800079c                cFunctionSolver
 .text.cSquareRoot
                0x0000000008000898       0xac ./Core/Src/cSquareRoot.o
                0x0000000008000898                cSquareRoot
 .text.main     0x0000000008000944      0x124 ./Core/Src/main.o
                0x0000000008000944                main
 .text.SystemClock_Config
                0x0000000008000a68       0xa2 ./Core/Src/main.o
                0x0000000008000a68                SystemClock_Config
 *fill*         0x0000000008000b0a        0x2 
 .text.MX_GPIO_Init
                0x0000000008000b0c       0x30 ./Core/Src/main.o
 .text.Error_Handler
                0x0000000008000b3c        0xa ./Core/Src/main.o
                0x0000000008000b3c                Error_Handler
 *fill*         0x0000000008000b46        0x2 
 .text.HAL_MspInit
                0x0000000008000b48       0x48 ./Core/Src/stm32l4xx_hal_msp.o
                0x0000000008000b48                HAL_MspInit
 .text.NMI_Handler
                0x0000000008000b90        0x6 ./Core/Src/stm32l4xx_it.o
                0x0000000008000b90                NMI_Handler
 .text.HardFault_Handler
                0x0000000008000b96        0x6 ./Core/Src/stm32l4xx_it.o
                0x0000000008000b96                HardFault_Handler
 .text.MemManage_Handler
                0x0000000008000b9c        0x6 ./Core/Src/stm32l4xx_it.o
                0x0000000008000b9c                MemManage_Handler
 .text.BusFault_Handler
                0x0000000008000ba2        0x6 ./Core/Src/stm32l4xx_it.o
                0x0000000008000ba2                BusFault_Handler
 .text.UsageFault_Handler
                0x0000000008000ba8        0x6 ./Core/Src/stm32l4xx_it.o
                0x0000000008000ba8                UsageFault_Handler
 .text.SVC_Handler
                0x0000000008000bae        0xe ./Core/Src/stm32l4xx_it.o
                0x0000000008000bae                SVC_Handler
 .text.DebugMon_Handler
                0x0000000008000bbc        0xe ./Core/Src/stm32l4xx_it.o
                0x0000000008000bbc                DebugMon_Handler
 .text.PendSV_Handler
                0x0000000008000bca        0xe ./Core/Src/stm32l4xx_it.o
                0x0000000008000bca                PendSV_Handler
 .text.SysTick_Handler
                0x0000000008000bd8        0xc ./Core/Src/stm32l4xx_it.o
                0x0000000008000bd8                SysTick_Handler
 .text.SystemInit
                0x0000000008000be4       0x24 ./Core/Src/system_stm32l4xx.o
                0x0000000008000be4                SystemInit
 .text.Reset_Handler
                0x0000000008000c08       0x50 ./Core/Startup/startup_stm32l4s5vitx.o
                0x0000000008000c08                Reset_Handler
 .text.Default_Handler
                0x0000000008000c58        0x2 ./Core/Startup/startup_stm32l4s5vitx.o
                0x0000000008000c58                TIM1_BRK_TIM15_IRQHandler
                0x0000000008000c58                EXTI2_IRQHandler
                0x0000000008000c58                TIM8_TRG_COM_IRQHandler
                0x0000000008000c58                TIM8_CC_IRQHandler
                0x0000000008000c58                TIM1_CC_IRQHandler
                0x0000000008000c58                TSC_IRQHandler
                0x0000000008000c58                TAMP_STAMP_IRQHandler
                0x0000000008000c58                EXTI3_IRQHandler
                0x0000000008000c58                LPTIM2_IRQHandler
                0x0000000008000c58                DFSDM1_FLT1_IRQHandler
                0x0000000008000c58                GFXMMU_IRQHandler
                0x0000000008000c58                I2C3_ER_IRQHandler
                0x0000000008000c58                DFSDM1_FLT2_IRQHandler
                0x0000000008000c58                EXTI0_IRQHandler
                0x0000000008000c58                I2C2_EV_IRQHandler
                0x0000000008000c58                CAN1_RX0_IRQHandler
                0x0000000008000c58                FPU_IRQHandler
                0x0000000008000c58                TIM1_UP_TIM16_IRQHandler
                0x0000000008000c58                LTDC_ER_IRQHandler
                0x0000000008000c58                SPI1_IRQHandler
                0x0000000008000c58                OCTOSPI1_IRQHandler
                0x0000000008000c58                TIM6_DAC_IRQHandler
                0x0000000008000c58                DCMI_IRQHandler
                0x0000000008000c58                TIM8_UP_IRQHandler
                0x0000000008000c58                OCTOSPI2_IRQHandler
                0x0000000008000c58                DMA2_Channel2_IRQHandler
                0x0000000008000c58                DMA1_Channel4_IRQHandler
                0x0000000008000c58                SAI2_IRQHandler
                0x0000000008000c58                ADC1_IRQHandler
                0x0000000008000c58                DFSDM1_FLT3_IRQHandler
                0x0000000008000c58                USART3_IRQHandler
                0x0000000008000c58                DMA1_Channel7_IRQHandler
                0x0000000008000c58                CAN1_RX1_IRQHandler
                0x0000000008000c58                UART5_IRQHandler
                0x0000000008000c58                TIM4_IRQHandler
                0x0000000008000c58                DMA2_Channel1_IRQHandler
                0x0000000008000c58                I2C1_EV_IRQHandler
                0x0000000008000c58                DMAMUX1_OVR_IRQHandler
                0x0000000008000c58                DMA1_Channel6_IRQHandler
                0x0000000008000c58                UART4_IRQHandler
                0x0000000008000c58                DMA2_Channel4_IRQHandler
                0x0000000008000c58                TIM3_IRQHandler
                0x0000000008000c58                RCC_IRQHandler
                0x0000000008000c58                DMA1_Channel1_IRQHandler
                0x0000000008000c58                Default_Handler
                0x0000000008000c58                DMA2_Channel7_IRQHandler
                0x0000000008000c58                EXTI15_10_IRQHandler
                0x0000000008000c58                TIM7_IRQHandler
                0x0000000008000c58                SDMMC1_IRQHandler
                0x0000000008000c58                TIM5_IRQHandler
                0x0000000008000c58                I2C3_EV_IRQHandler
                0x0000000008000c58                EXTI9_5_IRQHandler
                0x0000000008000c58                RTC_WKUP_IRQHandler
                0x0000000008000c58                LTDC_IRQHandler
                0x0000000008000c58                PVD_PVM_IRQHandler
                0x0000000008000c58                SPI2_IRQHandler
                0x0000000008000c58                CAN1_TX_IRQHandler
                0x0000000008000c58                DMA2_Channel5_IRQHandler
                0x0000000008000c58                DMA1_Channel5_IRQHandler
                0x0000000008000c58                EXTI4_IRQHandler
                0x0000000008000c58                RNG_IRQHandler
                0x0000000008000c58                TIM1_TRG_COM_TIM17_IRQHandler
                0x0000000008000c58                DMA1_Channel3_IRQHandler
                0x0000000008000c58                COMP_IRQHandler
                0x0000000008000c58                HASH_CRS_IRQHandler
                0x0000000008000c58                WWDG_IRQHandler
                0x0000000008000c58                I2C4_EV_IRQHandler
                0x0000000008000c58                LPUART1_IRQHandler
                0x0000000008000c58                DMA2_Channel6_IRQHandler
                0x0000000008000c58                TIM2_IRQHandler
                0x0000000008000c58                DMA2D_IRQHandler
                0x0000000008000c58                EXTI1_IRQHandler
                0x0000000008000c58                AES_IRQHandler
                0x0000000008000c58                USART2_IRQHandler
                0x0000000008000c58                DFSDM1_FLT0_IRQHandler
                0x0000000008000c58                I2C2_ER_IRQHandler
                0x0000000008000c58                DMA1_Channel2_IRQHandler
                0x0000000008000c58                TIM8_BRK_IRQHandler
                0x0000000008000c58                CAN1_SCE_IRQHandler
                0x0000000008000c58                FLASH_IRQHandler
                0x0000000008000c58                USART1_IRQHandler
                0x0000000008000c58                OTG_FS_IRQHandler
                0x0000000008000c58                SPI3_IRQHandler
                0x0000000008000c58                I2C1_ER_IRQHandler
                0x0000000008000c58                FMC_IRQHandler
                0x0000000008000c58                LPTIM1_IRQHandler
                0x0000000008000c58                I2C4_ER_IRQHandler
                0x0000000008000c58                SAI1_IRQHandler
                0x0000000008000c58                DMA2_Channel3_IRQHandler
                0x0000000008000c58                RTC_Alarm_IRQHandler
 .text.HAL_Init
                0x0000000008000c5a       0x30 ./Drivers/STM32L4xx_HAL_Driver/Src/stm32l4xx_hal.o
                0x0000000008000c5a                HAL_Init
 *fill*         0x0000000008000c8a        0x2 
 .text.HAL_InitTick
                0x0000000008000c8c       0x78 ./Drivers/STM32L4xx_HAL_Driver/Src/stm32l4xx_hal.o
                0x0000000008000c8c                HAL_InitTick
 .text.HAL_IncTick
                0x0000000008000d04       0x28 ./Drivers/STM32L4xx_HAL_Driver/Src/stm32l4xx_hal.o
                0x0000000008000d04                HAL_IncTick
 .text.HAL_GetTick
                0x0000000008000d2c       0x18 ./Drivers/STM32L4xx_HAL_Driver/Src/stm32l4xx_hal.o
                0x0000000008000d2c                HAL_GetTick
 .text.__NVIC_SetPriorityGrouping
                0x0000000008000d44       0x48 ./Drivers/STM32L4xx_HAL_Driver/Src/stm32l4xx_hal_cortex.o
 .text.__NVIC_GetPriorityGrouping
                0x0000000008000d8c       0x1c ./Drivers/STM32L4xx_HAL_Driver/Src/stm32l4xx_hal_cortex.o
 .text.__NVIC_SetPriority
                0x0000000008000da8       0x54 ./Drivers/STM32L4xx_HAL_Driver/Src/stm32l4xx_hal_cortex.o
 .text.NVIC_EncodePriority
                0x0000000008000dfc       0x66 ./Drivers/STM32L4xx_HAL_Driver/Src/stm32l4xx_hal_cortex.o
 *fill*         0x0000000008000e62        0x2 
 .text.SysTick_Config
                0x0000000008000e64       0x44 ./Drivers/STM32L4xx_HAL_Driver/Src/stm32l4xx_hal_cortex.o
 .text.HAL_NVIC_SetPriorityGrouping
                0x0000000008000ea8       0x16 ./Drivers/STM32L4xx_HAL_Driver/Src/stm32l4xx_hal_cortex.o
                0x0000000008000ea8                HAL_NVIC_SetPriorityGrouping
 .text.HAL_NVIC_SetPriority
                0x0000000008000ebe       0x38 ./Drivers/STM32L4xx_HAL_Driver/Src/stm32l4xx_hal_cortex.o
                0x0000000008000ebe                HAL_NVIC_SetPriority
 .text.HAL_SYSTICK_Config
                0x0000000008000ef6       0x18 ./Drivers/STM32L4xx_HAL_Driver/Src/stm32l4xx_hal_cortex.o
                0x0000000008000ef6                HAL_SYSTICK_Config
 *fill*         0x0000000008000f0e        0x2 
 .text.HAL_PWREx_GetVoltageRange
                0x0000000008000f10       0x40 ./Drivers/STM32L4xx_HAL_Driver/Src/stm32l4xx_hal_pwr_ex.o
                0x0000000008000f10                HAL_PWREx_GetVoltageRange
 .text.HAL_PWREx_ControlVoltageScaling
                0x0000000008000f50      0x148 ./Drivers/STM32L4xx_HAL_Driver/Src/stm32l4xx_hal_pwr_ex.o
                0x0000000008000f50                HAL_PWREx_ControlVoltageScaling
 .text.HAL_RCC_OscConfig
                0x0000000008001098      0x834 ./Drivers/STM32L4xx_HAL_Driver/Src/stm32l4xx_hal_rcc.o
                0x0000000008001098                HAL_RCC_OscConfig
 .text.HAL_RCC_ClockConfig
                0x00000000080018cc      0x274 ./Drivers/STM32L4xx_HAL_Driver/Src/stm32l4xx_hal_rcc.o
                0x00000000080018cc                HAL_RCC_ClockConfig
 .text.HAL_RCC_GetSysClockFreq
                0x0000000008001b40      0x118 ./Drivers/STM32L4xx_HAL_Driver/Src/stm32l4xx_hal_rcc.o
                0x0000000008001b40                HAL_RCC_GetSysClockFreq
 .text.RCC_SetFlashLatencyFromMSIRange
                0x0000000008001c58       0xb4 ./Drivers/STM32L4xx_HAL_Driver/Src/stm32l4xx_hal_rcc.o
 .text.RCC_GetSysClockFreqFromPLLSource
                0x0000000008001d0c       0xcc ./Drivers/STM32L4xx_HAL_Driver/Src/stm32l4xx_hal_rcc.o
 .text.arm_sin_f32
                0x0000000008001dd8       0x8c /Users/mihailcalitoiu/STM32CubeIDE/workspace_1.13.1/Lab1/Core/Lib/libarm_cortexM4lf_math.a(arm_sin_f32.o)
                0x0000000008001dd8                arm_sin_f32
 .text.arm_cos_f32
                0x0000000008001e64       0x94 /Users/mihailcalitoiu/STM32CubeIDE/workspace_1.13.1/Lab1/Core/Lib/libarm_cortexM4lf_math.a(arm_cos_f32.o)
                0x0000000008001e64                arm_cos_f32
 .text.memset   0x0000000008001ef8       0x10 /Applications/STM32CubeIDE.app/Contents/Eclipse/plugins/com.st.stm32cube.ide.mcu.externaltools.gnu-tools-for-stm32.11.3.rel1.macos64_1.1.0.202305231506/tools/bin/../lib/gcc/arm-none-eabi/11.3.1/../../../../arm-none-eabi/lib/thumb/v7e-m+fp/hard/libc_nano.a(libc_a-memset.o)
                0x0000000008001ef8                memset
 .text.__errno  0x0000000008001f08        0xc /Applications/STM32CubeIDE.app/Contents/Eclipse/plugins/com.st.stm32cube.ide.mcu.externaltools.gnu-tools-for-stm32.11.3.rel1.macos64_1.1.0.202305231506/tools/bin/../lib/gcc/arm-none-eabi/11.3.1/../../../../arm-none-eabi/lib/thumb/v7e-m+fp/hard/libc_nano.a(libc_a-errno.o)
                0x0000000008001f08                __errno
 .text.__libc_init_array
                0x0000000008001f14       0x48 /Applications/STM32CubeIDE.app/Contents/Eclipse/plugins/com.st.stm32cube.ide.mcu.externaltools.gnu-tools-for-stm32.11.3.rel1.macos64_1.1.0.202305231506/tools/bin/../lib/gcc/arm-none-eabi/11.3.1/../../../../arm-none-eabi/lib/thumb/v7e-m+fp/hard/libc_nano.a(libc_a-init.o)
                0x0000000008001f14                __libc_init_array
 .text.sqrtf    0x0000000008001f5c       0x3c /Applications/STM32CubeIDE.app/Contents/Eclipse/plugins/com.st.stm32cube.ide.mcu.externaltools.gnu-tools-for-stm32.11.3.rel1.macos64_1.1.0.202305231506/tools/bin/../lib/gcc/arm-none-eabi/11.3.1/../../../../arm-none-eabi/lib/thumb/v7e-m+fp/hard/libm.a(libm_a-wf_sqrt.o)
                0x0000000008001f5c                sqrtf
 .text.__ieee754_sqrtf
                0x0000000008001f98        0x6 /Applications/STM32CubeIDE.app/Contents/Eclipse/plugins/com.st.stm32cube.ide.mcu.externaltools.gnu-tools-for-stm32.11.3.rel1.macos64_1.1.0.202305231506/tools/bin/../lib/gcc/arm-none-eabi/11.3.1/../../../../arm-none-eabi/lib/thumb/v7e-m+fp/hard/libm.a(libm_a-ef_sqrt.o)
                0x0000000008001f98                __ieee754_sqrtf
 *(.glue_7)
 .glue_7        0x0000000008001f9e        0x0 linker stubs
 *(.glue_7t)
 .glue_7t       0x0000000008001f9e        0x0 linker stubs
 *(.eh_frame)
 *fill*         0x0000000008001f9e        0x2 
 .eh_frame      0x0000000008001fa0        0x0 /Applications/STM32CubeIDE.app/Contents/Eclipse/plugins/com.st.stm32cube.ide.mcu.externaltools.gnu-tools-for-stm32.11.3.rel1.macos64_1.1.0.202305231506/tools/bin/../lib/gcc/arm-none-eabi/11.3.1/thumb/v7e-m+fp/hard/crtbegin.o
 *(.init)
 .init          0x0000000008001fa0        0x4 /Applications/STM32CubeIDE.app/Contents/Eclipse/plugins/com.st.stm32cube.ide.mcu.externaltools.gnu-tools-for-stm32.11.3.rel1.macos64_1.1.0.202305231506/tools/bin/../lib/gcc/arm-none-eabi/11.3.1/thumb/v7e-m+fp/hard/crti.o
                0x0000000008001fa0                _init
 .init          0x0000000008001fa4        0x8 /Applications/STM32CubeIDE.app/Contents/Eclipse/plugins/com.st.stm32cube.ide.mcu.externaltools.gnu-tools-for-stm32.11.3.rel1.macos64_1.1.0.202305231506/tools/bin/../lib/gcc/arm-none-eabi/11.3.1/thumb/v7e-m+fp/hard/crtn.o
 *(.fini)
 .fini          0x0000000008001fac        0x4 /Applications/STM32CubeIDE.app/Contents/Eclipse/plugins/com.st.stm32cube.ide.mcu.externaltools.gnu-tools-for-stm32.11.3.rel1.macos64_1.1.0.202305231506/tools/bin/../lib/gcc/arm-none-eabi/11.3.1/thumb/v7e-m+fp/hard/crti.o
                0x0000000008001fac                _fini
 .fini          0x0000000008001fb0        0x8 /Applications/STM32CubeIDE.app/Contents/Eclipse/plugins/com.st.stm32cube.ide.mcu.externaltools.gnu-tools-for-stm32.11.3.rel1.macos64_1.1.0.202305231506/tools/bin/../lib/gcc/arm-none-eabi/11.3.1/thumb/v7e-m+fp/hard/crtn.o
                0x0000000008001fb8                . = ALIGN (0x4)
                0x0000000008001fb8                _etext = .

.vfp11_veneer   0x0000000008001fb8        0x0
 .vfp11_veneer  0x0000000008001fb8        0x0 linker stubs

.v4_bx          0x0000000008001fb8        0x0
 .v4_bx         0x0000000008001fb8        0x0 linker stubs

.iplt           0x0000000008001fb8        0x0
 .iplt          0x0000000008001fb8        0x0 /Applications/STM32CubeIDE.app/Contents/Eclipse/plugins/com.st.stm32cube.ide.mcu.externaltools.gnu-tools-for-stm32.11.3.rel1.macos64_1.1.0.202305231506/tools/bin/../lib/gcc/arm-none-eabi/11.3.1/thumb/v7e-m+fp/hard/crtbegin.o

.rodata         0x0000000008001fb8      0x844
                0x0000000008001fb8                . = ALIGN (0x4)
 *(.rodata)
 *(.rodata*)
 .rodata.AHBPrescTable
                0x0000000008001fb8       0x10 ./Core/Src/system_stm32l4xx.o
                0x0000000008001fb8                AHBPrescTable
 .rodata.MSIRangeTable
                0x0000000008001fc8       0x30 ./Core/Src/system_stm32l4xx.o
                0x0000000008001fc8                MSIRangeTable
 .rodata.sinTable_f32
                0x0000000008001ff8      0x804 /Users/mihailcalitoiu/STM32CubeIDE/workspace_1.13.1/Lab1/Core/Lib/libarm_cortexM4lf_math.a(arm_common_tables.o)
                0x0000000008001ff8                sinTable_f32
                0x00000000080027fc                . = ALIGN (0x4)

.rel.dyn        0x00000000080027fc        0x0
 .rel.iplt      0x00000000080027fc        0x0 /Applications/STM32CubeIDE.app/Contents/Eclipse/plugins/com.st.stm32cube.ide.mcu.externaltools.gnu-tools-for-stm32.11.3.rel1.macos64_1.1.0.202305231506/tools/bin/../lib/gcc/arm-none-eabi/11.3.1/thumb/v7e-m+fp/hard/crtbegin.o

.ARM.extab      0x00000000080027fc        0x0
                0x00000000080027fc                . = ALIGN (0x4)
 *(.ARM.extab* .gnu.linkonce.armextab.*)
                0x00000000080027fc                . = ALIGN (0x4)

.ARM            0x00000000080027fc        0x0
                0x00000000080027fc                . = ALIGN (0x4)
                0x00000000080027fc                __exidx_start = .
 *(.ARM.exidx*)
                0x00000000080027fc                __exidx_end = .
                0x00000000080027fc                . = ALIGN (0x4)

.preinit_array  0x00000000080027fc        0x0
                0x00000000080027fc                . = ALIGN (0x4)
                0x00000000080027fc                PROVIDE (__preinit_array_start = .)
 *(.preinit_array*)
                0x00000000080027fc                PROVIDE (__preinit_array_end = .)
                0x00000000080027fc                . = ALIGN (0x4)

.init_array     0x00000000080027fc        0x4
                0x00000000080027fc                . = ALIGN (0x4)
                0x00000000080027fc                PROVIDE (__init_array_start = .)
 *(SORT_BY_NAME(.init_array.*))
 *(.init_array*)
 .init_array    0x00000000080027fc        0x4 /Applications/STM32CubeIDE.app/Contents/Eclipse/plugins/com.st.stm32cube.ide.mcu.externaltools.gnu-tools-for-stm32.11.3.rel1.macos64_1.1.0.202305231506/tools/bin/../lib/gcc/arm-none-eabi/11.3.1/thumb/v7e-m+fp/hard/crtbegin.o
                0x0000000008002800                PROVIDE (__init_array_end = .)
                0x0000000008002800                . = ALIGN (0x4)

.fini_array     0x0000000008002800        0x4
                0x0000000008002800                . = ALIGN (0x4)
                [!provide]                        PROVIDE (__fini_array_start = .)
 *(SORT_BY_NAME(.fini_array.*))
 *(.fini_array*)
 .fini_array    0x0000000008002800        0x4 /Applications/STM32CubeIDE.app/Contents/Eclipse/plugins/com.st.stm32cube.ide.mcu.externaltools.gnu-tools-for-stm32.11.3.rel1.macos64_1.1.0.202305231506/tools/bin/../lib/gcc/arm-none-eabi/11.3.1/thumb/v7e-m+fp/hard/crtbegin.o
                [!provide]                        PROVIDE (__fini_array_end = .)
                0x0000000008002804                . = ALIGN (0x4)
                0x0000000008002804                _sidata = LOADADDR (.data)

.data           0x0000000020000000       0x5c load address 0x0000000008002804
                0x0000000020000000                . = ALIGN (0x4)
                0x0000000020000000                _sdata = .
 *(.data)
 *(.data*)
 .data.SystemCoreClock
                0x0000000020000000        0x4 ./Core/Src/system_stm32l4xx.o
                0x0000000020000000                SystemCoreClock
 .data.uwTickPrio
                0x0000000020000004        0x4 ./Drivers/STM32L4xx_HAL_Driver/Src/stm32l4xx_hal.o
                0x0000000020000004                uwTickPrio
 .data.uwTickFreq
                0x0000000020000008        0x1 ./Drivers/STM32L4xx_HAL_Driver/Src/stm32l4xx_hal.o
                0x0000000020000008                uwTickFreq
 *fill*         0x0000000020000009        0x3 
 .data._impure_data
                0x000000002000000c       0x4c /Applications/STM32CubeIDE.app/Contents/Eclipse/plugins/com.st.stm32cube.ide.mcu.externaltools.gnu-tools-for-stm32.11.3.rel1.macos64_1.1.0.202305231506/tools/bin/../lib/gcc/arm-none-eabi/11.3.1/../../../../arm-none-eabi/lib/thumb/v7e-m+fp/hard/libc_nano.a(libc_a-impure.o)
                0x000000002000000c                _impure_data
 .data._impure_ptr
                0x0000000020000058        0x4 /Applications/STM32CubeIDE.app/Contents/Eclipse/plugins/com.st.stm32cube.ide.mcu.externaltools.gnu-tools-for-stm32.11.3.rel1.macos64_1.1.0.202305231506/tools/bin/../lib/gcc/arm-none-eabi/11.3.1/../../../../arm-none-eabi/lib/thumb/v7e-m+fp/hard/libc_nano.a(libc_a-impure.o)
                0x0000000020000058                _impure_ptr
 *(.RamFunc)
 *(.RamFunc*)
                0x000000002000005c                . = ALIGN (0x4)
                0x000000002000005c                _edata = .

.igot.plt       0x000000002000005c        0x0 load address 0x0000000008002860
 .igot.plt      0x000000002000005c        0x0 /Applications/STM32CubeIDE.app/Contents/Eclipse/plugins/com.st.stm32cube.ide.mcu.externaltools.gnu-tools-for-stm32.11.3.rel1.macos64_1.1.0.202305231506/tools/bin/../lib/gcc/arm-none-eabi/11.3.1/thumb/v7e-m+fp/hard/crtbegin.o
                0x000000002000005c                . = ALIGN (0x4)

.bss            0x000000002000005c      0x158 load address 0x0000000008002860
                0x000000002000005c                _sbss = .
                0x000000002000005c                __bss_start__ = _sbss
 *(.bss)
 .bss           0x000000002000005c       0x1c /Applications/STM32CubeIDE.app/Contents/Eclipse/plugins/com.st.stm32cube.ide.mcu.externaltools.gnu-tools-for-stm32.11.3.rel1.macos64_1.1.0.202305231506/tools/bin/../lib/gcc/arm-none-eabi/11.3.1/thumb/v7e-m+fp/hard/crtbegin.o
 *(.bss*)
 .bss.uwTick    0x0000000020000078        0x4 ./Drivers/STM32L4xx_HAL_Driver/Src/stm32l4xx_hal.o
                0x0000000020000078                uwTick
 .bss.__sf      0x000000002000007c      0x138 /Applications/STM32CubeIDE.app/Contents/Eclipse/plugins/com.st.stm32cube.ide.mcu.externaltools.gnu-tools-for-stm32.11.3.rel1.macos64_1.1.0.202305231506/tools/bin/../lib/gcc/arm-none-eabi/11.3.1/../../../../arm-none-eabi/lib/thumb/v7e-m+fp/hard/libc_nano.a(libc_a-findfp.o)
                0x000000002000007c                __sf
 *(COMMON)
                0x00000000200001b4                . = ALIGN (0x4)
                0x00000000200001b4                _ebss = .
                0x00000000200001b4                __bss_end__ = _ebss

._user_heap_stack
                0x00000000200001b4      0x604 load address 0x0000000008002860
                0x00000000200001b8                . = ALIGN (0x8)
 *fill*         0x00000000200001b4        0x4 
                [!provide]                        PROVIDE (end = .)
                0x00000000200001b8                PROVIDE (_end = .)
                0x00000000200003b8                . = (. + _Min_Heap_Size)
 *fill*         0x00000000200001b8      0x200 
                0x00000000200007b8                . = (. + _Min_Stack_Size)
 *fill*         0x00000000200003b8      0x400 
                0x00000000200007b8                . = ALIGN (0x8)

/DISCARD/
 libc.a(*)
 libm.a(*)
 libgcc.a(*)

.ARM.attributes
                0x0000000000000000       0x30
 *(.ARM.attributes)
 .ARM.attributes
                0x0000000000000000       0x1e /Applications/STM32CubeIDE.app/Contents/Eclipse/plugins/com.st.stm32cube.ide.mcu.externaltools.gnu-tools-for-stm32.11.3.rel1.macos64_1.1.0.202305231506/tools/bin/../lib/gcc/arm-none-eabi/11.3.1/thumb/v7e-m+fp/hard/crti.o
 .ARM.attributes
                0x000000000000001e       0x34 /Applications/STM32CubeIDE.app/Contents/Eclipse/plugins/com.st.stm32cube.ide.mcu.externaltools.gnu-tools-for-stm32.11.3.rel1.macos64_1.1.0.202305231506/tools/bin/../lib/gcc/arm-none-eabi/11.3.1/thumb/v7e-m+fp/hard/crtbegin.o
 .ARM.attributes
                0x0000000000000052       0x20 ./Core/Src/asmFunctionSolver.o
 .ARM.attributes
                0x0000000000000072       0x20 ./Core/Src/asmSquareRoot.o
 .ARM.attributes
                0x0000000000000092       0x34 ./Core/Src/cFunctionSolver.o
 .ARM.attributes
                0x00000000000000c6       0x34 ./Core/Src/cSquareRoot.o
 .ARM.attributes
                0x00000000000000fa       0x34 ./Core/Src/main.o
 .ARM.attributes
                0x000000000000012e       0x34 ./Core/Src/stm32l4xx_hal_msp.o
 .ARM.attributes
                0x0000000000000162       0x34 ./Core/Src/stm32l4xx_it.o
 .ARM.attributes
                0x0000000000000196       0x34 ./Core/Src/system_stm32l4xx.o
 .ARM.attributes
                0x00000000000001ca       0x21 ./Core/Startup/startup_stm32l4s5vitx.o
 .ARM.attributes
                0x00000000000001eb       0x34 ./Drivers/STM32L4xx_HAL_Driver/Src/stm32l4xx_hal.o
 .ARM.attributes
                0x000000000000021f       0x34 ./Drivers/STM32L4xx_HAL_Driver/Src/stm32l4xx_hal_cortex.o
 .ARM.attributes
                0x0000000000000253       0x34 ./Drivers/STM32L4xx_HAL_Driver/Src/stm32l4xx_hal_pwr_ex.o
 .ARM.attributes
                0x0000000000000287       0x34 ./Drivers/STM32L4xx_HAL_Driver/Src/stm32l4xx_hal_rcc.o
 .ARM.attributes
                0x00000000000002bb       0x34 /Users/mihailcalitoiu/STM32CubeIDE/workspace_1.13.1/Lab1/Core/Lib/libarm_cortexM4lf_math.a(arm_sin_f32.o)
 .ARM.attributes
                0x00000000000002ef       0x34 /Users/mihailcalitoiu/STM32CubeIDE/workspace_1.13.1/Lab1/Core/Lib/libarm_cortexM4lf_math.a(arm_cos_f32.o)
 .ARM.attributes
                0x0000000000000323       0x39 /Users/mihailcalitoiu/STM32CubeIDE/workspace_1.13.1/Lab1/Core/Lib/libarm_cortexM4lf_math.a(arm_common_tables.o)
 .ARM.attributes
                0x000000000000035c       0x34 /Applications/STM32CubeIDE.app/Contents/Eclipse/plugins/com.st.stm32cube.ide.mcu.externaltools.gnu-tools-for-stm32.11.3.rel1.macos64_1.1.0.202305231506/tools/bin/../lib/gcc/arm-none-eabi/11.3.1/../../../../arm-none-eabi/lib/thumb/v7e-m+fp/hard/libc_nano.a(libc_a-findfp.o)
 .ARM.attributes
                0x0000000000000390       0x34 /Applications/STM32CubeIDE.app/Contents/Eclipse/plugins/com.st.stm32cube.ide.mcu.externaltools.gnu-tools-for-stm32.11.3.rel1.macos64_1.1.0.202305231506/tools/bin/../lib/gcc/arm-none-eabi/11.3.1/../../../../arm-none-eabi/lib/thumb/v7e-m+fp/hard/libc_nano.a(libc_a-memset.o)
 .ARM.attributes
                0x00000000000003c4       0x34 /Applications/STM32CubeIDE.app/Contents/Eclipse/plugins/com.st.stm32cube.ide.mcu.externaltools.gnu-tools-for-stm32.11.3.rel1.macos64_1.1.0.202305231506/tools/bin/../lib/gcc/arm-none-eabi/11.3.1/../../../../arm-none-eabi/lib/thumb/v7e-m+fp/hard/libc_nano.a(libc_a-impure.o)
 .ARM.attributes
                0x00000000000003f8       0x34 /Applications/STM32CubeIDE.app/Contents/Eclipse/plugins/com.st.stm32cube.ide.mcu.externaltools.gnu-tools-for-stm32.11.3.rel1.macos64_1.1.0.202305231506/tools/bin/../lib/gcc/arm-none-eabi/11.3.1/../../../../arm-none-eabi/lib/thumb/v7e-m+fp/hard/libc_nano.a(libc_a-errno.o)
 .ARM.attributes
                0x000000000000042c       0x34 /Applications/STM32CubeIDE.app/Contents/Eclipse/plugins/com.st.stm32cube.ide.mcu.externaltools.gnu-tools-for-stm32.11.3.rel1.macos64_1.1.0.202305231506/tools/bin/../lib/gcc/arm-none-eabi/11.3.1/../../../../arm-none-eabi/lib/thumb/v7e-m+fp/hard/libc_nano.a(libc_a-init.o)
 .ARM.attributes
                0x0000000000000460       0x34 /Applications/STM32CubeIDE.app/Contents/Eclipse/plugins/com.st.stm32cube.ide.mcu.externaltools.gnu-tools-for-stm32.11.3.rel1.macos64_1.1.0.202305231506/tools/bin/../lib/gcc/arm-none-eabi/11.3.1/../../../../arm-none-eabi/lib/thumb/v7e-m+fp/hard/libm.a(libm_a-wf_sqrt.o)
 .ARM.attributes
                0x0000000000000494       0x34 /Applications/STM32CubeIDE.app/Contents/Eclipse/plugins/com.st.stm32cube.ide.mcu.externaltools.gnu-tools-for-stm32.11.3.rel1.macos64_1.1.0.202305231506/tools/bin/../lib/gcc/arm-none-eabi/11.3.1/../../../../arm-none-eabi/lib/thumb/v7e-m+fp/hard/libm.a(libm_a-ef_sqrt.o)
 .ARM.attributes
                0x00000000000004c8       0x1e /Applications/STM32CubeIDE.app/Contents/Eclipse/plugins/com.st.stm32cube.ide.mcu.externaltools.gnu-tools-for-stm32.11.3.rel1.macos64_1.1.0.202305231506/tools/bin/../lib/gcc/arm-none-eabi/11.3.1/thumb/v7e-m+fp/hard/libgcc.a(_arm_addsubdf3.o)
 .ARM.attributes
                0x00000000000004e6       0x1e /Applications/STM32CubeIDE.app/Contents/Eclipse/plugins/com.st.stm32cube.ide.mcu.externaltools.gnu-tools-for-stm32.11.3.rel1.macos64_1.1.0.202305231506/tools/bin/../lib/gcc/arm-none-eabi/11.3.1/thumb/v7e-m+fp/hard/libgcc.a(_arm_cmpdf2.o)
 .ARM.attributes
                0x0000000000000504       0x1e /Applications/STM32CubeIDE.app/Contents/Eclipse/plugins/com.st.stm32cube.ide.mcu.externaltools.gnu-tools-for-stm32.11.3.rel1.macos64_1.1.0.202305231506/tools/bin/../lib/gcc/arm-none-eabi/11.3.1/thumb/v7e-m+fp/hard/crtn.o
OUTPUT(Lab1.elf elf32-littlearm)
LOAD linker stubs
LOAD /Applications/STM32CubeIDE.app/Contents/Eclipse/plugins/com.st.stm32cube.ide.mcu.externaltools.gnu-tools-for-stm32.11.3.rel1.macos64_1.1.0.202305231506/tools/bin/../lib/gcc/arm-none-eabi/11.3.1/../../../../arm-none-eabi/lib/thumb/v7e-m+fp/hard/libc.a
LOAD /Applications/STM32CubeIDE.app/Contents/Eclipse/plugins/com.st.stm32cube.ide.mcu.externaltools.gnu-tools-for-stm32.11.3.rel1.macos64_1.1.0.202305231506/tools/bin/../lib/gcc/arm-none-eabi/11.3.1/../../../../arm-none-eabi/lib/thumb/v7e-m+fp/hard/libm.a
LOAD /Applications/STM32CubeIDE.app/Contents/Eclipse/plugins/com.st.stm32cube.ide.mcu.externaltools.gnu-tools-for-stm32.11.3.rel1.macos64_1.1.0.202305231506/tools/bin/../lib/gcc/arm-none-eabi/11.3.1/thumb/v7e-m+fp/hard/libgcc.a

.comment        0x0000000000000000       0xb8
 .comment       0x0000000000000000       0x43 /Applications/STM32CubeIDE.app/Contents/Eclipse/plugins/com.st.stm32cube.ide.mcu.externaltools.gnu-tools-for-stm32.11.3.rel1.macos64_1.1.0.202305231506/tools/bin/../lib/gcc/arm-none-eabi/11.3.1/thumb/v7e-m+fp/hard/crtbegin.o
                                         0x44 (size before relaxing)
 .comment       0x0000000000000043       0x44 ./Core/Src/cFunctionSolver.o
 .comment       0x0000000000000043       0x44 ./Core/Src/cSquareRoot.o
 .comment       0x0000000000000043       0x44 ./Core/Src/main.o
 .comment       0x0000000000000043       0x44 ./Core/Src/stm32l4xx_hal_msp.o
 .comment       0x0000000000000043       0x44 ./Core/Src/stm32l4xx_it.o
 .comment       0x0000000000000043       0x44 ./Core/Src/system_stm32l4xx.o
 .comment       0x0000000000000043       0x44 ./Drivers/STM32L4xx_HAL_Driver/Src/stm32l4xx_hal.o
 .comment       0x0000000000000043       0x44 ./Drivers/STM32L4xx_HAL_Driver/Src/stm32l4xx_hal_cortex.o
 .comment       0x0000000000000043       0x44 ./Drivers/STM32L4xx_HAL_Driver/Src/stm32l4xx_hal_pwr_ex.o
 .comment       0x0000000000000043       0x44 ./Drivers/STM32L4xx_HAL_Driver/Src/stm32l4xx_hal_rcc.o
 .comment       0x0000000000000043       0x75 /Users/mihailcalitoiu/STM32CubeIDE/workspace_1.13.1/Lab1/Core/Lib/libarm_cortexM4lf_math.a(arm_sin_f32.o)
                                         0x76 (size before relaxing)
 .comment       0x00000000000000b8       0x76 /Users/mihailcalitoiu/STM32CubeIDE/workspace_1.13.1/Lab1/Core/Lib/libarm_cortexM4lf_math.a(arm_cos_f32.o)
 .comment       0x00000000000000b8       0x76 /Users/mihailcalitoiu/STM32CubeIDE/workspace_1.13.1/Lab1/Core/Lib/libarm_cortexM4lf_math.a(arm_common_tables.o)

.debug_line     0x0000000000000000     0x6bba
 .debug_line    0x0000000000000000       0x7b ./Core/Src/asmFunctionSolver.o
 .debug_line    0x000000000000007b       0x6c ./Core/Src/asmSquareRoot.o
 .debug_line    0x00000000000000e7      0x86e ./Core/Src/cFunctionSolver.o
 .debug_line    0x0000000000000955      0x845 ./Core/Src/cSquareRoot.o
 .debug_line    0x000000000000119a      0x941 ./Core/Src/main.o
 .debug_line    0x0000000000001adb      0x693 ./Core/Src/stm32l4xx_hal_msp.o
 .debug_line    0x000000000000216e      0x755 ./Core/Src/stm32l4xx_it.o
 .debug_line    0x00000000000028c3      0x72a ./Core/Src/system_stm32l4xx.o
 .debug_line    0x0000000000002fed       0x7a ./Core/Startup/startup_stm32l4s5vitx.o
 .debug_line    0x0000000000003067      0xa82 ./Drivers/STM32L4xx_HAL_Driver/Src/stm32l4xx_hal.o
 .debug_line    0x0000000000003ae9      0xc29 ./Drivers/STM32L4xx_HAL_Driver/Src/stm32l4xx_hal_cortex.o
 .debug_line    0x0000000000004712      0xcef ./Drivers/STM32L4xx_HAL_Driver/Src/stm32l4xx_hal_pwr_ex.o
 .debug_line    0x0000000000005401      0xfd3 ./Drivers/STM32L4xx_HAL_Driver/Src/stm32l4xx_hal_rcc.o
 .debug_line    0x00000000000063d4      0x2d0 /Users/mihailcalitoiu/STM32CubeIDE/workspace_1.13.1/Lab1/Core/Lib/libarm_cortexM4lf_math.a(arm_sin_f32.o)
 .debug_line    0x00000000000066a4      0x2d3 /Users/mihailcalitoiu/STM32CubeIDE/workspace_1.13.1/Lab1/Core/Lib/libarm_cortexM4lf_math.a(arm_cos_f32.o)
 .debug_line    0x0000000000006977      0x243 /Users/mihailcalitoiu/STM32CubeIDE/workspace_1.13.1/Lab1/Core/Lib/libarm_cortexM4lf_math.a(arm_common_tables.o)

.debug_line_str
                0x0000000000000000       0x97
 .debug_line_str
                0x0000000000000000       0x5f ./Core/Src/asmFunctionSolver.o
                                         0x73 (size before relaxing)
 .debug_line_str
                0x000000000000005f       0x10 ./Core/Src/asmSquareRoot.o
                                         0x6b (size before relaxing)
 .debug_line_str
                0x000000000000006f       0x28 ./Core/Startup/startup_stm32l4s5vitx.o
                                         0x7f (size before relaxing)

.debug_info     0x0000000000000000     0x8a23
 .debug_info    0x0000000000000000       0x25 ./Core/Src/asmFunctionSolver.o
 .debug_info    0x0000000000000025       0x24 ./Core/Src/asmSquareRoot.o
 .debug_info    0x0000000000000049      0x17c ./Core/Src/cFunctionSolver.o
 .debug_info    0x00000000000001c5       0xea ./Core/Src/cSquareRoot.o
 .debug_info    0x00000000000002af      0x6cf ./Core/Src/main.o
 .debug_info    0x000000000000097e      0x2e9 ./Core/Src/stm32l4xx_hal_msp.o
 .debug_info    0x0000000000000c67      0x113 ./Core/Src/stm32l4xx_it.o
 .debug_info    0x0000000000000d7a      0x5e9 ./Core/Src/system_stm32l4xx.o
 .debug_info    0x0000000000001363       0x23 ./Core/Startup/startup_stm32l4s5vitx.o
 .debug_info    0x0000000000001386      0xb4f ./Drivers/STM32L4xx_HAL_Driver/Src/stm32l4xx_hal.o
 .debug_info    0x0000000000001ed5      0xd6a ./Drivers/STM32L4xx_HAL_Driver/Src/stm32l4xx_hal_cortex.o
 .debug_info    0x0000000000002c3f      0xa0a ./Drivers/STM32L4xx_HAL_Driver/Src/stm32l4xx_hal_pwr_ex.o
 .debug_info    0x0000000000003649      0xd32 ./Drivers/STM32L4xx_HAL_Driver/Src/stm32l4xx_hal_rcc.o
 .debug_info    0x000000000000437b     0x1612 /Users/mihailcalitoiu/STM32CubeIDE/workspace_1.13.1/Lab1/Core/Lib/libarm_cortexM4lf_math.a(arm_sin_f32.o)
 .debug_info    0x000000000000598d     0x1612 /Users/mihailcalitoiu/STM32CubeIDE/workspace_1.13.1/Lab1/Core/Lib/libarm_cortexM4lf_math.a(arm_cos_f32.o)
 .debug_info    0x0000000000006f9f     0x1a84 /Users/mihailcalitoiu/STM32CubeIDE/workspace_1.13.1/Lab1/Core/Lib/libarm_cortexM4lf_math.a(arm_common_tables.o)

.debug_abbrev   0x0000000000000000     0x1700
 .debug_abbrev  0x0000000000000000       0x14 ./Core/Src/asmFunctionSolver.o
 .debug_abbrev  0x0000000000000014       0x14 ./Core/Src/asmSquareRoot.o
 .debug_abbrev  0x0000000000000028       0xd4 ./Core/Src/cFunctionSolver.o
 .debug_abbrev  0x00000000000000fc       0x9b ./Core/Src/cSquareRoot.o
 .debug_abbrev  0x0000000000000197      0x267 ./Core/Src/main.o
 .debug_abbrev  0x00000000000003fe       0xc6 ./Core/Src/stm32l4xx_hal_msp.o
 .debug_abbrev  0x00000000000004c4       0x73 ./Core/Src/stm32l4xx_it.o
 .debug_abbrev  0x0000000000000537      0x11a ./Core/Src/system_stm32l4xx.o
 .debug_abbrev  0x0000000000000651       0x12 ./Core/Startup/startup_stm32l4s5vitx.o
 .debug_abbrev  0x0000000000000663      0x242 ./Drivers/STM32L4xx_HAL_Driver/Src/stm32l4xx_hal.o
 .debug_abbrev  0x00000000000008a5      0x327 ./Drivers/STM32L4xx_HAL_Driver/Src/stm32l4xx_hal_cortex.o
 .debug_abbrev  0x0000000000000bcc      0x1f9 ./Drivers/STM32L4xx_HAL_Driver/Src/stm32l4xx_hal_pwr_ex.o
 .debug_abbrev  0x0000000000000dc5      0x306 ./Drivers/STM32L4xx_HAL_Driver/Src/stm32l4xx_hal_rcc.o
 .debug_abbrev  0x00000000000010cb      0x22c /Users/mihailcalitoiu/STM32CubeIDE/workspace_1.13.1/Lab1/Core/Lib/libarm_cortexM4lf_math.a(arm_sin_f32.o)
 .debug_abbrev  0x00000000000012f7      0x22c /Users/mihailcalitoiu/STM32CubeIDE/workspace_1.13.1/Lab1/Core/Lib/libarm_cortexM4lf_math.a(arm_cos_f32.o)
 .debug_abbrev  0x0000000000001523      0x1dd /Users/mihailcalitoiu/STM32CubeIDE/workspace_1.13.1/Lab1/Core/Lib/libarm_cortexM4lf_math.a(arm_common_tables.o)

.debug_aranges  0x0000000000000000      0x630
 .debug_aranges
                0x0000000000000000       0x20 ./Core/Src/asmFunctionSolver.o
 .debug_aranges
                0x0000000000000020       0x20 ./Core/Src/asmSquareRoot.o
 .debug_aranges
                0x0000000000000040       0x20 ./Core/Src/cFunctionSolver.o
 .debug_aranges
                0x0000000000000060       0x20 ./Core/Src/cSquareRoot.o
 .debug_aranges
                0x0000000000000080       0x38 ./Core/Src/main.o
 .debug_aranges
                0x00000000000000b8       0x20 ./Core/Src/stm32l4xx_hal_msp.o
 .debug_aranges
                0x00000000000000d8       0x60 ./Core/Src/stm32l4xx_it.o
 .debug_aranges
                0x0000000000000138       0x28 ./Core/Src/system_stm32l4xx.o
 .debug_aranges
                0x0000000000000160       0x28 ./Core/Startup/startup_stm32l4s5vitx.o
 .debug_aranges
                0x0000000000000188      0x130 ./Drivers/STM32L4xx_HAL_Driver/Src/stm32l4xx_hal.o
 .debug_aranges
                0x00000000000002b8      0x118 ./Drivers/STM32L4xx_HAL_Driver/Src/stm32l4xx_hal_cortex.o
 .debug_aranges
                0x00000000000003d0      0x170 ./Drivers/STM32L4xx_HAL_Driver/Src/stm32l4xx_hal_pwr_ex.o
 .debug_aranges
                0x0000000000000540       0x98 ./Drivers/STM32L4xx_HAL_Driver/Src/stm32l4xx_hal_rcc.o
 .debug_aranges
                0x00000000000005d8       0x20 /Users/mihailcalitoiu/STM32CubeIDE/workspace_1.13.1/Lab1/Core/Lib/libarm_cortexM4lf_math.a(arm_sin_f32.o)
 .debug_aranges
                0x00000000000005f8       0x20 /Users/mihailcalitoiu/STM32CubeIDE/workspace_1.13.1/Lab1/Core/Lib/libarm_cortexM4lf_math.a(arm_cos_f32.o)
 .debug_aranges
                0x0000000000000618       0x18 /Users/mihailcalitoiu/STM32CubeIDE/workspace_1.13.1/Lab1/Core/Lib/libarm_cortexM4lf_math.a(arm_common_tables.o)

.debug_str      0x0000000000000000    0xf9a5f
 .debug_str     0x0000000000000000       0x6b ./Core/Src/asmFunctionSolver.o
 .debug_str     0x000000000000006b       0x1c ./Core/Src/asmSquareRoot.o
                                         0x67 (size before relaxing)
 .debug_str     0x0000000000000087    0xf6e1b ./Core/Src/cFunctionSolver.o
                                      0xf71b7 (size before relaxing)
 .debug_str     0x00000000000f6ea2       0x2b ./Core/Src/cSquareRoot.o
                                      0xf7174 (size before relaxing)
 .debug_str     0x00000000000f6ecd      0x4c2 ./Core/Src/main.o
                                      0xf7663 (size before relaxing)
 .debug_str     0x00000000000f738f       0x2c ./Core/Src/stm32l4xx_hal_msp.o
                                      0xf2de7 (size before relaxing)
 .debug_str     0x00000000000f73bb       0xc9 ./Core/Src/stm32l4xx_it.o
                                      0xf2d01 (size before relaxing)
 .debug_str     0x00000000000f7484       0xfc ./Core/Src/system_stm32l4xx.o
                                      0xf2eae (size before relaxing)
 .debug_str     0x00000000000f7580       0x28 ./Core/Startup/startup_stm32l4s5vitx.o
                                         0x73 (size before relaxing)
 .debug_str     0x00000000000f75a8      0xac9 ./Drivers/STM32L4xx_HAL_Driver/Src/stm32l4xx_hal.o
                                      0xf3a8c (size before relaxing)
 .debug_str     0x00000000000f8071      0x350 ./Drivers/STM32L4xx_HAL_Driver/Src/stm32l4xx_hal_cortex.o
                                      0xf371b (size before relaxing)
 .debug_str     0x00000000000f83c1      0x5c1 ./Drivers/STM32L4xx_HAL_Driver/Src/stm32l4xx_hal_pwr_ex.o
                                      0xf3481 (size before relaxing)
 .debug_str     0x00000000000f8982      0x453 ./Drivers/STM32L4xx_HAL_Driver/Src/stm32l4xx_hal_rcc.o
                                      0xf3521 (size before relaxing)
 .debug_str     0x00000000000f8dd5      0xc28 /Users/mihailcalitoiu/STM32CubeIDE/workspace_1.13.1/Lab1/Core/Lib/libarm_cortexM4lf_math.a(arm_sin_f32.o)
                                        0xd42 (size before relaxing)
 .debug_str     0x00000000000f99fd       0x34 /Users/mihailcalitoiu/STM32CubeIDE/workspace_1.13.1/Lab1/Core/Lib/libarm_cortexM4lf_math.a(arm_cos_f32.o)
                                        0xd42 (size before relaxing)
 .debug_str     0x00000000000f9a31       0x2e /Users/mihailcalitoiu/STM32CubeIDE/workspace_1.13.1/Lab1/Core/Lib/libarm_cortexM4lf_math.a(arm_common_tables.o)
                                        0xd1d (size before relaxing)

.debug_rnglists
                0x0000000000000000      0x41a
 .debug_rnglists
                0x0000000000000000       0x14 ./Core/Src/cFunctionSolver.o
 .debug_rnglists
                0x0000000000000014       0x20 ./Core/Src/cSquareRoot.o
 .debug_rnglists
                0x0000000000000034       0x27 ./Core/Src/main.o
 .debug_rnglists
                0x000000000000005b       0x13 ./Core/Src/stm32l4xx_hal_msp.o
 .debug_rnglists
                0x000000000000006e       0x43 ./Core/Src/stm32l4xx_it.o
 .debug_rnglists
                0x00000000000000b1       0x1a ./Core/Src/system_stm32l4xx.o
 .debug_rnglists
                0x00000000000000cb       0x19 ./Core/Startup/startup_stm32l4s5vitx.o
 .debug_rnglists
                0x00000000000000e4       0xdf ./Drivers/STM32L4xx_HAL_Driver/Src/stm32l4xx_hal.o
 .debug_rnglists
                0x00000000000001c3       0xce ./Drivers/STM32L4xx_HAL_Driver/Src/stm32l4xx_hal_cortex.o
 .debug_rnglists
                0x0000000000000291      0x115 ./Drivers/STM32L4xx_HAL_Driver/Src/stm32l4xx_hal_pwr_ex.o
 .debug_rnglists
                0x00000000000003a6       0x74 ./Drivers/STM32L4xx_HAL_Driver/Src/stm32l4xx_hal_rcc.o

.debug_macro    0x0000000000000000    0x29030
 .debug_macro   0x0000000000000000      0x2b2 ./Core/Src/cFunctionSolver.o
 .debug_macro   0x00000000000002b2      0xaa8 ./Core/Src/cFunctionSolver.o
 .debug_macro   0x0000000000000d5a      0x19b ./Core/Src/cFunctionSolver.o
 .debug_macro   0x0000000000000ef5       0x2e ./Core/Src/cFunctionSolver.o
 .debug_macro   0x0000000000000f23       0x28 ./Core/Src/cFunctionSolver.o
 .debug_macro   0x0000000000000f4b       0x22 ./Core/Src/cFunctionSolver.o
 .debug_macro   0x0000000000000f6d       0x8e ./Core/Src/cFunctionSolver.o
 .debug_macro   0x0000000000000ffb       0x51 ./Core/Src/cFunctionSolver.o
 .debug_macro   0x000000000000104c      0x103 ./Core/Src/cFunctionSolver.o
 .debug_macro   0x000000000000114f       0x6a ./Core/Src/cFunctionSolver.o
 .debug_macro   0x00000000000011b9      0x1df ./Core/Src/cFunctionSolver.o
 .debug_macro   0x0000000000001398       0x1c ./Core/Src/cFunctionSolver.o
 .debug_macro   0x00000000000013b4       0x22 ./Core/Src/cFunctionSolver.o
 .debug_macro   0x00000000000013d6       0xfb ./Core/Src/cFunctionSolver.o
 .debug_macro   0x00000000000014d1     0x1011 ./Core/Src/cFunctionSolver.o
 .debug_macro   0x00000000000024e2      0x11f ./Core/Src/cFunctionSolver.o
 .debug_macro   0x0000000000002601    0x1d292 ./Core/Src/cFunctionSolver.o
 .debug_macro   0x000000000001f893       0x6d ./Core/Src/cFunctionSolver.o
 .debug_macro   0x000000000001f900     0x38ed ./Core/Src/cFunctionSolver.o
 .debug_macro   0x00000000000231ed      0x174 ./Core/Src/cFunctionSolver.o
 .debug_macro   0x0000000000023361       0x5c ./Core/Src/cFunctionSolver.o
 .debug_macro   0x00000000000233bd     0x1910 ./Core/Src/cFunctionSolver.o
 .debug_macro   0x0000000000024ccd      0x7dc ./Core/Src/cFunctionSolver.o
 .debug_macro   0x00000000000254a9      0x1b9 ./Core/Src/cFunctionSolver.o
 .debug_macro   0x0000000000025662      0x225 ./Core/Src/cFunctionSolver.o
 .debug_macro   0x0000000000025887      0x486 ./Core/Src/cFunctionSolver.o
 .debug_macro   0x0000000000025d0d      0x1ce ./Core/Src/cFunctionSolver.o
 .debug_macro   0x0000000000025edb       0x43 ./Core/Src/cFunctionSolver.o
 .debug_macro   0x0000000000025f1e      0x23d ./Core/Src/cFunctionSolver.o
 .debug_macro   0x000000000002615b      0x241 ./Core/Src/cFunctionSolver.o
 .debug_macro   0x000000000002639c      0x416 ./Core/Src/cFunctionSolver.o
 .debug_macro   0x00000000000267b2       0x1c ./Core/Src/cFunctionSolver.o
 .debug_macro   0x00000000000267ce       0xf2 ./Core/Src/cFunctionSolver.o
 .debug_macro   0x00000000000268c0      0x122 ./Core/Src/cFunctionSolver.o
 .debug_macro   0x00000000000269e2      0x3f6 ./Core/Src/cFunctionSolver.o
 .debug_macro   0x0000000000026dd8      0x432 ./Core/Src/cFunctionSolver.o
 .debug_macro   0x000000000002720a       0x61 ./Core/Src/cFunctionSolver.o
 .debug_macro   0x000000000002726b       0x2a ./Core/Src/cFunctionSolver.o
 .debug_macro   0x0000000000027295       0x43 ./Core/Src/cFunctionSolver.o
 .debug_macro   0x00000000000272d8       0x34 ./Core/Src/cFunctionSolver.o
 .debug_macro   0x000000000002730c       0x16 ./Core/Src/cFunctionSolver.o
 .debug_macro   0x0000000000027322       0x43 ./Core/Src/cFunctionSolver.o
 .debug_macro   0x0000000000027365       0x34 ./Core/Src/cFunctionSolver.o
 .debug_macro   0x0000000000027399       0x10 ./Core/Src/cFunctionSolver.o
 .debug_macro   0x00000000000273a9       0x58 ./Core/Src/cFunctionSolver.o
 .debug_macro   0x0000000000027401       0x8e ./Core/Src/cFunctionSolver.o
 .debug_macro   0x000000000002748f       0x1c ./Core/Src/cFunctionSolver.o
 .debug_macro   0x00000000000274ab      0x177 ./Core/Src/cFunctionSolver.o
 .debug_macro   0x0000000000027622      0x369 ./Core/Src/cFunctionSolver.o
 .debug_macro   0x000000000002798b       0x10 ./Core/Src/cFunctionSolver.o
 .debug_macro   0x000000000002799b       0x35 ./Core/Src/cFunctionSolver.o
 .debug_macro   0x00000000000279d0       0x20 ./Core/Src/cFunctionSolver.o
 .debug_macro   0x00000000000279f0      0x19b ./Core/Src/cFunctionSolver.o
 .debug_macro   0x0000000000027b8b      0x201 ./Core/Src/cFunctionSolver.o
 .debug_macro   0x0000000000027d8c       0xc8 ./Core/Src/cFunctionSolver.o
 .debug_macro   0x0000000000027e54      0x2b2 ./Core/Src/cSquareRoot.o
 .debug_macro   0x0000000000028106      0x2c8 ./Core/Src/main.o
 .debug_macro   0x00000000000283ce      0x1b0 ./Core/Src/stm32l4xx_hal_msp.o
 .debug_macro   0x000000000002857e      0x1ba ./Core/Src/stm32l4xx_it.o
 .debug_macro   0x0000000000028738      0x1a6 ./Core/Src/system_stm32l4xx.o
 .debug_macro   0x00000000000288de      0x1f4 ./Drivers/STM32L4xx_HAL_Driver/Src/stm32l4xx_hal.o
 .debug_macro   0x0000000000028ad2      0x1a6 ./Drivers/STM32L4xx_HAL_Driver/Src/stm32l4xx_hal_cortex.o
 .debug_macro   0x0000000000028c78      0x1d0 ./Drivers/STM32L4xx_HAL_Driver/Src/stm32l4xx_hal_pwr_ex.o
 .debug_macro   0x0000000000028e48      0x1e8 ./Drivers/STM32L4xx_HAL_Driver/Src/stm32l4xx_hal_rcc.o

.debug_frame    0x0000000000000000     0x178c
 .debug_frame   0x0000000000000000       0x44 ./Core/Src/cFunctionSolver.o
 .debug_frame   0x0000000000000044       0x34 ./Core/Src/cSquareRoot.o
 .debug_frame   0x0000000000000078       0x94 ./Core/Src/main.o
 .debug_frame   0x000000000000010c       0x38 ./Core/Src/stm32l4xx_hal_msp.o
 .debug_frame   0x0000000000000144      0x104 ./Core/Src/stm32l4xx_it.o
 .debug_frame   0x0000000000000248       0x58 ./Core/Src/system_stm32l4xx.o
 .debug_frame   0x00000000000002a0      0x498 ./Drivers/STM32L4xx_HAL_Driver/Src/stm32l4xx_hal.o
 .debug_frame   0x0000000000000738      0x498 ./Drivers/STM32L4xx_HAL_Driver/Src/stm32l4xx_hal_cortex.o
 .debug_frame   0x0000000000000bd0      0x5c4 ./Drivers/STM32L4xx_HAL_Driver/Src/stm32l4xx_hal_pwr_ex.o
 .debug_frame   0x0000000000001194      0x248 ./Drivers/STM32L4xx_HAL_Driver/Src/stm32l4xx_hal_rcc.o
 .debug_frame   0x00000000000013dc       0x20 /Users/mihailcalitoiu/STM32CubeIDE/workspace_1.13.1/Lab1/Core/Lib/libarm_cortexM4lf_math.a(arm_sin_f32.o)
 .debug_frame   0x00000000000013fc       0x20 /Users/mihailcalitoiu/STM32CubeIDE/workspace_1.13.1/Lab1/Core/Lib/libarm_cortexM4lf_math.a(arm_cos_f32.o)
 .debug_frame   0x000000000000141c      0x13c /Applications/STM32CubeIDE.app/Contents/Eclipse/plugins/com.st.stm32cube.ide.mcu.externaltools.gnu-tools-for-stm32.11.3.rel1.macos64_1.1.0.202305231506/tools/bin/../lib/gcc/arm-none-eabi/11.3.1/../../../../arm-none-eabi/lib/thumb/v7e-m+fp/hard/libc_nano.a(libc_a-findfp.o)
 .debug_frame   0x0000000000001558       0x20 /Applications/STM32CubeIDE.app/Contents/Eclipse/plugins/com.st.stm32cube.ide.mcu.externaltools.gnu-tools-for-stm32.11.3.rel1.macos64_1.1.0.202305231506/tools/bin/../lib/gcc/arm-none-eabi/11.3.1/../../../../arm-none-eabi/lib/thumb/v7e-m+fp/hard/libc_nano.a(libc_a-memset.o)
 .debug_frame   0x0000000000001578       0x20 /Applications/STM32CubeIDE.app/Contents/Eclipse/plugins/com.st.stm32cube.ide.mcu.externaltools.gnu-tools-for-stm32.11.3.rel1.macos64_1.1.0.202305231506/tools/bin/../lib/gcc/arm-none-eabi/11.3.1/../../../../arm-none-eabi/lib/thumb/v7e-m+fp/hard/libc_nano.a(libc_a-errno.o)
 .debug_frame   0x0000000000001598       0x2c /Applications/STM32CubeIDE.app/Contents/Eclipse/plugins/com.st.stm32cube.ide.mcu.externaltools.gnu-tools-for-stm32.11.3.rel1.macos64_1.1.0.202305231506/tools/bin/../lib/gcc/arm-none-eabi/11.3.1/../../../../arm-none-eabi/lib/thumb/v7e-m+fp/hard/libc_nano.a(libc_a-init.o)
 .debug_frame   0x00000000000015c4       0x38 /Applications/STM32CubeIDE.app/Contents/Eclipse/plugins/com.st.stm32cube.ide.mcu.externaltools.gnu-tools-for-stm32.11.3.rel1.macos64_1.1.0.202305231506/tools/bin/../lib/gcc/arm-none-eabi/11.3.1/../../../../arm-none-eabi/lib/thumb/v7e-m+fp/hard/libm.a(libm_a-wf_sqrt.o)
 .debug_frame   0x00000000000015fc       0x20 /Applications/STM32CubeIDE.app/Contents/Eclipse/plugins/com.st.stm32cube.ide.mcu.externaltools.gnu-tools-for-stm32.11.3.rel1.macos64_1.1.0.202305231506/tools/bin/../lib/gcc/arm-none-eabi/11.3.1/../../../../arm-none-eabi/lib/thumb/v7e-m+fp/hard/libm.a(libm_a-ef_sqrt.o)
 .debug_frame   0x000000000000161c       0xac /Applications/STM32CubeIDE.app/Contents/Eclipse/plugins/com.st.stm32cube.ide.mcu.externaltools.gnu-tools-for-stm32.11.3.rel1.macos64_1.1.0.202305231506/tools/bin/../lib/gcc/arm-none-eabi/11.3.1/thumb/v7e-m+fp/hard/libgcc.a(_arm_addsubdf3.o)
 .debug_frame   0x00000000000016c8       0xc4 /Applications/STM32CubeIDE.app/Contents/Eclipse/plugins/com.st.stm32cube.ide.mcu.externaltools.gnu-tools-for-stm32.11.3.rel1.macos64_1.1.0.202305231506/tools/bin/../lib/gcc/arm-none-eabi/11.3.1/thumb/v7e-m+fp/hard/libgcc.a(_arm_cmpdf2.o)

.debug_loc      0x0000000000000000      0x1f4
 .debug_loc     0x0000000000000000       0xfa /Users/mihailcalitoiu/STM32CubeIDE/workspace_1.13.1/Lab1/Core/Lib/libarm_cortexM4lf_math.a(arm_sin_f32.o)
 .debug_loc     0x00000000000000fa       0xfa /Users/mihailcalitoiu/STM32CubeIDE/workspace_1.13.1/Lab1/Core/Lib/libarm_cortexM4lf_math.a(arm_cos_f32.o)

.debug_ranges   0x0000000000000000       0x20
 .debug_ranges  0x0000000000000000       0x10 /Users/mihailcalitoiu/STM32CubeIDE/workspace_1.13.1/Lab1/Core/Lib/libarm_cortexM4lf_math.a(arm_sin_f32.o)
 .debug_ranges  0x0000000000000010       0x10 /Users/mihailcalitoiu/STM32CubeIDE/workspace_1.13.1/Lab1/Core/Lib/libarm_cortexM4lf_math.a(arm_cos_f32.o)
