Archive member included to satisfy reference by file (symbol)

/Users/mihailcalitoiu/STM32CubeIDE/workspace_1.13.1/Lab3/Core/Lib/libarm_cortexM4lf_math.a(arm_sin_f32.o)
                              ./Core/Src/main.o (arm_sin_f32)
/Users/mihailcalitoiu/STM32CubeIDE/workspace_1.13.1/Lab3/Core/Lib/libarm_cortexM4lf_math.a(arm_common_tables.o)
                              /Users/mihailcalitoiu/STM32CubeIDE/workspace_1.13.1/Lab3/Core/Lib/libarm_cortexM4lf_math.a(arm_sin_f32.o) (sinTable_f32)
/Applications/STM32CubeIDE.app/Contents/Eclipse/plugins/com.st.stm32cube.ide.mcu.externaltools.gnu-tools-for-stm32.11.3.rel1.macos64_1.1.0.202305231506/tools/bin/../lib/gcc/arm-none-eabi/11.3.1/../../../../arm-none-eabi/lib/thumb/v7e-m+fp/hard/libc_nano.a(libc_a-exit.o)
                              /Applications/STM32CubeIDE.app/Contents/Eclipse/plugins/com.st.stm32cube.ide.mcu.externaltools.gnu-tools-for-stm32.11.3.rel1.macos64_1.1.0.202305231506/tools/bin/../lib/gcc/arm-none-eabi/11.3.1/../../../../arm-none-eabi/lib/thumb/v7e-m+fp/hard/crt0.o (exit)
/Applications/STM32CubeIDE.app/Contents/Eclipse/plugins/com.st.stm32cube.ide.mcu.externaltools.gnu-tools-for-stm32.11.3.rel1.macos64_1.1.0.202305231506/tools/bin/../lib/gcc/arm-none-eabi/11.3.1/../../../../arm-none-eabi/lib/thumb/v7e-m+fp/hard/libc_nano.a(libc_a-findfp.o)
                              /Applications/STM32CubeIDE.app/Contents/Eclipse/plugins/com.st.stm32cube.ide.mcu.externaltools.gnu-tools-for-stm32.11.3.rel1.macos64_1.1.0.202305231506/tools/bin/../lib/gcc/arm-none-eabi/11.3.1/../../../../arm-none-eabi/lib/thumb/v7e-m+fp/hard/libc_nano.a(libc_a-exit.o) (__stdio_exit_handler)
/Applications/STM32CubeIDE.app/Contents/Eclipse/plugins/com.st.stm32cube.ide.mcu.externaltools.gnu-tools-for-stm32.11.3.rel1.macos64_1.1.0.202305231506/tools/bin/../lib/gcc/arm-none-eabi/11.3.1/../../../../arm-none-eabi/lib/thumb/v7e-m+fp/hard/libc_nano.a(libc_a-fwalk.o)
                              /Applications/STM32CubeIDE.app/Contents/Eclipse/plugins/com.st.stm32cube.ide.mcu.externaltools.gnu-tools-for-stm32.11.3.rel1.macos64_1.1.0.202305231506/tools/bin/../lib/gcc/arm-none-eabi/11.3.1/../../../../arm-none-eabi/lib/thumb/v7e-m+fp/hard/libc_nano.a(libc_a-findfp.o) (_fwalk_sglue)
/Applications/STM32CubeIDE.app/Contents/Eclipse/plugins/com.st.stm32cube.ide.mcu.externaltools.gnu-tools-for-stm32.11.3.rel1.macos64_1.1.0.202305231506/tools/bin/../lib/gcc/arm-none-eabi/11.3.1/../../../../arm-none-eabi/lib/thumb/v7e-m+fp/hard/libc_nano.a(libc_a-memset.o)
                              /Applications/STM32CubeIDE.app/Contents/Eclipse/plugins/com.st.stm32cube.ide.mcu.externaltools.gnu-tools-for-stm32.11.3.rel1.macos64_1.1.0.202305231506/tools/bin/../lib/gcc/arm-none-eabi/11.3.1/../../../../arm-none-eabi/lib/thumb/v7e-m+fp/hard/crt0.o (memset)
/Applications/STM32CubeIDE.app/Contents/Eclipse/plugins/com.st.stm32cube.ide.mcu.externaltools.gnu-tools-for-stm32.11.3.rel1.macos64_1.1.0.202305231506/tools/bin/../lib/gcc/arm-none-eabi/11.3.1/../../../../arm-none-eabi/lib/thumb/v7e-m+fp/hard/libc_nano.a(libc_a-impure.o)
                              /Applications/STM32CubeIDE.app/Contents/Eclipse/plugins/com.st.stm32cube.ide.mcu.externaltools.gnu-tools-for-stm32.11.3.rel1.macos64_1.1.0.202305231506/tools/bin/../lib/gcc/arm-none-eabi/11.3.1/../../../../arm-none-eabi/lib/thumb/v7e-m+fp/hard/libc_nano.a(libc_a-findfp.o) (_impure_data)
/Applications/STM32CubeIDE.app/Contents/Eclipse/plugins/com.st.stm32cube.ide.mcu.externaltools.gnu-tools-for-stm32.11.3.rel1.macos64_1.1.0.202305231506/tools/bin/../lib/gcc/arm-none-eabi/11.3.1/../../../../arm-none-eabi/lib/thumb/v7e-m+fp/hard/libc_nano.a(libc_a-errno.o)
                              ./Core/Src/syscalls.o (__errno)
/Applications/STM32CubeIDE.app/Contents/Eclipse/plugins/com.st.stm32cube.ide.mcu.externaltools.gnu-tools-for-stm32.11.3.rel1.macos64_1.1.0.202305231506/tools/bin/../lib/gcc/arm-none-eabi/11.3.1/../../../../arm-none-eabi/lib/thumb/v7e-m+fp/hard/libc_nano.a(libc_a-init.o)
                              /Applications/STM32CubeIDE.app/Contents/Eclipse/plugins/com.st.stm32cube.ide.mcu.externaltools.gnu-tools-for-stm32.11.3.rel1.macos64_1.1.0.202305231506/tools/bin/../lib/gcc/arm-none-eabi/11.3.1/../../../../arm-none-eabi/lib/thumb/v7e-m+fp/hard/crt0.o (__libc_init_array)
/Applications/STM32CubeIDE.app/Contents/Eclipse/plugins/com.st.stm32cube.ide.mcu.externaltools.gnu-tools-for-stm32.11.3.rel1.macos64_1.1.0.202305231506/tools/bin/../lib/gcc/arm-none-eabi/11.3.1/../../../../arm-none-eabi/lib/thumb/v7e-m+fp/hard/libc_nano.a(libc_a-lock.o)
                              /Applications/STM32CubeIDE.app/Contents/Eclipse/plugins/com.st.stm32cube.ide.mcu.externaltools.gnu-tools-for-stm32.11.3.rel1.macos64_1.1.0.202305231506/tools/bin/../lib/gcc/arm-none-eabi/11.3.1/../../../../arm-none-eabi/lib/thumb/v7e-m+fp/hard/libc_nano.a(libc_a-findfp.o) (__retarget_lock_init_recursive)
[...]
Memory Configuration

Name             Origin             Length             Attributes
RAM              0x0000000020000000 0x00000000000a0000 xrw
RAM2             0x0000000010000000 0x0000000000010000 xrw
RAM3             0x0000000020040000 0x0000000000060000 xrw
FLASH            0x0000000008000000 0x0000000000200000 xr
*default*        0x0000000000000000 0xffffffffffffffff

Linker script and memory map

LOAD /Applications/STM32CubeIDE.app/Contents/Eclipse/plugins/com.st.stm32cube.ide.mcu.externaltools.gnu-tools-for-stm32.11.3.rel1.macos64_1.1.0.202305231506/tools/bin/../lib/gcc/arm-none-eabi/11.3.1/thumb/v7e-m+fp/hard/crti.o
LOAD /Applications/STM32CubeIDE.app/Contents/Eclipse/plugins/com.st.stm32cube.ide.mcu.externaltools.gnu-tools-for-stm32.11.3.rel1.macos64_1.1.0.202305231506/tools/bin/../lib/gcc/arm-none-eabi/11.3.1/thumb/v7e-m+fp/hard/crtbegin.o
LOAD /Applications/STM32CubeIDE.app/Contents/Eclipse/plugins/com.st.stm32cube.ide.mcu.externaltools.gnu-tools-for-stm32.11.3.rel1.macos64_1.1.0.202305231506/tools/bin/../lib/gcc/arm-none-eabi/11.3.1/../../../../arm-none-eabi/lib/thumb/v7e-m+fp/hard/crt0.o
LOAD ./Core/Src/main.o
LOAD ./Core/Src/mainplg.o
LOAD ./Core/Src/stm32l4xx_hal_msp.o
LOAD ./Core/Src/stm32l4xx_it.o
LOAD ./Core/Src/syscalls.o
LOAD ./Core/Src/sysmem.o
LOAD ./Core/Src/system_stm32l4xx.o
LOAD ./Core/Startup/startup_stm32l4s5vitx.o
LOAD ./Drivers/STM32L4xx_HAL_Driver/Src/stm32l4xx_hal.o
LOAD ./Drivers/STM32L4xx_HAL_Driver/Src/stm32l4xx_hal_adc.o
LOAD ./Drivers/STM32L4xx_HAL_Driver/Src/stm32l4xx_hal_adc_ex.o
LOAD ./Drivers/STM32L4xx_HAL_Driver/Src/stm32l4xx_hal_cortex.o
LOAD ./Drivers/STM32L4xx_HAL_Driver/Src/stm32l4xx_hal_dac.o
LOAD ./Drivers/STM32L4xx_HAL_Driver/Src/stm32l4xx_hal_dac_ex.o
LOAD ./Drivers/STM32L4xx_HAL_Driver/Src/stm32l4xx_hal_dfsdm.o
LOAD ./Drivers/STM32L4xx_HAL_Driver/Src/stm32l4xx_hal_dfsdm_ex.o
LOAD ./Drivers/STM32L4xx_HAL_Driver/Src/stm32l4xx_hal_dma.o
LOAD ./Drivers/STM32L4xx_HAL_Driver/Src/stm32l4xx_hal_dma_ex.o
LOAD ./Drivers/STM32L4xx_HAL_Driver/Src/stm32l4xx_hal_exti.o
LOAD ./Drivers/STM32L4xx_HAL_Driver/Src/stm32l4xx_hal_flash.o
LOAD ./Drivers/STM32L4xx_HAL_Driver/Src/stm32l4xx_hal_flash_ex.o
LOAD ./Drivers/STM32L4xx_HAL_Driver/Src/stm32l4xx_hal_flash_ramfunc.o
LOAD ./Drivers/STM32L4xx_HAL_Driver/Src/stm32l4xx_hal_gpio.o
LOAD ./Drivers/STM32L4xx_HAL_Driver/Src/stm32l4xx_hal_pwr.o
LOAD ./Drivers/STM32L4xx_HAL_Driver/Src/stm32l4xx_hal_pwr_ex.o
LOAD ./Drivers/STM32L4xx_HAL_Driver/Src/stm32l4xx_hal_rcc.o
LOAD ./Drivers/STM32L4xx_HAL_Driver/Src/stm32l4xx_hal_rcc_ex.o
LOAD ./Drivers/STM32L4xx_HAL_Driver/Src/stm32l4xx_hal_tim.o
LOAD ./Drivers/STM32L4xx_HAL_Driver/Src/stm32l4xx_hal_tim_ex.o
LOAD /Users/mihailcalitoiu/STM32CubeIDE/workspace_1.13.1/Lab3/Core/Lib/libarm_cortexM4lf_math.a
START GROUP
LOAD /Applications/STM32CubeIDE.app/Contents/Eclipse/plugins/com.st.stm32cube.ide.mcu.externaltools.gnu-tools-for-stm32.11.3.rel1.macos64_1.1.0.202305231506/tools/bin/../lib/gcc/arm-none-eabi/11.3.1/../../../../arm-none-eabi/lib/thumb/v7e-m+fp/hard/libc_nano.a
LOAD /Applications/STM32CubeIDE.app/Contents/Eclipse/plugins/com.st.stm32cube.ide.mcu.externaltools.gnu-tools-for-stm32.11.3.rel1.macos64_1.1.0.202305231506/tools/bin/../lib/gcc/arm-none-eabi/11.3.1/../../../../arm-none-eabi/lib/thumb/v7e-m+fp/hard/libm.a
END GROUP
START GROUP
LOAD /Applications/STM32CubeIDE.app/Contents/Eclipse/plugins/com.st.stm32cube.ide.mcu.externaltools.gnu-tools-for-stm32.11.3.rel1.macos64_1.1.0.202305231506/tools/bin/../lib/gcc/arm-none-eabi/11.3.1/thumb/v7e-m+fp/hard/libgcc.a
LOAD /Applications/STM32CubeIDE.app/Contents/Eclipse/plugins/com.st.stm32cube.ide.mcu.externaltools.gnu-tools-for-stm32.11.3.rel1.macos64_1.1.0.202305231506/tools/bin/../lib/gcc/arm-none-eabi/11.3.1/../../../../arm-none-eabi/lib/thumb/v7e-m+fp/hard/libc_nano.a
END GROUP
START GROUP
LOAD /Applications/STM32CubeIDE.app/Contents/Eclipse/plugins/com.st.stm32cube.ide.mcu.externaltools.gnu-tools-for-stm32.11.3.rel1.macos64_1.1.0.202305231506/tools/bin/../lib/gcc/arm-none-eabi/11.3.1/thumb/v7e-m+fp/hard/libgcc.a
LOAD /Applications/STM32CubeIDE.app/Contents/Eclipse/plugins/com.st.stm32cube.ide.mcu.externaltools.gnu-tools-for-stm32.11.3.rel1.macos64_1.1.0.202305231506/tools/bin/../lib/gcc/arm-none-eabi/11.3.1/../../../../arm-none-eabi/lib/thumb/v7e-m+fp/hard/libc_nano.a
LOAD /Applications/STM32CubeIDE.app/Contents/Eclipse/plugins/com.st.stm32cube.ide.mcu.externaltools.gnu-tools-for-stm32.11.3.rel1.macos64_1.1.0.202305231506/tools/bin/../lib/gcc/arm-none-eabi/11.3.1/../../../../arm-none-eabi/lib/thumb/v7e-m+fp/hard/libnosys.a
END GROUP
START GROUP
LOAD /Applications/STM32CubeIDE.app/Contents/Eclipse/plugins/com.st.stm32cube.ide.mcu.externaltools.gnu-tools-for-stm32.11.3.rel1.macos64_1.1.0.202305231506/tools/bin/../lib/gcc/arm-none-eabi/11.3.1/thumb/v7e-m+fp/hard/libgcc.a
LOAD /Applications/STM32CubeIDE.app/Contents/Eclipse/plugins/com.st.stm32cube.ide.mcu.externaltools.gnu-tools-for-stm32.11.3.rel1.macos64_1.1.0.202305231506/tools/bin/../lib/gcc/arm-none-eabi/11.3.1/../../../../arm-none-eabi/lib/thumb/v7e-m+fp/hard/libc_nano.a
LOAD /Applications/STM32CubeIDE.app/Contents/Eclipse/plugins/com.st.stm32cube.ide.mcu.externaltools.gnu-tools-for-stm32.11.3.rel1.macos64_1.1.0.202305231506/tools/bin/../lib/gcc/arm-none-eabi/11.3.1/../../../../arm-none-eabi/lib/thumb/v7e-m+fp/hard/libnosys.a
END GROUP
LOAD /Applications/STM32CubeIDE.app/Contents/Eclipse/plugins/com.st.stm32cube.ide.mcu.externaltools.gnu-tools-for-stm32.11.3.rel1.macos64_1.1.0.202305231506/tools/bin/../lib/gcc/arm-none-eabi/11.3.1/thumb/v7e-m+fp/hard/crtend.o
LOAD /Applications/STM32CubeIDE.app/Contents/Eclipse/plugins/com.st.stm32cube.ide.mcu.externaltools.gnu-tools-for-stm32.11.3.rel1.macos64_1.1.0.202305231506/tools/bin/../lib/gcc/arm-none-eabi/11.3.1/thumb/v7e-m+fp/hard/crtn.o
                0x00000000200a0000                _estack = (ORIGIN (RAM) + LENGTH (RAM))
                0x0000000000000200                _Min_Heap_Size = 0x200
                0x0000000000000400                _Min_Stack_Size = 0x400

.isr_vector     0x0000000008000000      0x1bc
                0x0000000008000000                . = ALIGN (0x4)
 *(.isr_vector)
 .isr_vector    0x0000000008000000      0x1bc ./Core/Startup/startup_stm32l4s5vitx.o
                0x0000000008000000                g_pfnVectors
                0x00000000080001bc                . = ALIGN (0x4)

.text           0x00000000080001bc     0x6324
                0x00000000080001bc                . = ALIGN (0x4)
 *(.text)
 .text          0x00000000080001bc       0x40 /Applications/STM32CubeIDE.app/Contents/Eclipse/plugins/com.st.stm32cube.ide.mcu.externaltools.gnu-tools-for-stm32.11.3.rel1.macos64_1.1.0.202305231506/tools/bin/../lib/gcc/arm-none-eabi/11.3.1/thumb/v7e-m+fp/hard/crtbegin.o
 .text          0x00000000080001fc      0x254 /Applications/STM32CubeIDE.app/Contents/Eclipse/plugins/com.st.stm32cube.ide.mcu.externaltools.gnu-tools-for-stm32.11.3.rel1.macos64_1.1.0.202305231506/tools/bin/../lib/gcc/arm-none-eabi/11.3.1/thumb/v7e-m+fp/hard/libgcc.a(_arm_muldf3.o)
                0x00000000080001fc                __aeabi_dmul
                0x00000000080001fc                __muldf3
 .text          0x0000000008000450      0x378 /Applications/STM32CubeIDE.app/Contents/Eclipse/plugins/com.st.stm32cube.ide.mcu.externaltools.gnu-tools-for-stm32.11.3.rel1.macos64_1.1.0.202305231506/tools/bin/../lib/gcc/arm-none-eabi/11.3.1/thumb/v7e-m+fp/hard/libgcc.a(_arm_addsubdf3.o)
                0x0000000008000450                __aeabi_drsub
                0x0000000008000458                __subdf3
                0x0000000008000458                __aeabi_dsub
                0x000000000800045c                __aeabi_dadd
                0x000000000800045c                __adddf3
                0x00000000080006d4                __aeabi_ui2d
                0x00000000080006d4                __floatunsidf
                0x00000000080006f4                __floatsidf
                0x00000000080006f4                __aeabi_i2d
                0x0000000008000718                __extendsfdf2
                0x0000000008000718                __aeabi_f2d
                0x000000000800075c                __aeabi_ul2d
                0x000000000800075c                __floatundidf
                0x000000000800076c                __aeabi_l2d
                0x000000000800076c                __floatdidf
 .text          0x00000000080007c8       0xa0 /Applications/STM32CubeIDE.app/Contents/Eclipse/plugins/com.st.stm32cube.ide.mcu.externaltools.gnu-tools-for-stm32.11.3.rel1.macos64_1.1.0.202305231506/tools/bin/../lib/gcc/arm-none-eabi/11.3.1/thumb/v7e-m+fp/hard/libgcc.a(_arm_truncdfsf2.o)
                0x00000000080007c8                __aeabi_d2f
                0x00000000080007c8                __truncdfsf2
 *(.text*)
 .text.HAL_GPIO_EXTI_Callback
                0x0000000008000868       0x68 ./Core/Src/main.o
                0x0000000008000868                HAL_GPIO_EXTI_Callback
 .text.HAL_DAC_ConvCpltCallbackCh1
                0x00000000080008d0       0x40 ./Core/Src/main.o
                0x00000000080008d0                HAL_DAC_ConvCpltCallbackCh1
 .text.HAL_TIM_PeriodElapsedCallback
                0x0000000008000910      0x1dc ./Core/Src/main.o
                0x0000000008000910                HAL_TIM_PeriodElapsedCallback
 .text.HAL_DFSDM_FilterRegConvCpltCallback
                0x0000000008000aec      0x134 ./Core/Src/main.o
                0x0000000008000aec                HAL_DFSDM_FilterRegConvCpltCallback
 .text.main     0x0000000008000c20      0x378 ./Core/Src/main.o
                0x0000000008000c20                main
 .text.SystemClock_Config
                0x0000000008000f98       0xa2 ./Core/Src/main.o
                0x0000000008000f98                SystemClock_Config
 *fill*         0x000000000800103a        0x2 
 .text.MX_ADC1_Init
                0x000000000800103c       0xc8 ./Core/Src/main.o
 .text.MX_DAC1_Init
                0x0000000008001104       0x84 ./Core/Src/main.o
 .text.MX_DFSDM1_Init
                0x0000000008001188       0xcc ./Core/Src/main.o
 .text.MX_TIM2_Init
                0x0000000008001254       0x9c ./Core/Src/main.o
 .text.MX_DMA_Init
                0x00000000080012f0       0x64 ./Core/Src/main.o
 .text.MX_GPIO_Init
                0x0000000008001354       0xe0 ./Core/Src/main.o
 .text.Error_Handler
                0x0000000008001434        0xa ./Core/Src/main.o
                0x0000000008001434                Error_Handler
 *fill*         0x000000000800143e        0x2 
 .text.HAL_MspInit
                0x0000000008001440       0x48 ./Core/Src/stm32l4xx_hal_msp.o
                0x0000000008001440                HAL_MspInit
 .text.HAL_ADC_MspInit
                0x0000000008001488       0x88 ./Core/Src/stm32l4xx_hal_msp.o
                0x0000000008001488                HAL_ADC_MspInit
 .text.HAL_DAC_MspInit
                0x0000000008001510       0xdc ./Core/Src/stm32l4xx_hal_msp.o
                0x0000000008001510                HAL_DAC_MspInit
 .text.HAL_DFSDM_FilterMspInit
                0x00000000080015ec      0x158 ./Core/Src/stm32l4xx_hal_msp.o
                0x00000000080015ec                HAL_DFSDM_FilterMspInit
 .text.HAL_DFSDM_ChannelMspInit
                0x0000000008001744       0xe0 ./Core/Src/stm32l4xx_hal_msp.o
                0x0000000008001744                HAL_DFSDM_ChannelMspInit
 .text.HAL_TIM_Base_MspInit
                0x0000000008001824       0x48 ./Core/Src/stm32l4xx_hal_msp.o
                0x0000000008001824                HAL_TIM_Base_MspInit
 .text.NMI_Handler
                0x000000000800186c        0x6 ./Core/Src/stm32l4xx_it.o
                0x000000000800186c                NMI_Handler
 .text.HardFault_Handler
                0x0000000008001872        0x6 ./Core/Src/stm32l4xx_it.o
                0x0000000008001872                HardFault_Handler
 .text.MemManage_Handler
                0x0000000008001878        0x6 ./Core/Src/stm32l4xx_it.o
                0x0000000008001878                MemManage_Handler
 .text.BusFault_Handler
                0x000000000800187e        0x6 ./Core/Src/stm32l4xx_it.o
                0x000000000800187e                BusFault_Handler
 .text.UsageFault_Handler
                0x0000000008001884        0x6 ./Core/Src/stm32l4xx_it.o
                0x0000000008001884                UsageFault_Handler
 .text.SVC_Handler
                0x000000000800188a        0xe ./Core/Src/stm32l4xx_it.o
                0x000000000800188a                SVC_Handler
 .text.DebugMon_Handler
                0x0000000008001898        0xe ./Core/Src/stm32l4xx_it.o
                0x0000000008001898                DebugMon_Handler
 .text.PendSV_Handler
                0x00000000080018a6        0xe ./Core/Src/stm32l4xx_it.o
                0x00000000080018a6                PendSV_Handler
 .text.SysTick_Handler
                0x00000000080018b4        0xc ./Core/Src/stm32l4xx_it.o
                0x00000000080018b4                SysTick_Handler
 .text.DMA1_Channel1_IRQHandler
                0x00000000080018c0       0x14 ./Core/Src/stm32l4xx_it.o
                0x00000000080018c0                DMA1_Channel1_IRQHandler
 .text.DMA1_Channel2_IRQHandler
                0x00000000080018d4       0x14 ./Core/Src/stm32l4xx_it.o
                0x00000000080018d4                DMA1_Channel2_IRQHandler
 .text.TIM2_IRQHandler
                0x00000000080018e8       0x14 ./Core/Src/stm32l4xx_it.o
                0x00000000080018e8                TIM2_IRQHandler
 .text.EXTI15_10_IRQHandler
                0x00000000080018fc       0x10 ./Core/Src/stm32l4xx_it.o
                0x00000000080018fc                EXTI15_10_IRQHandler
 .text.SystemInit
                0x000000000800190c       0x24 ./Core/Src/system_stm32l4xx.o
                0x000000000800190c                SystemInit
 .text.Reset_Handler
                0x0000000008001930       0x50 ./Core/Startup/startup_stm32l4s5vitx.o
                0x0000000008001930                Reset_Handler
 .text.Default_Handler
                0x0000000008001980        0x2 ./Core/Startup/startup_stm32l4s5vitx.o
                0x0000000008001980                TIM1_BRK_TIM15_IRQHandler
                0x0000000008001980                EXTI2_IRQHandler
                0x0000000008001980                TIM8_TRG_COM_IRQHandler
                0x0000000008001980                TIM8_CC_IRQHandler
                0x0000000008001980                TIM1_CC_IRQHandler
                0x0000000008001980                TSC_IRQHandler
                0x0000000008001980                TAMP_STAMP_IRQHandler
                0x0000000008001980                EXTI3_IRQHandler
                0x0000000008001980                LPTIM2_IRQHandler
                0x0000000008001980                DFSDM1_FLT1_IRQHandler
                0x0000000008001980                GFXMMU_IRQHandler
                0x0000000008001980                I2C3_ER_IRQHandler
                0x0000000008001980                DFSDM1_FLT2_IRQHandler
                0x0000000008001980                EXTI0_IRQHandler
                0x0000000008001980                I2C2_EV_IRQHandler
                0x0000000008001980                CAN1_RX0_IRQHandler
                0x0000000008001980                FPU_IRQHandler
                0x0000000008001980                TIM1_UP_TIM16_IRQHandler
                0x0000000008001980                LTDC_ER_IRQHandler
                0x0000000008001980                SPI1_IRQHandler
                0x0000000008001980                OCTOSPI1_IRQHandler
                0x0000000008001980                TIM6_DAC_IRQHandler
                0x0000000008001980                DCMI_IRQHandler
                0x0000000008001980                TIM8_UP_IRQHandler
                0x0000000008001980                OCTOSPI2_IRQHandler
                0x0000000008001980                DMA2_Channel2_IRQHandler
                0x0000000008001980                DMA1_Channel4_IRQHandler
                0x0000000008001980                SAI2_IRQHandler
                0x0000000008001980                ADC1_IRQHandler
                0x0000000008001980                DFSDM1_FLT3_IRQHandler
                0x0000000008001980                USART3_IRQHandler
                0x0000000008001980                DMA1_Channel7_IRQHandler
                0x0000000008001980                CAN1_RX1_IRQHandler
                0x0000000008001980                UART5_IRQHandler
                0x0000000008001980                TIM4_IRQHandler
                0x0000000008001980                DMA2_Channel1_IRQHandler
                0x0000000008001980                I2C1_EV_IRQHandler
                0x0000000008001980                DMAMUX1_OVR_IRQHandler
                0x0000000008001980                DMA1_Channel6_IRQHandler
                0x0000000008001980                UART4_IRQHandler
                0x0000000008001980                DMA2_Channel4_IRQHandler
                0x0000000008001980                TIM3_IRQHandler
                0x0000000008001980                RCC_IRQHandler
                0x0000000008001980                Default_Handler
                0x0000000008001980                DMA2_Channel7_IRQHandler
                0x0000000008001980                TIM7_IRQHandler
                0x0000000008001980                SDMMC1_IRQHandler
                0x0000000008001980                TIM5_IRQHandler
                0x0000000008001980                I2C3_EV_IRQHandler
                0x0000000008001980                EXTI9_5_IRQHandler
                0x0000000008001980                RTC_WKUP_IRQHandler
                0x0000000008001980                LTDC_IRQHandler
                0x0000000008001980                PVD_PVM_IRQHandler
                0x0000000008001980                SPI2_IRQHandler
                0x0000000008001980                CAN1_TX_IRQHandler
                0x0000000008001980                DMA2_Channel5_IRQHandler
                0x0000000008001980                DMA1_Channel5_IRQHandler
                0x0000000008001980                EXTI4_IRQHandler
                0x0000000008001980                RNG_IRQHandler
                0x0000000008001980                TIM1_TRG_COM_TIM17_IRQHandler
                0x0000000008001980                DMA1_Channel3_IRQHandler
                0x0000000008001980                COMP_IRQHandler
                0x0000000008001980                HASH_CRS_IRQHandler
                0x0000000008001980                WWDG_IRQHandler
                0x0000000008001980                I2C4_EV_IRQHandler
                0x0000000008001980                LPUART1_IRQHandler
                0x0000000008001980                DMA2_Channel6_IRQHandler
                0x0000000008001980                DMA2D_IRQHandler
                0x0000000008001980                EXTI1_IRQHandler
                0x0000000008001980                AES_IRQHandler
                0x0000000008001980                USART2_IRQHandler
                0x0000000008001980                DFSDM1_FLT0_IRQHandler
                0x0000000008001980                I2C2_ER_IRQHandler
                0x0000000008001980                TIM8_BRK_IRQHandler
                0x0000000008001980                CAN1_SCE_IRQHandler
                0x0000000008001980                FLASH_IRQHandler
                0x0000000008001980                USART1_IRQHandler
                0x0000000008001980                OTG_FS_IRQHandler
                0x0000000008001980                SPI3_IRQHandler
                0x0000000008001980                I2C1_ER_IRQHandler
                0x0000000008001980                FMC_IRQHandler
                0x0000000008001980                LPTIM1_IRQHandler
                0x0000000008001980                I2C4_ER_IRQHandler
                0x0000000008001980                SAI1_IRQHandler
                0x0000000008001980                DMA2_Channel3_IRQHandler
                0x0000000008001980                RTC_Alarm_IRQHandler
 .text.HAL_Init
                0x0000000008001982       0x30 ./Drivers/STM32L4xx_HAL_Driver/Src/stm32l4xx_hal.o
                0x0000000008001982                HAL_Init
 *fill*         0x00000000080019b2        0x2 
 .text.HAL_InitTick
                0x00000000080019b4       0x78 ./Drivers/STM32L4xx_HAL_Driver/Src/stm32l4xx_hal.o
                0x00000000080019b4                HAL_InitTick
 .text.HAL_IncTick
                0x0000000008001a2c       0x28 ./Drivers/STM32L4xx_HAL_Driver/Src/stm32l4xx_hal.o
                0x0000000008001a2c                HAL_IncTick
 .text.HAL_GetTick
                0x0000000008001a54       0x18 ./Drivers/STM32L4xx_HAL_Driver/Src/stm32l4xx_hal.o
                0x0000000008001a54                HAL_GetTick
 .text.HAL_Delay
                0x0000000008001a6c       0x48 ./Drivers/STM32L4xx_HAL_Driver/Src/stm32l4xx_hal.o
                0x0000000008001a6c                HAL_Delay
 .text.LL_ADC_SetCommonClock
                0x0000000008001ab4       0x26 ./Drivers/STM32L4xx_HAL_Driver/Src/stm32l4xx_hal_adc.o
 .text.LL_ADC_SetCommonPathInternalCh
                0x0000000008001ada       0x26 ./Drivers/STM32L4xx_HAL_Driver/Src/stm32l4xx_hal_adc.o
 .text.LL_ADC_GetCommonPathInternalCh
                0x0000000008001b00       0x1c ./Drivers/STM32L4xx_HAL_Driver/Src/stm32l4xx_hal_adc.o
 .text.LL_ADC_SetOffset
                0x0000000008001b1c       0x48 ./Drivers/STM32L4xx_HAL_Driver/Src/stm32l4xx_hal_adc.o
 .text.LL_ADC_GetOffsetChannel
                0x0000000008001b64       0x2c ./Drivers/STM32L4xx_HAL_Driver/Src/stm32l4xx_hal_adc.o
 .text.LL_ADC_SetOffsetState
                0x0000000008001b90       0x36 ./Drivers/STM32L4xx_HAL_Driver/Src/stm32l4xx_hal_adc.o
 .text.LL_ADC_SetSamplingTimeCommonConfig
                0x0000000008001bc6       0x26 ./Drivers/STM32L4xx_HAL_Driver/Src/stm32l4xx_hal_adc.o
 .text.LL_ADC_REG_SetSequencerRanks
                0x0000000008001bec       0x58 ./Drivers/STM32L4xx_HAL_Driver/Src/stm32l4xx_hal_adc.o
 .text.LL_ADC_SetChannelSamplingTime
                0x0000000008001c44       0x56 ./Drivers/STM32L4xx_HAL_Driver/Src/stm32l4xx_hal_adc.o
 *fill*         0x0000000008001c9a        0x2 
 .text.LL_ADC_SetChannelSingleDiff
                0x0000000008001c9c       0x48 ./Drivers/STM32L4xx_HAL_Driver/Src/stm32l4xx_hal_adc.o
 .text.LL_ADC_DisableDeepPowerDown
                0x0000000008001ce4       0x24 ./Drivers/STM32L4xx_HAL_Driver/Src/stm32l4xx_hal_adc.o
 .text.LL_ADC_IsDeepPowerDownEnabled
                0x0000000008001d08       0x28 ./Drivers/STM32L4xx_HAL_Driver/Src/stm32l4xx_hal_adc.o
 .text.LL_ADC_EnableInternalRegulator
                0x0000000008001d30       0x28 ./Drivers/STM32L4xx_HAL_Driver/Src/stm32l4xx_hal_adc.o
 .text.LL_ADC_IsInternalRegulatorEnabled
                0x0000000008001d58       0x28 ./Drivers/STM32L4xx_HAL_Driver/Src/stm32l4xx_hal_adc.o
 .text.LL_ADC_IsEnabled
                0x0000000008001d80       0x26 ./Drivers/STM32L4xx_HAL_Driver/Src/stm32l4xx_hal_adc.o
 .text.LL_ADC_REG_IsConversionOngoing
                0x0000000008001da6       0x26 ./Drivers/STM32L4xx_HAL_Driver/Src/stm32l4xx_hal_adc.o
 .text.LL_ADC_INJ_IsConversionOngoing
                0x0000000008001dcc       0x26 ./Drivers/STM32L4xx_HAL_Driver/Src/stm32l4xx_hal_adc.o
 *fill*         0x0000000008001df2        0x2 
 .text.HAL_ADC_Init
                0x0000000008001df4      0x28c ./Drivers/STM32L4xx_HAL_Driver/Src/stm32l4xx_hal_adc.o
                0x0000000008001df4                HAL_ADC_Init
 .text.HAL_ADC_ConfigChannel
                0x0000000008002080      0x7f8 ./Drivers/STM32L4xx_HAL_Driver/Src/stm32l4xx_hal_adc.o
                0x0000000008002080                HAL_ADC_ConfigChannel
 .text.__NVIC_SetPriorityGrouping
                0x0000000008002878       0x48 ./Drivers/STM32L4xx_HAL_Driver/Src/stm32l4xx_hal_cortex.o
 .text.__NVIC_GetPriorityGrouping
                0x00000000080028c0       0x1c ./Drivers/STM32L4xx_HAL_Driver/Src/stm32l4xx_hal_cortex.o
 .text.__NVIC_EnableIRQ
                0x00000000080028dc       0x3c ./Drivers/STM32L4xx_HAL_Driver/Src/stm32l4xx_hal_cortex.o
 .text.__NVIC_SetPriority
                0x0000000008002918       0x54 ./Drivers/STM32L4xx_HAL_Driver/Src/stm32l4xx_hal_cortex.o
 .text.NVIC_EncodePriority
                0x000000000800296c       0x66 ./Drivers/STM32L4xx_HAL_Driver/Src/stm32l4xx_hal_cortex.o
 *fill*         0x00000000080029d2        0x2 
 .text.SysTick_Config
                0x00000000080029d4       0x44 ./Drivers/STM32L4xx_HAL_Driver/Src/stm32l4xx_hal_cortex.o
 .text.HAL_NVIC_SetPriorityGrouping
                0x0000000008002a18       0x16 ./Drivers/STM32L4xx_HAL_Driver/Src/stm32l4xx_hal_cortex.o
                0x0000000008002a18                HAL_NVIC_SetPriorityGrouping
 .text.HAL_NVIC_SetPriority
                0x0000000008002a2e       0x38 ./Drivers/STM32L4xx_HAL_Driver/Src/stm32l4xx_hal_cortex.o
                0x0000000008002a2e                HAL_NVIC_SetPriority
 .text.HAL_NVIC_EnableIRQ
                0x0000000008002a66       0x1c ./Drivers/STM32L4xx_HAL_Driver/Src/stm32l4xx_hal_cortex.o
                0x0000000008002a66                HAL_NVIC_EnableIRQ
 .text.HAL_SYSTICK_Config
                0x0000000008002a82       0x18 ./Drivers/STM32L4xx_HAL_Driver/Src/stm32l4xx_hal_cortex.o
                0x0000000008002a82                HAL_SYSTICK_Config
 .text.HAL_DAC_Init
                0x0000000008002a9a       0x44 ./Drivers/STM32L4xx_HAL_Driver/Src/stm32l4xx_hal_dac.o
                0x0000000008002a9a                HAL_DAC_Init
 *fill*         0x0000000008002ade        0x2 
 .text.HAL_DAC_Start_DMA
                0x0000000008002ae0      0x198 ./Drivers/STM32L4xx_HAL_Driver/Src/stm32l4xx_hal_dac.o
                0x0000000008002ae0                HAL_DAC_Start_DMA
 .text.HAL_DAC_Stop_DMA
                0x0000000008002c78       0x8a ./Drivers/STM32L4xx_HAL_Driver/Src/stm32l4xx_hal_dac.o
                0x0000000008002c78                HAL_DAC_Stop_DMA
 .text.HAL_DAC_ConvHalfCpltCallbackCh1
                0x0000000008002d02       0x14 ./Drivers/STM32L4xx_HAL_Driver/Src/stm32l4xx_hal_dac.o
                0x0000000008002d02                HAL_DAC_ConvHalfCpltCallbackCh1
 .text.HAL_DAC_ErrorCallbackCh1
                0x0000000008002d16       0x14 ./Drivers/STM32L4xx_HAL_Driver/Src/stm32l4xx_hal_dac.o
                0x0000000008002d16                HAL_DAC_ErrorCallbackCh1
 *fill*         0x0000000008002d2a        0x2 
 .text.HAL_DAC_ConfigChannel
                0x0000000008002d2c      0x298 ./Drivers/STM32L4xx_HAL_Driver/Src/stm32l4xx_hal_dac.o
                0x0000000008002d2c                HAL_DAC_ConfigChannel
 .text.DAC_DMAConvCpltCh1
                0x0000000008002fc4       0x22 ./Drivers/STM32L4xx_HAL_Driver/Src/stm32l4xx_hal_dac.o
                0x0000000008002fc4                DAC_DMAConvCpltCh1
 .text.DAC_DMAHalfConvCpltCh1
                0x0000000008002fe6       0x1c ./Drivers/STM32L4xx_HAL_Driver/Src/stm32l4xx_hal_dac.o
                0x0000000008002fe6                DAC_DMAHalfConvCpltCh1
 .text.DAC_DMAErrorCh1
                0x0000000008003002       0x2e ./Drivers/STM32L4xx_HAL_Driver/Src/stm32l4xx_hal_dac.o
                0x0000000008003002                DAC_DMAErrorCh1
 .text.HAL_DACEx_ConvCpltCallbackCh2
                0x0000000008003030       0x14 ./Drivers/STM32L4xx_HAL_Driver/Src/stm32l4xx_hal_dac_ex.o
                0x0000000008003030                HAL_DACEx_ConvCpltCallbackCh2
 .text.HAL_DACEx_ConvHalfCpltCallbackCh2
                0x0000000008003044       0x14 ./Drivers/STM32L4xx_HAL_Driver/Src/stm32l4xx_hal_dac_ex.o
                0x0000000008003044                HAL_DACEx_ConvHalfCpltCallbackCh2
 .text.HAL_DACEx_ErrorCallbackCh2
                0x0000000008003058       0x14 ./Drivers/STM32L4xx_HAL_Driver/Src/stm32l4xx_hal_dac_ex.o
                0x0000000008003058                HAL_DACEx_ErrorCallbackCh2
 .text.DAC_DMAConvCpltCh2
                0x000000000800306c       0x22 ./Drivers/STM32L4xx_HAL_Driver/Src/stm32l4xx_hal_dac_ex.o
                0x000000000800306c                DAC_DMAConvCpltCh2
 .text.DAC_DMAHalfConvCpltCh2
                0x000000000800308e       0x1c ./Drivers/STM32L4xx_HAL_Driver/Src/stm32l4xx_hal_dac_ex.o
                0x000000000800308e                DAC_DMAHalfConvCpltCh2
 .text.DAC_DMAErrorCh2
                0x00000000080030aa       0x2e ./Drivers/STM32L4xx_HAL_Driver/Src/stm32l4xx_hal_dac_ex.o
                0x00000000080030aa                DAC_DMAErrorCh2
 .text.HAL_DFSDM_ChannelInit
                0x00000000080030d8      0x180 ./Drivers/STM32L4xx_HAL_Driver/Src/stm32l4xx_hal_dfsdm.o
                0x00000000080030d8                HAL_DFSDM_ChannelInit
 .text.HAL_DFSDM_FilterInit
                0x0000000008003258      0x1b4 ./Drivers/STM32L4xx_HAL_Driver/Src/stm32l4xx_hal_dfsdm.o
                0x0000000008003258                HAL_DFSDM_FilterInit
 .text.HAL_DFSDM_FilterConfigRegChannel
                0x000000000800340c       0x8a ./Drivers/STM32L4xx_HAL_Driver/Src/stm32l4xx_hal_dfsdm.o
                0x000000000800340c                HAL_DFSDM_FilterConfigRegChannel
 *fill*         0x0000000008003496        0x2 
 .text.HAL_DFSDM_FilterRegularStart_DMA
                0x0000000008003498      0x104 ./Drivers/STM32L4xx_HAL_Driver/Src/stm32l4xx_hal_dfsdm.o
                0x0000000008003498                HAL_DFSDM_FilterRegularStart_DMA
 .text.HAL_DFSDM_FilterRegularStop_DMA
                0x000000000800359c       0x40 ./Drivers/STM32L4xx_HAL_Driver/Src/stm32l4xx_hal_dfsdm.o
                0x000000000800359c                HAL_DFSDM_FilterRegularStop_DMA
 .text.HAL_DFSDM_FilterRegConvHalfCpltCallback
                0x00000000080035dc       0x14 ./Drivers/STM32L4xx_HAL_Driver/Src/stm32l4xx_hal_dfsdm.o
                0x00000000080035dc                HAL_DFSDM_FilterRegConvHalfCpltCallback
 .text.HAL_DFSDM_FilterErrorCallback
                0x00000000080035f0       0x14 ./Drivers/STM32L4xx_HAL_Driver/Src/stm32l4xx_hal_dfsdm.o
                0x00000000080035f0                HAL_DFSDM_FilterErrorCallback
 .text.DFSDM_DMARegularHalfConvCplt
                0x0000000008003604       0x1c ./Drivers/STM32L4xx_HAL_Driver/Src/stm32l4xx_hal_dfsdm.o
 .text.DFSDM_DMARegularConvCplt
                0x0000000008003620       0x1c ./Drivers/STM32L4xx_HAL_Driver/Src/stm32l4xx_hal_dfsdm.o
 .text.DFSDM_DMAError
                0x000000000800363c       0x22 ./Drivers/STM32L4xx_HAL_Driver/Src/stm32l4xx_hal_dfsdm.o
 *fill*         0x000000000800365e        0x2 
 .text.DFSDM_GetChannelFromInstance
                0x0000000008003660       0x98 ./Drivers/STM32L4xx_HAL_Driver/Src/stm32l4xx_hal_dfsdm.o
 .text.DFSDM_RegConvStart
                0x00000000080036f8       0xac ./Drivers/STM32L4xx_HAL_Driver/Src/stm32l4xx_hal_dfsdm.o
 .text.DFSDM_RegConvStop
                0x00000000080037a4       0x9a ./Drivers/STM32L4xx_HAL_Driver/Src/stm32l4xx_hal_dfsdm.o
 *fill*         0x000000000800383e        0x2 
 .text.HAL_DMA_Init
                0x0000000008003840      0x150 ./Drivers/STM32L4xx_HAL_Driver/Src/stm32l4xx_hal_dma.o
                0x0000000008003840                HAL_DMA_Init
 .text.HAL_DMA_Start_IT
                0x0000000008003990       0xf6 ./Drivers/STM32L4xx_HAL_Driver/Src/stm32l4xx_hal_dma.o
                0x0000000008003990                HAL_DMA_Start_IT
 .text.HAL_DMA_Abort
                0x0000000008003a86       0xb8 ./Drivers/STM32L4xx_HAL_Driver/Src/stm32l4xx_hal_dma.o
                0x0000000008003a86                HAL_DMA_Abort
 .text.HAL_DMA_IRQHandler
                0x0000000008003b3e      0x15e ./Drivers/STM32L4xx_HAL_Driver/Src/stm32l4xx_hal_dma.o
                0x0000000008003b3e                HAL_DMA_IRQHandler
 .text.DMA_SetConfig
                0x0000000008003c9c       0x7c ./Drivers/STM32L4xx_HAL_Driver/Src/stm32l4xx_hal_dma.o
 .text.DMA_CalcDMAMUXChannelBaseAndMask
                0x0000000008003d18       0x7c ./Drivers/STM32L4xx_HAL_Driver/Src/stm32l4xx_hal_dma.o
 .text.DMA_CalcDMAMUXRequestGenBaseAndMask
                0x0000000008003d94       0x48 ./Drivers/STM32L4xx_HAL_Driver/Src/stm32l4xx_hal_dma.o
 .text.HAL_GPIO_Init
                0x0000000008003ddc      0x324 ./Drivers/STM32L4xx_HAL_Driver/Src/stm32l4xx_hal_gpio.o
                0x0000000008003ddc                HAL_GPIO_Init
 .text.HAL_GPIO_WritePin
                0x0000000008004100       0x30 ./Drivers/STM32L4xx_HAL_Driver/Src/stm32l4xx_hal_gpio.o
                0x0000000008004100                HAL_GPIO_WritePin
 .text.HAL_GPIO_EXTI_IRQHandler
                0x0000000008004130       0x30 ./Drivers/STM32L4xx_HAL_Driver/Src/stm32l4xx_hal_gpio.o
                0x0000000008004130                HAL_GPIO_EXTI_IRQHandler
 .text.HAL_PWREx_GetVoltageRange
                0x0000000008004160       0x40 ./Drivers/STM32L4xx_HAL_Driver/Src/stm32l4xx_hal_pwr_ex.o
                0x0000000008004160                HAL_PWREx_GetVoltageRange
 .text.HAL_PWREx_ControlVoltageScaling
                0x00000000080041a0      0x148 ./Drivers/STM32L4xx_HAL_Driver/Src/stm32l4xx_hal_pwr_ex.o
                0x00000000080041a0                HAL_PWREx_ControlVoltageScaling
 .text.HAL_RCC_OscConfig
                0x00000000080042e8      0x834 ./Drivers/STM32L4xx_HAL_Driver/Src/stm32l4xx_hal_rcc.o
                0x00000000080042e8                HAL_RCC_OscConfig
 .text.HAL_RCC_ClockConfig
                0x0000000008004b1c      0x274 ./Drivers/STM32L4xx_HAL_Driver/Src/stm32l4xx_hal_rcc.o
                0x0000000008004b1c                HAL_RCC_ClockConfig
 .text.HAL_RCC_GetSysClockFreq
                0x0000000008004d90      0x118 ./Drivers/STM32L4xx_HAL_Driver/Src/stm32l4xx_hal_rcc.o
                0x0000000008004d90                HAL_RCC_GetSysClockFreq
 .text.HAL_RCC_GetHCLKFreq
                0x0000000008004ea8       0x18 ./Drivers/STM32L4xx_HAL_Driver/Src/stm32l4xx_hal_rcc.o
                0x0000000008004ea8                HAL_RCC_GetHCLKFreq
 .text.RCC_SetFlashLatencyFromMSIRange
                0x0000000008004ec0       0xb4 ./Drivers/STM32L4xx_HAL_Driver/Src/stm32l4xx_hal_rcc.o
 .text.RCC_GetSysClockFreqFromPLLSource
                0x0000000008004f74       0xcc ./Drivers/STM32L4xx_HAL_Driver/Src/stm32l4xx_hal_rcc.o
 .text.HAL_RCCEx_PeriphCLKConfig
                0x0000000008005040      0x660 ./Drivers/STM32L4xx_HAL_Driver/Src/stm32l4xx_hal_rcc_ex.o
                0x0000000008005040                HAL_RCCEx_PeriphCLKConfig
 .text.RCCEx_PLLSAI1_Config
                0x00000000080056a0      0x1e8 ./Drivers/STM32L4xx_HAL_Driver/Src/stm32l4xx_hal_rcc_ex.o
 .text.RCCEx_PLLSAI2_Config
                0x0000000008005888      0x1e8 ./Drivers/STM32L4xx_HAL_Driver/Src/stm32l4xx_hal_rcc_ex.o
 .text.HAL_TIM_Base_Init
                0x0000000008005a70       0xae ./Drivers/STM32L4xx_HAL_Driver/Src/stm32l4xx_hal_tim.o
                0x0000000008005a70                HAL_TIM_Base_Init
 *fill*         0x0000000008005b1e        0x2 
 .text.HAL_TIM_Base_Start_IT
                0x0000000008005b20       0xe0 ./Drivers/STM32L4xx_HAL_Driver/Src/stm32l4xx_hal_tim.o
                0x0000000008005b20                HAL_TIM_Base_Start_IT
 .text.HAL_TIM_IRQHandler
                0x0000000008005c00      0x204 ./Drivers/STM32L4xx_HAL_Driver/Src/stm32l4xx_hal_tim.o
                0x0000000008005c00                HAL_TIM_IRQHandler
 .text.HAL_TIM_ConfigClockSource
                0x0000000008005e04      0x192 ./Drivers/STM32L4xx_HAL_Driver/Src/stm32l4xx_hal_tim.o
                0x0000000008005e04                HAL_TIM_ConfigClockSource
 .text.HAL_TIM_OC_DelayElapsedCallback
                0x0000000008005f96       0x14 ./Drivers/STM32L4xx_HAL_Driver/Src/stm32l4xx_hal_tim.o
                0x0000000008005f96                HAL_TIM_OC_DelayElapsedCallback
 .text.HAL_TIM_IC_CaptureCallback
                0x0000000008005faa       0x14 ./Drivers/STM32L4xx_HAL_Driver/Src/stm32l4xx_hal_tim.o
                0x0000000008005faa                HAL_TIM_IC_CaptureCallback
 .text.HAL_TIM_PWM_PulseFinishedCallback
                0x0000000008005fbe       0x14 ./Drivers/STM32L4xx_HAL_Driver/Src/stm32l4xx_hal_tim.o
                0x0000000008005fbe                HAL_TIM_PWM_PulseFinishedCallback
 .text.HAL_TIM_TriggerCallback
                0x0000000008005fd2       0x14 ./Drivers/STM32L4xx_HAL_Driver/Src/stm32l4xx_hal_tim.o
                0x0000000008005fd2                HAL_TIM_TriggerCallback
 *fill*         0x0000000008005fe6        0x2 
 .text.TIM_Base_SetConfig
                0x0000000008005fe8      0x134 ./Drivers/STM32L4xx_HAL_Driver/Src/stm32l4xx_hal_tim.o
                0x0000000008005fe8                TIM_Base_SetConfig
 .text.TIM_TI1_ConfigInputStage
                0x000000000800611c       0x5e ./Drivers/STM32L4xx_HAL_Driver/Src/stm32l4xx_hal_tim.o
 .text.TIM_TI2_ConfigInputStage
                0x000000000800617a       0x60 ./Drivers/STM32L4xx_HAL_Driver/Src/stm32l4xx_hal_tim.o
 .text.TIM_ITRx_SetConfig
                0x00000000080061da       0x36 ./Drivers/STM32L4xx_HAL_Driver/Src/stm32l4xx_hal_tim.o
 .text.TIM_ETR_SetConfig
                0x0000000008006210       0x40 ./Drivers/STM32L4xx_HAL_Driver/Src/stm32l4xx_hal_tim.o
                0x0000000008006210                TIM_ETR_SetConfig
 .text.HAL_TIMEx_MasterConfigSynchronization
                0x0000000008006250      0x110 ./Drivers/STM32L4xx_HAL_Driver/Src/stm32l4xx_hal_tim_ex.o
                0x0000000008006250                HAL_TIMEx_MasterConfigSynchronization
 .text.HAL_TIMEx_CommutCallback
                0x0000000008006360       0x14 ./Drivers/STM32L4xx_HAL_Driver/Src/stm32l4xx_hal_tim_ex.o
                0x0000000008006360                HAL_TIMEx_CommutCallback
 .text.HAL_TIMEx_BreakCallback
                0x0000000008006374       0x14 ./Drivers/STM32L4xx_HAL_Driver/Src/stm32l4xx_hal_tim_ex.o
                0x0000000008006374                HAL_TIMEx_BreakCallback
 .text.HAL_TIMEx_Break2Callback
                0x0000000008006388       0x14 ./Drivers/STM32L4xx_HAL_Driver/Src/stm32l4xx_hal_tim_ex.o
                0x0000000008006388                HAL_TIMEx_Break2Callback
 .text.arm_sin_f32
                0x000000000800639c       0x8c /Users/mihailcalitoiu/STM32CubeIDE/workspace_1.13.1/Lab3/Core/Lib/libarm_cortexM4lf_math.a(arm_sin_f32.o)
                0x000000000800639c                arm_sin_f32
 .text.memset   0x0000000008006428       0x10 /Applications/STM32CubeIDE.app/Contents/Eclipse/plugins/com.st.stm32cube.ide.mcu.externaltools.gnu-tools-for-stm32.11.3.rel1.macos64_1.1.0.202305231506/tools/bin/../lib/gcc/arm-none-eabi/11.3.1/../../../../arm-none-eabi/lib/thumb/v7e-m+fp/hard/libc_nano.a(libc_a-memset.o)
                0x0000000008006428                memset
 .text.__libc_init_array
                0x0000000008006438       0x48 /Applications/STM32CubeIDE.app/Contents/Eclipse/plugins/com.st.stm32cube.ide.mcu.externaltools.gnu-tools-for-stm32.11.3.rel1.macos64_1.1.0.202305231506/tools/bin/../lib/gcc/arm-none-eabi/11.3.1/../../../../arm-none-eabi/lib/thumb/v7e-m+fp/hard/libc_nano.a(libc_a-init.o)
                0x0000000008006438                __libc_init_array
 .text.roundf   0x0000000008006480       0x48 /Applications/STM32CubeIDE.app/Contents/Eclipse/plugins/com.st.stm32cube.ide.mcu.externaltools.gnu-tools-for-stm32.11.3.rel1.macos64_1.1.0.202305231506/tools/bin/../lib/gcc/arm-none-eabi/11.3.1/../../../../arm-none-eabi/lib/thumb/v7e-m+fp/hard/libm.a(libm_a-sf_round.o)
                0x0000000008006480                roundf
 *(.glue_7)
 .glue_7        0x00000000080064c8        0x0 linker stubs
 *(.glue_7t)
 .glue_7t       0x00000000080064c8        0x0 linker stubs
 *(.eh_frame)
 .eh_frame      0x00000000080064c8        0x0 /Applications/STM32CubeIDE.app/Contents/Eclipse/plugins/com.st.stm32cube.ide.mcu.externaltools.gnu-tools-for-stm32.11.3.rel1.macos64_1.1.0.202305231506/tools/bin/../lib/gcc/arm-none-eabi/11.3.1/thumb/v7e-m+fp/hard/crtbegin.o
 *(.init)
 .init          0x00000000080064c8        0x4 /Applications/STM32CubeIDE.app/Contents/Eclipse/plugins/com.st.stm32cube.ide.mcu.externaltools.gnu-tools-for-stm32.11.3.rel1.macos64_1.1.0.202305231506/tools/bin/../lib/gcc/arm-none-eabi/11.3.1/thumb/v7e-m+fp/hard/crti.o
                0x00000000080064c8                _init
 .init          0x00000000080064cc        0x8 /Applications/STM32CubeIDE.app/Contents/Eclipse/plugins/com.st.stm32cube.ide.mcu.externaltools.gnu-tools-for-stm32.11.3.rel1.macos64_1.1.0.202305231506/tools/bin/../lib/gcc/arm-none-eabi/11.3.1/thumb/v7e-m+fp/hard/crtn.o
 *(.fini)
 .fini          0x00000000080064d4        0x4 /Applications/STM32CubeIDE.app/Contents/Eclipse/plugins/com.st.stm32cube.ide.mcu.externaltools.gnu-tools-for-stm32.11.3.rel1.macos64_1.1.0.202305231506/tools/bin/../lib/gcc/arm-none-eabi/11.3.1/thumb/v7e-m+fp/hard/crti.o
                0x00000000080064d4                _fini
 .fini          0x00000000080064d8        0x8 /Applications/STM32CubeIDE.app/Contents/Eclipse/plugins/com.st.stm32cube.ide.mcu.externaltools.gnu-tools-for-stm32.11.3.rel1.macos64_1.1.0.202305231506/tools/bin/../lib/gcc/arm-none-eabi/11.3.1/thumb/v7e-m+fp/hard/crtn.o
                0x00000000080064e0                . = ALIGN (0x4)
                0x00000000080064e0                _etext = .

.vfp11_veneer   0x00000000080064e0        0x0
 .vfp11_veneer  0x00000000080064e0        0x0 linker stubs

.v4_bx          0x00000000080064e0        0x0
 .v4_bx         0x00000000080064e0        0x0 linker stubs

.iplt           0x00000000080064e0        0x0
 .iplt          0x00000000080064e0        0x0 /Applications/STM32CubeIDE.app/Contents/Eclipse/plugins/com.st.stm32cube.ide.mcu.externaltools.gnu-tools-for-stm32.11.3.rel1.macos64_1.1.0.202305231506/tools/bin/../lib/gcc/arm-none-eabi/11.3.1/thumb/v7e-m+fp/hard/crtbegin.o

.rodata         0x00000000080064e0      0x844
                0x00000000080064e0                . = ALIGN (0x4)
 *(.rodata)
 *(.rodata*)
 .rodata.AHBPrescTable
                0x00000000080064e0       0x10 ./Core/Src/system_stm32l4xx.o
                0x00000000080064e0                AHBPrescTable
 .rodata.MSIRangeTable
                0x00000000080064f0       0x30 ./Core/Src/system_stm32l4xx.o
                0x00000000080064f0                MSIRangeTable
 .rodata.sinTable_f32
                0x0000000008006520      0x804 /Users/mihailcalitoiu/STM32CubeIDE/workspace_1.13.1/Lab3/Core/Lib/libarm_cortexM4lf_math.a(arm_common_tables.o)
                0x0000000008006520                sinTable_f32
                0x0000000008006d24                . = ALIGN (0x4)

.rel.dyn        0x0000000008006d24        0x0
 .rel.iplt      0x0000000008006d24        0x0 /Applications/STM32CubeIDE.app/Contents/Eclipse/plugins/com.st.stm32cube.ide.mcu.externaltools.gnu-tools-for-stm32.11.3.rel1.macos64_1.1.0.202305231506/tools/bin/../lib/gcc/arm-none-eabi/11.3.1/thumb/v7e-m+fp/hard/crtbegin.o

.ARM.extab      0x0000000008006d24        0x0
                0x0000000008006d24                . = ALIGN (0x4)
 *(.ARM.extab* .gnu.linkonce.armextab.*)
                0x0000000008006d24                . = ALIGN (0x4)

.ARM            0x0000000008006d24        0x0
                0x0000000008006d24                . = ALIGN (0x4)
                0x0000000008006d24                __exidx_start = .
 *(.ARM.exidx*)
                0x0000000008006d24                __exidx_end = .
                0x0000000008006d24                . = ALIGN (0x4)

.preinit_array  0x0000000008006d24        0x0
                0x0000000008006d24                . = ALIGN (0x4)
                0x0000000008006d24                PROVIDE (__preinit_array_start = .)
 *(.preinit_array*)
                0x0000000008006d24                PROVIDE (__preinit_array_end = .)
                0x0000000008006d24                . = ALIGN (0x4)

.init_array     0x0000000008006d24        0x4
                0x0000000008006d24                . = ALIGN (0x4)
                0x0000000008006d24                PROVIDE (__init_array_start = .)
 *(SORT_BY_NAME(.init_array.*))
 *(.init_array*)
 .init_array    0x0000000008006d24        0x4 /Applications/STM32CubeIDE.app/Contents/Eclipse/plugins/com.st.stm32cube.ide.mcu.externaltools.gnu-tools-for-stm32.11.3.rel1.macos64_1.1.0.202305231506/tools/bin/../lib/gcc/arm-none-eabi/11.3.1/thumb/v7e-m+fp/hard/crtbegin.o
                0x0000000008006d28                PROVIDE (__init_array_end = .)
                0x0000000008006d28                . = ALIGN (0x4)

.fini_array     0x0000000008006d28        0x4
                0x0000000008006d28                . = ALIGN (0x4)
                [!provide]                        PROVIDE (__fini_array_start = .)
 *(SORT_BY_NAME(.fini_array.*))
 *(.fini_array*)
 .fini_array    0x0000000008006d28        0x4 /Applications/STM32CubeIDE.app/Contents/Eclipse/plugins/com.st.stm32cube.ide.mcu.externaltools.gnu-tools-for-stm32.11.3.rel1.macos64_1.1.0.202305231506/tools/bin/../lib/gcc/arm-none-eabi/11.3.1/thumb/v7e-m+fp/hard/crtbegin.o
                [!provide]                        PROVIDE (__fini_array_end = .)
                0x0000000008006d2c                . = ALIGN (0x4)
                0x0000000008006d2c                _sidata = LOADADDR (.data)

.data           0x0000000020000000       0x10 load address 0x0000000008006d2c
                0x0000000020000000                . = ALIGN (0x4)
                0x0000000020000000                _sdata = .
 *(.data)
 *(.data*)
 .data.lenvoice
                0x0000000020000000        0x4 ./Core/Src/main.o
                0x0000000020000000                lenvoice
 .data.SystemCoreClock
                0x0000000020000004        0x4 ./Core/Src/system_stm32l4xx.o
                0x0000000020000004                SystemCoreClock
 .data.uwTickPrio
                0x0000000020000008        0x4 ./Drivers/STM32L4xx_HAL_Driver/Src/stm32l4xx_hal.o
                0x0000000020000008                uwTickPrio
 .data.uwTickFreq
                0x000000002000000c        0x1 ./Drivers/STM32L4xx_HAL_Driver/Src/stm32l4xx_hal.o
                0x000000002000000c                uwTickFreq
 *(.RamFunc)
 *(.RamFunc*)
                0x0000000020000010                . = ALIGN (0x4)
 *fill*         0x000000002000000d        0x3 
                0x0000000020000010                _edata = .

.igot.plt       0x0000000020000010        0x0 load address 0x0000000008006d3c
 .igot.plt      0x0000000020000010        0x0 /Applications/STM32CubeIDE.app/Contents/Eclipse/plugins/com.st.stm32cube.ide.mcu.externaltools.gnu-tools-for-stm32.11.3.rel1.macos64_1.1.0.202305231506/tools/bin/../lib/gcc/arm-none-eabi/11.3.1/thumb/v7e-m+fp/hard/crtbegin.o
                0x0000000020000010                . = ALIGN (0x4)

.bss            0x0000000020000010    0x80570 load address 0x0000000008006d3c
                0x0000000020000010                _sbss = .
                0x0000000020000010                __bss_start__ = _sbss
 *(.bss)
 .bss           0x0000000020000010       0x1c /Applications/STM32CubeIDE.app/Contents/Eclipse/plugins/com.st.stm32cube.ide.mcu.externaltools.gnu-tools-for-stm32.11.3.rel1.macos64_1.1.0.202305231506/tools/bin/../lib/gcc/arm-none-eabi/11.3.1/thumb/v7e-m+fp/hard/crtbegin.o
 *(.bss*)
 .bss.hadc1     0x000000002000002c       0x68 ./Core/Src/main.o
                0x000000002000002c                hadc1
 .bss.hdac1     0x0000000020000094       0x14 ./Core/Src/main.o
                0x0000000020000094                hdac1
 .bss.hdma_dac1_ch1
                0x00000000200000a8       0x60 ./Core/Src/main.o
                0x00000000200000a8                hdma_dac1_ch1
 .bss.hdfsdm1_filter0
                0x0000000020000108       0x54 ./Core/Src/main.o
                0x0000000020000108                hdfsdm1_filter0
 .bss.hdfsdm1_channel2
                0x000000002000015c       0x38 ./Core/Src/main.o
                0x000000002000015c                hdfsdm1_channel2
 .bss.hdma_dfsdm1_flt0
                0x0000000020000194       0x60 ./Core/Src/main.o
                0x0000000020000194                hdma_dfsdm1_flt0
 .bss.htim2     0x00000000200001f4       0x4c ./Core/Src/main.o
                0x00000000200001f4                htim2
 .bss.state     0x0000000020000240        0x1 ./Core/Src/main.o
                0x0000000020000240                state
 *fill*         0x0000000020000241        0x3 
 .bss.sineWaveA
                0x0000000020000244       0x50 ./Core/Src/main.o
                0x0000000020000244                sineWaveA
 .bss.sineWaveB
                0x0000000020000294       0xa0 ./Core/Src/main.o
                0x0000000020000294                sineWaveB
 .bss.sineWaveC
                0x0000000020000334      0x140 ./Core/Src/main.o
                0x0000000020000334                sineWaveC
 .bss.sineWaveD
                0x0000000020000474      0x280 ./Core/Src/main.o
                0x0000000020000474                sineWaveD
 .bss.sineWaveE
                0x00000000200006f4      0x500 ./Core/Src/main.o
                0x00000000200006f4                sineWaveE
 .bss.sineWaveF
                0x0000000020000bf4      0xa00 ./Core/Src/main.o
                0x0000000020000bf4                sineWaveF
 .bss.playback  0x00000000200015f4        0x4 ./Core/Src/main.o
                0x00000000200015f4                playback
 .bss.voice     0x00000000200015f8    0x3f7a0 ./Core/Src/main.o
                0x00000000200015f8                voice
 .bss.voiceR    0x0000000020040d98    0x3f7a0 ./Core/Src/main.o
                0x0000000020040d98                voiceR
 .bss.timeCounter
                0x0000000020080538        0x4 ./Core/Src/main.o
                0x0000000020080538                timeCounter
 .bss.waveSelector
                0x000000002008053c        0x4 ./Core/Src/main.o
                0x000000002008053c                waveSelector
 .bss.blinkCount
                0x0000000020080540        0x4 ./Core/Src/main.o
                0x0000000020080540                blinkCount
 .bss.blinking  0x0000000020080544        0x4 ./Core/Src/main.o
                0x0000000020080544                blinking
 .bss.playRecorded
                0x0000000020080548        0x4 ./Core/Src/main.o
                0x0000000020080548                playRecorded
 .bss.statusProgram
                0x000000002008054c        0x4 ./Core/Src/main.o
                0x000000002008054c                statusProgram
 .bss.HAL_RCC_DFSDM1_CLK_ENABLED
                0x0000000020080550        0x4 ./Core/Src/stm32l4xx_hal_msp.o
 .bss.DFSDM1_Init
                0x0000000020080554        0x4 ./Core/Src/stm32l4xx_hal_msp.o
 .bss.uwTick    0x0000000020080558        0x4 ./Drivers/STM32L4xx_HAL_Driver/Src/stm32l4xx_hal.o
                0x0000000020080558                uwTick
 .bss.v_dfsdm1ChannelCounter
                0x000000002008055c        0x4 ./Drivers/STM32L4xx_HAL_Driver/Src/stm32l4xx_hal_dfsdm.o
 .bss.a_dfsdm1ChannelHandle
                0x0000000020080560       0x20 ./Drivers/STM32L4xx_HAL_Driver/Src/stm32l4xx_hal_dfsdm.o
 *(COMMON)
                0x0000000020080580                . = ALIGN (0x4)
                0x0000000020080580                _ebss = .
                0x0000000020080580                __bss_end__ = _ebss

._user_heap_stack
                0x0000000020080580      0x600 load address 0x0000000008006d3c
                0x0000000020080580                . = ALIGN (0x8)
                [!provide]                        PROVIDE (end = .)
                0x0000000020080580                PROVIDE (_end = .)
                0x0000000020080780                . = (. + _Min_Heap_Size)
 *fill*         0x0000000020080580      0x200 
                0x0000000020080b80                . = (. + _Min_Stack_Size)
 *fill*         0x0000000020080780      0x400 
                0x0000000020080b80                . = ALIGN (0x8)

/DISCARD/
 libc.a(*)
 libm.a(*)
 libgcc.a(*)

.ARM.attributes
                0x0000000000000000       0x30
 *(.ARM.attributes)
 .ARM.attributes
                0x0000000000000000       0x1e /Applications/STM32CubeIDE.app/Contents/Eclipse/plugins/com.st.stm32cube.ide.mcu.externaltools.gnu-tools-for-stm32.11.3.rel1.macos64_1.1.0.202305231506/tools/bin/../lib/gcc/arm-none-eabi/11.3.1/thumb/v7e-m+fp/hard/crti.o
 .ARM.attributes
                0x000000000000001e       0x34 /Applications/STM32CubeIDE.app/Contents/Eclipse/plugins/com.st.stm32cube.ide.mcu.externaltools.gnu-tools-for-stm32.11.3.rel1.macos64_1.1.0.202305231506/tools/bin/../lib/gcc/arm-none-eabi/11.3.1/thumb/v7e-m+fp/hard/crtbegin.o
 .ARM.attributes
                0x0000000000000052       0x34 ./Core/Src/main.o
 .ARM.attributes
                0x0000000000000086       0x34 ./Core/Src/stm32l4xx_hal_msp.o
 .ARM.attributes
                0x00000000000000ba       0x34 ./Core/Src/stm32l4xx_it.o
 .ARM.attributes
                0x00000000000000ee       0x34 ./Core/Src/system_stm32l4xx.o
 .ARM.attributes
                0x0000000000000122       0x21 ./Core/Startup/startup_stm32l4s5vitx.o
 .ARM.attributes
                0x0000000000000143       0x34 ./Drivers/STM32L4xx_HAL_Driver/Src/stm32l4xx_hal.o
 .ARM.attributes
                0x0000000000000177       0x34 ./Drivers/STM32L4xx_HAL_Driver/Src/stm32l4xx_hal_adc.o
 .ARM.attributes
                0x00000000000001ab       0x34 ./Drivers/STM32L4xx_HAL_Driver/Src/stm32l4xx_hal_cortex.o
 .ARM.attributes
                0x00000000000001df       0x34 ./Drivers/STM32L4xx_HAL_Driver/Src/stm32l4xx_hal_dac.o
 .ARM.attributes
                0x0000000000000213       0x34 ./Drivers/STM32L4xx_HAL_Driver/Src/stm32l4xx_hal_dac_ex.o
 .ARM.attributes
                0x0000000000000247       0x34 ./Drivers/STM32L4xx_HAL_Driver/Src/stm32l4xx_hal_dfsdm.o
 .ARM.attributes
                0x000000000000027b       0x34 ./Drivers/STM32L4xx_HAL_Driver/Src/stm32l4xx_hal_dma.o
 .ARM.attributes
                0x00000000000002af       0x34 ./Drivers/STM32L4xx_HAL_Driver/Src/stm32l4xx_hal_gpio.o
 .ARM.attributes
                0x00000000000002e3       0x34 ./Drivers/STM32L4xx_HAL_Driver/Src/stm32l4xx_hal_pwr_ex.o
 .ARM.attributes
                0x0000000000000317       0x34 ./Drivers/STM32L4xx_HAL_Driver/Src/stm32l4xx_hal_rcc.o
 .ARM.attributes
                0x000000000000034b       0x34 ./Drivers/STM32L4xx_HAL_Driver/Src/stm32l4xx_hal_rcc_ex.o
 .ARM.attributes
                0x000000000000037f       0x34 ./Drivers/STM32L4xx_HAL_Driver/Src/stm32l4xx_hal_tim.o
 .ARM.attributes
                0x00000000000003b3       0x34 ./Drivers/STM32L4xx_HAL_Driver/Src/stm32l4xx_hal_tim_ex.o
 .ARM.attributes
                0x00000000000003e7       0x34 /Users/mihailcalitoiu/STM32CubeIDE/workspace_1.13.1/Lab3/Core/Lib/libarm_cortexM4lf_math.a(arm_sin_f32.o)
 .ARM.attributes
                0x000000000000041b       0x39 /Users/mihailcalitoiu/STM32CubeIDE/workspace_1.13.1/Lab3/Core/Lib/libarm_cortexM4lf_math.a(arm_common_tables.o)
 .ARM.attributes
                0x0000000000000454       0x34 /Applications/STM32CubeIDE.app/Contents/Eclipse/plugins/com.st.stm32cube.ide.mcu.externaltools.gnu-tools-for-stm32.11.3.rel1.macos64_1.1.0.202305231506/tools/bin/../lib/gcc/arm-none-eabi/11.3.1/../../../../arm-none-eabi/lib/thumb/v7e-m+fp/hard/libc_nano.a(libc_a-memset.o)
 .ARM.attributes
                0x0000000000000488       0x34 /Applications/STM32CubeIDE.app/Contents/Eclipse/plugins/com.st.stm32cube.ide.mcu.externaltools.gnu-tools-for-stm32.11.3.rel1.macos64_1.1.0.202305231506/tools/bin/../lib/gcc/arm-none-eabi/11.3.1/../../../../arm-none-eabi/lib/thumb/v7e-m+fp/hard/libc_nano.a(libc_a-init.o)
 .ARM.attributes
                0x00000000000004bc       0x34 /Applications/STM32CubeIDE.app/Contents/Eclipse/plugins/com.st.stm32cube.ide.mcu.externaltools.gnu-tools-for-stm32.11.3.rel1.macos64_1.1.0.202305231506/tools/bin/../lib/gcc/arm-none-eabi/11.3.1/../../../../arm-none-eabi/lib/thumb/v7e-m+fp/hard/libm.a(libm_a-sf_round.o)
 .ARM.attributes
                0x00000000000004f0       0x1e /Applications/STM32CubeIDE.app/Contents/Eclipse/plugins/com.st.stm32cube.ide.mcu.externaltools.gnu-tools-for-stm32.11.3.rel1.macos64_1.1.0.202305231506/tools/bin/../lib/gcc/arm-none-eabi/11.3.1/thumb/v7e-m+fp/hard/libgcc.a(_arm_muldf3.o)
 .ARM.attributes
                0x000000000000050e       0x1e /Applications/STM32CubeIDE.app/Contents/Eclipse/plugins/com.st.stm32cube.ide.mcu.externaltools.gnu-tools-for-stm32.11.3.rel1.macos64_1.1.0.202305231506/tools/bin/../lib/gcc/arm-none-eabi/11.3.1/thumb/v7e-m+fp/hard/libgcc.a(_arm_addsubdf3.o)
 .ARM.attributes
                0x000000000000052c       0x1e /Applications/STM32CubeIDE.app/Contents/Eclipse/plugins/com.st.stm32cube.ide.mcu.externaltools.gnu-tools-for-stm32.11.3.rel1.macos64_1.1.0.202305231506/tools/bin/../lib/gcc/arm-none-eabi/11.3.1/thumb/v7e-m+fp/hard/libgcc.a(_arm_truncdfsf2.o)
 .ARM.attributes
                0x000000000000054a       0x1e /Applications/STM32CubeIDE.app/Contents/Eclipse/plugins/com.st.stm32cube.ide.mcu.externaltools.gnu-tools-for-stm32.11.3.rel1.macos64_1.1.0.202305231506/tools/bin/../lib/gcc/arm-none-eabi/11.3.1/thumb/v7e-m+fp/hard/crtn.o
OUTPUT(Lab3.elf elf32-littlearm)
LOAD linker stubs
LOAD /Applications/STM32CubeIDE.app/Contents/Eclipse/plugins/com.st.stm32cube.ide.mcu.externaltools.gnu-tools-for-stm32.11.3.rel1.macos64_1.1.0.202305231506/tools/bin/../lib/gcc/arm-none-eabi/11.3.1/../../../../arm-none-eabi/lib/thumb/v7e-m+fp/hard/libc.a
LOAD /Applications/STM32CubeIDE.app/Contents/Eclipse/plugins/com.st.stm32cube.ide.mcu.externaltools.gnu-tools-for-stm32.11.3.rel1.macos64_1.1.0.202305231506/tools/bin/../lib/gcc/arm-none-eabi/11.3.1/../../../../arm-none-eabi/lib/thumb/v7e-m+fp/hard/libm.a
LOAD /Applications/STM32CubeIDE.app/Contents/Eclipse/plugins/com.st.stm32cube.ide.mcu.externaltools.gnu-tools-for-stm32.11.3.rel1.macos64_1.1.0.202305231506/tools/bin/../lib/gcc/arm-none-eabi/11.3.1/thumb/v7e-m+fp/hard/libgcc.a

.comment        0x0000000000000000       0xb8
 .comment       0x0000000000000000       0x43 /Applications/STM32CubeIDE.app/Contents/Eclipse/plugins/com.st.stm32cube.ide.mcu.externaltools.gnu-tools-for-stm32.11.3.rel1.macos64_1.1.0.202305231506/tools/bin/../lib/gcc/arm-none-eabi/11.3.1/thumb/v7e-m+fp/hard/crtbegin.o
                                         0x44 (size before relaxing)
 .comment       0x0000000000000043       0x44 ./Core/Src/main.o
 .comment       0x0000000000000043       0x44 ./Core/Src/stm32l4xx_hal_msp.o
 .comment       0x0000000000000043       0x44 ./Core/Src/stm32l4xx_it.o
 .comment       0x0000000000000043       0x44 ./Core/Src/system_stm32l4xx.o
 .comment       0x0000000000000043       0x44 ./Drivers/STM32L4xx_HAL_Driver/Src/stm32l4xx_hal.o
 .comment       0x0000000000000043       0x44 ./Drivers/STM32L4xx_HAL_Driver/Src/stm32l4xx_hal_adc.o
 .comment       0x0000000000000043       0x44 ./Drivers/STM32L4xx_HAL_Driver/Src/stm32l4xx_hal_cortex.o
 .comment       0x0000000000000043       0x44 ./Drivers/STM32L4xx_HAL_Driver/Src/stm32l4xx_hal_dac.o
 .comment       0x0000000000000043       0x44 ./Drivers/STM32L4xx_HAL_Driver/Src/stm32l4xx_hal_dac_ex.o
 .comment       0x0000000000000043       0x44 ./Drivers/STM32L4xx_HAL_Driver/Src/stm32l4xx_hal_dfsdm.o
 .comment       0x0000000000000043       0x44 ./Drivers/STM32L4xx_HAL_Driver/Src/stm32l4xx_hal_dma.o
 .comment       0x0000000000000043       0x44 ./Drivers/STM32L4xx_HAL_Driver/Src/stm32l4xx_hal_gpio.o
 .comment       0x0000000000000043       0x44 ./Drivers/STM32L4xx_HAL_Driver/Src/stm32l4xx_hal_pwr_ex.o
 .comment       0x0000000000000043       0x44 ./Drivers/STM32L4xx_HAL_Driver/Src/stm32l4xx_hal_rcc.o
 .comment       0x0000000000000043       0x44 ./Drivers/STM32L4xx_HAL_Driver/Src/stm32l4xx_hal_rcc_ex.o
 .comment       0x0000000000000043       0x44 ./Drivers/STM32L4xx_HAL_Driver/Src/stm32l4xx_hal_tim.o
 .comment       0x0000000000000043       0x44 ./Drivers/STM32L4xx_HAL_Driver/Src/stm32l4xx_hal_tim_ex.o
 .comment       0x0000000000000043       0x75 /Users/mihailcalitoiu/STM32CubeIDE/workspace_1.13.1/Lab3/Core/Lib/libarm_cortexM4lf_math.a(arm_sin_f32.o)
                                         0x76 (size before relaxing)
 .comment       0x00000000000000b8       0x76 /Users/mihailcalitoiu/STM32CubeIDE/workspace_1.13.1/Lab3/Core/Lib/libarm_cortexM4lf_math.a(arm_common_tables.o)

.debug_info     0x0000000000000000    0x1660f
 .debug_info    0x0000000000000000     0x23fa ./Core/Src/main.o
 .debug_info    0x00000000000023fa     0x1ebb ./Core/Src/stm32l4xx_hal_msp.o
 .debug_info    0x00000000000042b5      0x8ad ./Core/Src/stm32l4xx_it.o
 .debug_info    0x0000000000004b62      0x5e9 ./Core/Src/system_stm32l4xx.o
 .debug_info    0x000000000000514b       0x23 ./Core/Startup/startup_stm32l4s5vitx.o
 .debug_info    0x000000000000516e      0xb4f ./Drivers/STM32L4xx_HAL_Driver/Src/stm32l4xx_hal.o
 .debug_info    0x0000000000005cbd     0x1e20 ./Drivers/STM32L4xx_HAL_Driver/Src/stm32l4xx_hal_adc.o
 .debug_info    0x0000000000007add      0xd6a ./Drivers/STM32L4xx_HAL_Driver/Src/stm32l4xx_hal_cortex.o
 .debug_info    0x0000000000008847      0xbb9 ./Drivers/STM32L4xx_HAL_Driver/Src/stm32l4xx_hal_dac.o
 .debug_info    0x0000000000009400      0xa12 ./Drivers/STM32L4xx_HAL_Driver/Src/stm32l4xx_hal_dac_ex.o
 .debug_info    0x0000000000009e12     0x1b78 ./Drivers/STM32L4xx_HAL_Driver/Src/stm32l4xx_hal_dfsdm.o
 .debug_info    0x000000000000b98a      0x841 ./Drivers/STM32L4xx_HAL_Driver/Src/stm32l4xx_hal_dma.o
 .debug_info    0x000000000000c1cb      0x787 ./Drivers/STM32L4xx_HAL_Driver/Src/stm32l4xx_hal_gpio.o
 .debug_info    0x000000000000c952      0xa0a ./Drivers/STM32L4xx_HAL_Driver/Src/stm32l4xx_hal_pwr_ex.o
 .debug_info    0x000000000000d35c      0xd32 ./Drivers/STM32L4xx_HAL_Driver/Src/stm32l4xx_hal_rcc.o
 .debug_info    0x000000000000e08e     0x1167 ./Drivers/STM32L4xx_HAL_Driver/Src/stm32l4xx_hal_rcc_ex.o
 .debug_info    0x000000000000f1f5     0x2bc0 ./Drivers/STM32L4xx_HAL_Driver/Src/stm32l4xx_hal_tim.o
 .debug_info    0x0000000000011db5     0x17c4 ./Drivers/STM32L4xx_HAL_Driver/Src/stm32l4xx_hal_tim_ex.o
 .debug_info    0x0000000000013579     0x1612 /Users/mihailcalitoiu/STM32CubeIDE/workspace_1.13.1/Lab3/Core/Lib/libarm_cortexM4lf_math.a(arm_sin_f32.o)
 .debug_info    0x0000000000014b8b     0x1a84 /Users/mihailcalitoiu/STM32CubeIDE/workspace_1.13.1/Lab3/Core/Lib/libarm_cortexM4lf_math.a(arm_common_tables.o)

.debug_abbrev   0x0000000000000000     0x2b5a
 .debug_abbrev  0x0000000000000000      0x2e3 ./Core/Src/main.o
 .debug_abbrev  0x00000000000002e3      0x257 ./Core/Src/stm32l4xx_hal_msp.o
 .debug_abbrev  0x000000000000053a      0x193 ./Core/Src/stm32l4xx_it.o
 .debug_abbrev  0x00000000000006cd      0x11a ./Core/Src/system_stm32l4xx.o
 .debug_abbrev  0x00000000000007e7       0x12 ./Core/Startup/startup_stm32l4s5vitx.o
 .debug_abbrev  0x00000000000007f9      0x242 ./Drivers/STM32L4xx_HAL_Driver/Src/stm32l4xx_hal.o
 .debug_abbrev  0x0000000000000a3b      0x2d4 ./Drivers/STM32L4xx_HAL_Driver/Src/stm32l4xx_hal_adc.o
 .debug_abbrev  0x0000000000000d0f      0x327 ./Drivers/STM32L4xx_HAL_Driver/Src/stm32l4xx_hal_cortex.o
 .debug_abbrev  0x0000000000001036      0x218 ./Drivers/STM32L4xx_HAL_Driver/Src/stm32l4xx_hal_dac.o
 .debug_abbrev  0x000000000000124e      0x242 ./Drivers/STM32L4xx_HAL_Driver/Src/stm32l4xx_hal_dac_ex.o
 .debug_abbrev  0x0000000000001490      0x27b ./Drivers/STM32L4xx_HAL_Driver/Src/stm32l4xx_hal_dfsdm.o
 .debug_abbrev  0x000000000000170b      0x1e2 ./Drivers/STM32L4xx_HAL_Driver/Src/stm32l4xx_hal_dma.o
 .debug_abbrev  0x00000000000018ed      0x1cb ./Drivers/STM32L4xx_HAL_Driver/Src/stm32l4xx_hal_gpio.o
 .debug_abbrev  0x0000000000001ab8      0x1f9 ./Drivers/STM32L4xx_HAL_Driver/Src/stm32l4xx_hal_pwr_ex.o
 .debug_abbrev  0x0000000000001cb1      0x306 ./Drivers/STM32L4xx_HAL_Driver/Src/stm32l4xx_hal_rcc.o
 .debug_abbrev  0x0000000000001fb7      0x2a3 ./Drivers/STM32L4xx_HAL_Driver/Src/stm32l4xx_hal_rcc_ex.o
 .debug_abbrev  0x000000000000225a      0x276 ./Drivers/STM32L4xx_HAL_Driver/Src/stm32l4xx_hal_tim.o
 .debug_abbrev  0x00000000000024d0      0x281 ./Drivers/STM32L4xx_HAL_Driver/Src/stm32l4xx_hal_tim_ex.o
 .debug_abbrev  0x0000000000002751      0x22c /Users/mihailcalitoiu/STM32CubeIDE/workspace_1.13.1/Lab3/Core/Lib/libarm_cortexM4lf_math.a(arm_sin_f32.o)
 .debug_abbrev  0x000000000000297d      0x1dd /Users/mihailcalitoiu/STM32CubeIDE/workspace_1.13.1/Lab3/Core/Lib/libarm_cortexM4lf_math.a(arm_common_tables.o)

.debug_aranges  0x0000000000000000     0x1348
 .debug_aranges
                0x0000000000000000       0x80 ./Core/Src/main.o
 .debug_aranges
                0x0000000000000080       0x70 ./Core/Src/stm32l4xx_hal_msp.o
 .debug_aranges
                0x00000000000000f0       0x80 ./Core/Src/stm32l4xx_it.o
 .debug_aranges
                0x0000000000000170       0x28 ./Core/Src/system_stm32l4xx.o
 .debug_aranges
                0x0000000000000198       0x28 ./Core/Startup/startup_stm32l4s5vitx.o
 .debug_aranges
                0x00000000000001c0      0x130 ./Drivers/STM32L4xx_HAL_Driver/Src/stm32l4xx_hal.o
 .debug_aranges
                0x00000000000002f0      0x218 ./Drivers/STM32L4xx_HAL_Driver/Src/stm32l4xx_hal_adc.o
 .debug_aranges
                0x0000000000000508      0x118 ./Drivers/STM32L4xx_HAL_Driver/Src/stm32l4xx_hal_cortex.o
 .debug_aranges
                0x0000000000000620       0xc0 ./Drivers/STM32L4xx_HAL_Driver/Src/stm32l4xx_hal_dac.o
 .debug_aranges
                0x00000000000006e0       0x88 ./Drivers/STM32L4xx_HAL_Driver/Src/stm32l4xx_hal_dac_ex.o
 .debug_aranges
                0x0000000000000768      0x248 ./Drivers/STM32L4xx_HAL_Driver/Src/stm32l4xx_hal_dfsdm.o
 .debug_aranges
                0x00000000000009b0       0x90 ./Drivers/STM32L4xx_HAL_Driver/Src/stm32l4xx_hal_dma.o
 .debug_aranges
                0x0000000000000a40       0x58 ./Drivers/STM32L4xx_HAL_Driver/Src/stm32l4xx_hal_gpio.o
 .debug_aranges
                0x0000000000000a98      0x170 ./Drivers/STM32L4xx_HAL_Driver/Src/stm32l4xx_hal_pwr_ex.o
 .debug_aranges
                0x0000000000000c08       0x98 ./Drivers/STM32L4xx_HAL_Driver/Src/stm32l4xx_hal_rcc.o
 .debug_aranges
                0x0000000000000ca0      0x110 ./Drivers/STM32L4xx_HAL_Driver/Src/stm32l4xx_hal_rcc_ex.o
 .debug_aranges
                0x0000000000000db0      0x3e0 ./Drivers/STM32L4xx_HAL_Driver/Src/stm32l4xx_hal_tim.o
 .debug_aranges
                0x0000000000001190      0x180 ./Drivers/STM32L4xx_HAL_Driver/Src/stm32l4xx_hal_tim_ex.o
 .debug_aranges
                0x0000000000001310       0x20 /Users/mihailcalitoiu/STM32CubeIDE/workspace_1.13.1/Lab3/Core/Lib/libarm_cortexM4lf_math.a(arm_sin_f32.o)
 .debug_aranges
                0x0000000000001330       0x18 /Users/mihailcalitoiu/STM32CubeIDE/workspace_1.13.1/Lab3/Core/Lib/libarm_cortexM4lf_math.a(arm_common_tables.o)

.debug_rnglists
                0x0000000000000000      0xeb5
 .debug_rnglists
                0x0000000000000000       0x64 ./Core/Src/main.o
 .debug_rnglists
                0x0000000000000064       0x53 ./Core/Src/stm32l4xx_hal_msp.o
 .debug_rnglists
                0x00000000000000b7       0x5b ./Core/Src/stm32l4xx_it.o
 .debug_rnglists
                0x0000000000000112       0x1a ./Core/Src/system_stm32l4xx.o
 .debug_rnglists
                0x000000000000012c       0x19 ./Core/Startup/startup_stm32l4s5vitx.o
 .debug_rnglists
                0x0000000000000145       0xdf ./Drivers/STM32L4xx_HAL_Driver/Src/stm32l4xx_hal.o
 .debug_rnglists
                0x0000000000000224      0x19c ./Drivers/STM32L4xx_HAL_Driver/Src/stm32l4xx_hal_adc.o
 .debug_rnglists
                0x00000000000003c0       0xce ./Drivers/STM32L4xx_HAL_Driver/Src/stm32l4xx_hal_cortex.o
 .debug_rnglists
                0x000000000000048e       0x90 ./Drivers/STM32L4xx_HAL_Driver/Src/stm32l4xx_hal_dac.o
 .debug_rnglists
                0x000000000000051e       0x62 ./Drivers/STM32L4xx_HAL_Driver/Src/stm32l4xx_hal_dac_ex.o
 .debug_rnglists
                0x0000000000000580      0x1c7 ./Drivers/STM32L4xx_HAL_Driver/Src/stm32l4xx_hal_dfsdm.o
 .debug_rnglists
                0x0000000000000747       0x71 ./Drivers/STM32L4xx_HAL_Driver/Src/stm32l4xx_hal_dma.o
 .debug_rnglists
                0x00000000000007b8       0x3f ./Drivers/STM32L4xx_HAL_Driver/Src/stm32l4xx_hal_gpio.o
 .debug_rnglists
                0x00000000000007f7      0x115 ./Drivers/STM32L4xx_HAL_Driver/Src/stm32l4xx_hal_pwr_ex.o
 .debug_rnglists
                0x000000000000090c       0x74 ./Drivers/STM32L4xx_HAL_Driver/Src/stm32l4xx_hal_rcc.o
 .debug_rnglists
                0x0000000000000980       0xd4 ./Drivers/STM32L4xx_HAL_Driver/Src/stm32l4xx_hal_rcc_ex.o
 .debug_rnglists
                0x0000000000000a54      0x328 ./Drivers/STM32L4xx_HAL_Driver/Src/stm32l4xx_hal_tim.o
 .debug_rnglists
                0x0000000000000d7c      0x139 ./Drivers/STM32L4xx_HAL_Driver/Src/stm32l4xx_hal_tim_ex.o

.debug_macro    0x0000000000000000    0x2c8dd
 .debug_macro   0x0000000000000000      0x321 ./Core/Src/main.o
 .debug_macro   0x0000000000000321      0xaa8 ./Core/Src/main.o
 .debug_macro   0x0000000000000dc9      0x1b3 ./Core/Src/main.o
 .debug_macro   0x0000000000000f7c       0x2e ./Core/Src/main.o
 .debug_macro   0x0000000000000faa       0x28 ./Core/Src/main.o
 .debug_macro   0x0000000000000fd2       0x22 ./Core/Src/main.o
 .debug_macro   0x0000000000000ff4       0x8e ./Core/Src/main.o
 .debug_macro   0x0000000000001082       0x51 ./Core/Src/main.o
 .debug_macro   0x00000000000010d3      0x103 ./Core/Src/main.o
 .debug_macro   0x00000000000011d6       0x6a ./Core/Src/main.o
 .debug_macro   0x0000000000001240      0x1df ./Core/Src/main.o
 .debug_macro   0x000000000000141f       0x1c ./Core/Src/main.o
 .debug_macro   0x000000000000143b       0x22 ./Core/Src/main.o
 .debug_macro   0x000000000000145d       0xfb ./Core/Src/main.o
 .debug_macro   0x0000000000001558     0x1011 ./Core/Src/main.o
 .debug_macro   0x0000000000002569      0x11f ./Core/Src/main.o
 .debug_macro   0x0000000000002688    0x1d292 ./Core/Src/main.o
 .debug_macro   0x000000000001f91a       0x6d ./Core/Src/main.o
 .debug_macro   0x000000000001f987     0x38ed ./Core/Src/main.o
 .debug_macro   0x0000000000023274      0x174 ./Core/Src/main.o
 .debug_macro   0x00000000000233e8       0x5c ./Core/Src/main.o
 .debug_macro   0x0000000000023444     0x1910 ./Core/Src/main.o
 .debug_macro   0x0000000000024d54      0x7dc ./Core/Src/main.o
 .debug_macro   0x0000000000025530      0x1b9 ./Core/Src/main.o
 .debug_macro   0x00000000000256e9      0x225 ./Core/Src/main.o
 .debug_macro   0x000000000002590e      0x486 ./Core/Src/main.o
 .debug_macro   0x0000000000025d94      0x1ce ./Core/Src/main.o
 .debug_macro   0x0000000000025f62       0x43 ./Core/Src/main.o
 .debug_macro   0x0000000000025fa5      0x1fb ./Core/Src/main.o
 .debug_macro   0x00000000000261a0       0x10 ./Core/Src/main.o
 .debug_macro   0x00000000000261b0       0xb3 ./Core/Src/main.o
 .debug_macro   0x0000000000026263      0x23d ./Core/Src/main.o
 .debug_macro   0x00000000000264a0      0xe02 ./Core/Src/main.o
 .debug_macro   0x00000000000272a2      0x624 ./Core/Src/main.o
 .debug_macro   0x00000000000278c6      0x24f ./Core/Src/main.o
 .debug_macro   0x0000000000027b15      0x184 ./Core/Src/main.o
 .debug_macro   0x0000000000027c99       0xdf ./Core/Src/main.o
 .debug_macro   0x0000000000027d78      0x241 ./Core/Src/main.o
 .debug_macro   0x0000000000027fb9      0x416 ./Core/Src/main.o
 .debug_macro   0x00000000000283cf       0x1c ./Core/Src/main.o
 .debug_macro   0x00000000000283eb       0xf2 ./Core/Src/main.o
 .debug_macro   0x00000000000284dd      0x122 ./Core/Src/main.o
 .debug_macro   0x00000000000285ff      0x3f6 ./Core/Src/main.o
 .debug_macro   0x00000000000289f5      0xa98 ./Core/Src/main.o
 .debug_macro   0x000000000002948d      0x196 ./Core/Src/main.o
 .debug_macro   0x0000000000029623      0x432 ./Core/Src/main.o
 .debug_macro   0x0000000000029a55       0x2e ./Core/Src/main.o
 .debug_macro   0x0000000000029a83       0x61 ./Core/Src/main.o
 .debug_macro   0x0000000000029ae4       0x2a ./Core/Src/main.o
 .debug_macro   0x0000000000029b0e       0x43 ./Core/Src/main.o
 .debug_macro   0x0000000000029b51       0x34 ./Core/Src/main.o
 .debug_macro   0x0000000000029b85       0x16 ./Core/Src/main.o
 .debug_macro   0x0000000000029b9b       0x43 ./Core/Src/main.o
 .debug_macro   0x0000000000029bde       0x34 ./Core/Src/main.o
 .debug_macro   0x0000000000029c12       0x10 ./Core/Src/main.o
 .debug_macro   0x0000000000029c22       0x58 ./Core/Src/main.o
 .debug_macro   0x0000000000029c7a       0x8e ./Core/Src/main.o
 .debug_macro   0x0000000000029d08       0x1c ./Core/Src/main.o
 .debug_macro   0x0000000000029d24      0x177 ./Core/Src/main.o
 .debug_macro   0x0000000000029e9b      0x369 ./Core/Src/main.o
 .debug_macro   0x000000000002a204       0x10 ./Core/Src/main.o
 .debug_macro   0x000000000002a214       0x35 ./Core/Src/main.o
 .debug_macro   0x000000000002a249       0x20 ./Core/Src/main.o
 .debug_macro   0x000000000002a269      0x19b ./Core/Src/main.o
 .debug_macro   0x000000000002a404      0x201 ./Core/Src/main.o
 .debug_macro   0x000000000002a605       0xc8 ./Core/Src/main.o
 .debug_macro   0x000000000002a6cd      0x219 ./Core/Src/stm32l4xx_hal_msp.o
 .debug_macro   0x000000000002a8e6      0x223 ./Core/Src/stm32l4xx_it.o
 .debug_macro   0x000000000002ab09      0x20a ./Core/Src/system_stm32l4xx.o
 .debug_macro   0x000000000002ad13      0x258 ./Drivers/STM32L4xx_HAL_Driver/Src/stm32l4xx_hal.o
 .debug_macro   0x000000000002af6b      0x227 ./Drivers/STM32L4xx_HAL_Driver/Src/stm32l4xx_hal_adc.o
 .debug_macro   0x000000000002b192      0x20a ./Drivers/STM32L4xx_HAL_Driver/Src/stm32l4xx_hal_cortex.o
 .debug_macro   0x000000000002b39c      0x219 ./Drivers/STM32L4xx_HAL_Driver/Src/stm32l4xx_hal_dac.o
 .debug_macro   0x000000000002b5b5      0x20a ./Drivers/STM32L4xx_HAL_Driver/Src/stm32l4xx_hal_dac_ex.o
 .debug_macro   0x000000000002b7bf      0x22e ./Drivers/STM32L4xx_HAL_Driver/Src/stm32l4xx_hal_dfsdm.o
 .debug_macro   0x000000000002b9ed      0x20a ./Drivers/STM32L4xx_HAL_Driver/Src/stm32l4xx_hal_dma.o
 .debug_macro   0x000000000002bbf7      0x211 ./Drivers/STM32L4xx_HAL_Driver/Src/stm32l4xx_hal_gpio.o
 .debug_macro   0x000000000002be08      0x234 ./Drivers/STM32L4xx_HAL_Driver/Src/stm32l4xx_hal_pwr_ex.o
 .debug_macro   0x000000000002c03c      0x24c ./Drivers/STM32L4xx_HAL_Driver/Src/stm32l4xx_hal_rcc.o
 .debug_macro   0x000000000002c288      0x240 ./Drivers/STM32L4xx_HAL_Driver/Src/stm32l4xx_hal_rcc_ex.o
 .debug_macro   0x000000000002c4c8      0x20b ./Drivers/STM32L4xx_HAL_Driver/Src/stm32l4xx_hal_tim.o
 .debug_macro   0x000000000002c6d3      0x20a ./Drivers/STM32L4xx_HAL_Driver/Src/stm32l4xx_hal_tim_ex.o

.debug_line     0x0000000000000000    0x146bd
 .debug_line    0x0000000000000000      0xe5e ./Core/Src/main.o
 .debug_line    0x0000000000000e5e      0x97c ./Core/Src/stm32l4xx_hal_msp.o
 .debug_line    0x00000000000017da      0x893 ./Core/Src/stm32l4xx_it.o
 .debug_line    0x000000000000206d      0x808 ./Core/Src/system_stm32l4xx.o
 .debug_line    0x0000000000002875       0x7a ./Core/Startup/startup_stm32l4s5vitx.o
 .debug_line    0x00000000000028ef      0xb60 ./Drivers/STM32L4xx_HAL_Driver/Src/stm32l4xx_hal.o
 .debug_line    0x000000000000344f     0x1d33 ./Drivers/STM32L4xx_HAL_Driver/Src/stm32l4xx_hal_adc.o
 .debug_line    0x0000000000005182      0xd07 ./Drivers/STM32L4xx_HAL_Driver/Src/stm32l4xx_hal_cortex.o
 .debug_line    0x0000000000005e89      0xc66 ./Drivers/STM32L4xx_HAL_Driver/Src/stm32l4xx_hal_dac.o
 .debug_line    0x0000000000006aef      0xa66 ./Drivers/STM32L4xx_HAL_Driver/Src/stm32l4xx_hal_dac_ex.o
 .debug_line    0x0000000000007555     0x1edc ./Drivers/STM32L4xx_HAL_Driver/Src/stm32l4xx_hal_dfsdm.o
 .debug_line    0x0000000000009431      0xece ./Drivers/STM32L4xx_HAL_Driver/Src/stm32l4xx_hal_dma.o
 .debug_line    0x000000000000a2ff      0xbbc ./Drivers/STM32L4xx_HAL_Driver/Src/stm32l4xx_hal_gpio.o
 .debug_line    0x000000000000aebb      0xdcd ./Drivers/STM32L4xx_HAL_Driver/Src/stm32l4xx_hal_pwr_ex.o
 .debug_line    0x000000000000bc88     0x10b1 ./Drivers/STM32L4xx_HAL_Driver/Src/stm32l4xx_hal_rcc.o
 .debug_line    0x000000000000cd39     0x19c8 ./Drivers/STM32L4xx_HAL_Driver/Src/stm32l4xx_hal_rcc_ex.o
 .debug_line    0x000000000000e701     0x3e3a ./Drivers/STM32L4xx_HAL_Driver/Src/stm32l4xx_hal_tim.o
 .debug_line    0x000000000001253b     0x1c6f ./Drivers/STM32L4xx_HAL_Driver/Src/stm32l4xx_hal_tim_ex.o
 .debug_line    0x00000000000141aa      0x2d0 /Users/mihailcalitoiu/STM32CubeIDE/workspace_1.13.1/Lab3/Core/Lib/libarm_cortexM4lf_math.a(arm_sin_f32.o)
 .debug_line    0x000000000001447a      0x243 /Users/mihailcalitoiu/STM32CubeIDE/workspace_1.13.1/Lab3/Core/Lib/libarm_cortexM4lf_math.a(arm_common_tables.o)

.debug_str      0x0000000000000000   0x11a925
 .debug_str     0x0000000000000000   0x115111 ./Core/Src/main.o
                                     0x11591b (size before relaxing)
 .debug_str     0x0000000000115111      0x42d ./Core/Src/stm32l4xx_hal_msp.o
                                     0x11113b (size before relaxing)
 .debug_str     0x000000000011553e      0x15f ./Core/Src/stm32l4xx_it.o
                                     0x10fe19 (size before relaxing)
 .debug_str     0x000000000011569d       0xf2 ./Core/Src/system_stm32l4xx.o
                                     0x10f83f (size before relaxing)
 .debug_str     0x000000000011578f       0x34 ./Core/Startup/startup_stm32l4s5vitx.o
                                         0x73 (size before relaxing)
 .debug_str     0x00000000001157c3      0x636 ./Drivers/STM32L4xx_HAL_Driver/Src/stm32l4xx_hal.o
                                     0x11041d (size before relaxing)
 .debug_str     0x0000000000115df9      0xa5e ./Drivers/STM32L4xx_HAL_Driver/Src/stm32l4xx_hal_adc.o
                                     0x110749 (size before relaxing)
 .debug_str     0x0000000000116857      0x313 ./Drivers/STM32L4xx_HAL_Driver/Src/stm32l4xx_hal_cortex.o
                                     0x1100ac (size before relaxing)
 .debug_str     0x0000000000116b6a      0x215 ./Drivers/STM32L4xx_HAL_Driver/Src/stm32l4xx_hal_dac.o
                                     0x10fe16 (size before relaxing)
 .debug_str     0x0000000000116d7f      0x18d ./Drivers/STM32L4xx_HAL_Driver/Src/stm32l4xx_hal_dac_ex.o
                                     0x10fd28 (size before relaxing)
 .debug_str     0x0000000000116f0c      0x83b ./Drivers/STM32L4xx_HAL_Driver/Src/stm32l4xx_hal_dfsdm.o
                                     0x11082e (size before relaxing)
 .debug_str     0x0000000000117747      0x260 ./Drivers/STM32L4xx_HAL_Driver/Src/stm32l4xx_hal_dma.o
                                     0x10fbc7 (size before relaxing)
 .debug_str     0x00000000001179a7       0xea ./Drivers/STM32L4xx_HAL_Driver/Src/stm32l4xx_hal_gpio.o
                                     0x10f9b9 (size before relaxing)
 .debug_str     0x0000000000117a91      0x56a ./Drivers/STM32L4xx_HAL_Driver/Src/stm32l4xx_hal_pwr_ex.o
                                     0x10fe12 (size before relaxing)
 .debug_str     0x0000000000117ffb      0x3be ./Drivers/STM32L4xx_HAL_Driver/Src/stm32l4xx_hal_rcc.o
                                     0x10feb2 (size before relaxing)
 .debug_str     0x00000000001183b9      0x5c5 ./Drivers/STM32L4xx_HAL_Driver/Src/stm32l4xx_hal_rcc_ex.o
                                     0x110273 (size before relaxing)
 .debug_str     0x000000000011897e      0xde2 ./Drivers/STM32L4xx_HAL_Driver/Src/stm32l4xx_hal_tim.o
                                     0x110c5b (size before relaxing)
 .debug_str     0x0000000000119760      0x57f ./Drivers/STM32L4xx_HAL_Driver/Src/stm32l4xx_hal_tim_ex.o
                                     0x11056f (size before relaxing)
 .debug_str     0x0000000000119cdf      0xc18 /Users/mihailcalitoiu/STM32CubeIDE/workspace_1.13.1/Lab3/Core/Lib/libarm_cortexM4lf_math.a(arm_sin_f32.o)
                                        0xd42 (size before relaxing)
 .debug_str     0x000000000011a8f7       0x2e /Users/mihailcalitoiu/STM32CubeIDE/workspace_1.13.1/Lab3/Core/Lib/libarm_cortexM4lf_math.a(arm_common_tables.o)
                                        0xd1d (size before relaxing)

.debug_frame    0x0000000000000000     0x5290
 .debug_frame   0x0000000000000000      0x1d0 ./Core/Src/main.o
 .debug_frame   0x00000000000001d0      0x1ac ./Core/Src/stm32l4xx_hal_msp.o
 .debug_frame   0x000000000000037c      0x174 ./Core/Src/stm32l4xx_it.o
 .debug_frame   0x00000000000004f0       0x58 ./Core/Src/system_stm32l4xx.o
 .debug_frame   0x0000000000000548      0x498 ./Drivers/STM32L4xx_HAL_Driver/Src/stm32l4xx_hal.o
 .debug_frame   0x00000000000009e0      0x9d8 ./Drivers/STM32L4xx_HAL_Driver/Src/stm32l4xx_hal_adc.o
 .debug_frame   0x00000000000013b8      0x498 ./Drivers/STM32L4xx_HAL_Driver/Src/stm32l4xx_hal_cortex.o
 .debug_frame   0x0000000000001850      0x338 ./Drivers/STM32L4xx_HAL_Driver/Src/stm32l4xx_hal_dac.o
 .debug_frame   0x0000000000001b88      0x234 ./Drivers/STM32L4xx_HAL_Driver/Src/stm32l4xx_hal_dac_ex.o
 .debug_frame   0x0000000000001dbc      0xa78 ./Drivers/STM32L4xx_HAL_Driver/Src/stm32l4xx_hal_dfsdm.o
 .debug_frame   0x0000000000002834      0x24c ./Drivers/STM32L4xx_HAL_Driver/Src/stm32l4xx_hal_dma.o
 .debug_frame   0x0000000000002a80      0x14c ./Drivers/STM32L4xx_HAL_Driver/Src/stm32l4xx_hal_gpio.o
 .debug_frame   0x0000000000002bcc      0x5c4 ./Drivers/STM32L4xx_HAL_Driver/Src/stm32l4xx_hal_pwr_ex.o
 .debug_frame   0x0000000000003190      0x248 ./Drivers/STM32L4xx_HAL_Driver/Src/stm32l4xx_hal_rcc.o
 .debug_frame   0x00000000000033d8      0x464 ./Drivers/STM32L4xx_HAL_Driver/Src/stm32l4xx_hal_rcc_ex.o
 .debug_frame   0x000000000000383c     0x1218 ./Drivers/STM32L4xx_HAL_Driver/Src/stm32l4xx_hal_tim.o
 .debug_frame   0x0000000000004a54      0x6b0 ./Drivers/STM32L4xx_HAL_Driver/Src/stm32l4xx_hal_tim_ex.o
 .debug_frame   0x0000000000005104       0x20 /Users/mihailcalitoiu/STM32CubeIDE/workspace_1.13.1/Lab3/Core/Lib/libarm_cortexM4lf_math.a(arm_sin_f32.o)
 .debug_frame   0x0000000000005124       0x20 /Applications/STM32CubeIDE.app/Contents/Eclipse/plugins/com.st.stm32cube.ide.mcu.externaltools.gnu-tools-for-stm32.11.3.rel1.macos64_1.1.0.202305231506/tools/bin/../lib/gcc/arm-none-eabi/11.3.1/../../../../arm-none-eabi/lib/thumb/v7e-m+fp/hard/libc_nano.a(libc_a-memset.o)
 .debug_frame   0x0000000000005144       0x2c /Applications/STM32CubeIDE.app/Contents/Eclipse/plugins/com.st.stm32cube.ide.mcu.externaltools.gnu-tools-for-stm32.11.3.rel1.macos64_1.1.0.202305231506/tools/bin/../lib/gcc/arm-none-eabi/11.3.1/../../../../arm-none-eabi/lib/thumb/v7e-m+fp/hard/libc_nano.a(libc_a-init.o)
 .debug_frame   0x0000000000005170       0x20 /Applications/STM32CubeIDE.app/Contents/Eclipse/plugins/com.st.stm32cube.ide.mcu.externaltools.gnu-tools-for-stm32.11.3.rel1.macos64_1.1.0.202305231506/tools/bin/../lib/gcc/arm-none-eabi/11.3.1/../../../../arm-none-eabi/lib/thumb/v7e-m+fp/hard/libm.a(libm_a-sf_round.o)
 .debug_frame   0x0000000000005190       0x30 /Applications/STM32CubeIDE.app/Contents/Eclipse/plugins/com.st.stm32cube.ide.mcu.externaltools.gnu-tools-for-stm32.11.3.rel1.macos64_1.1.0.202305231506/tools/bin/../lib/gcc/arm-none-eabi/11.3.1/thumb/v7e-m+fp/hard/libgcc.a(_arm_muldf3.o)
 .debug_frame   0x00000000000051c0       0xac /Applications/STM32CubeIDE.app/Contents/Eclipse/plugins/com.st.stm32cube.ide.mcu.externaltools.gnu-tools-for-stm32.11.3.rel1.macos64_1.1.0.202305231506/tools/bin/../lib/gcc/arm-none-eabi/11.3.1/thumb/v7e-m+fp/hard/libgcc.a(_arm_addsubdf3.o)
 .debug_frame   0x000000000000526c       0x24 /Applications/STM32CubeIDE.app/Contents/Eclipse/plugins/com.st.stm32cube.ide.mcu.externaltools.gnu-tools-for-stm32.11.3.rel1.macos64_1.1.0.202305231506/tools/bin/../lib/gcc/arm-none-eabi/11.3.1/thumb/v7e-m+fp/hard/libgcc.a(_arm_truncdfsf2.o)

.debug_line_str
                0x0000000000000000       0x67
 .debug_line_str
                0x0000000000000000       0x67 ./Core/Startup/startup_stm32l4s5vitx.o
                                         0x7f (size before relaxing)

.debug_loc      0x0000000000000000       0xfa
 .debug_loc     0x0000000000000000       0xfa /Users/mihailcalitoiu/STM32CubeIDE/workspace_1.13.1/Lab3/Core/Lib/libarm_cortexM4lf_math.a(arm_sin_f32.o)

.debug_ranges   0x0000000000000000       0x10
 .debug_ranges  0x0000000000000000       0x10 /Users/mihailcalitoiu/STM32CubeIDE/workspace_1.13.1/Lab3/Core/Lib/libarm_cortexM4lf_math.a(arm_sin_f32.o)
