../Core/Src/main.c:118:5:main	208	static
../Core/Src/main.c:224:6:SystemClock_Config	96	static
../Core/Src/main.c:272:13:MX_I2C2_Init	8	static
../Core/Src/main.c:317:13:MX_OCTOSPI1_Init	32	static
../Core/Src/main.c:363:13:MX_USART1_UART_Init	8	static
../Core/Src/main.c:408:13:MX_GPIO_Init	40	static
../Core/Src/main.c:430:6:calculate	40	static
../Core/Src/main.c:461:6:calculateMulti	72	static
../Core/Src/main.c:560:6:buttonControl	120	static
../Core/Src/main.c:605:6:transmitData	176	static
../Core/Src/main.c:915:6:readData	152	static
../Core/Src/main.c:1183:6:HAL_TIM_PeriodElapsedCallback	16	static
../Core/Src/main.c:1199:6:Error_Handler	112	static,ignoring_inline_asm
